<area shape="rect" href="$tlm__fifo_8h.html" title="C:/ESLX/projects/TLMWG/tlm2/include/tlm_h/tlm_core/tlm_fifo/tlm_fifo.h" alt="" coords="1129,80,1580,107">
<area shape="rect" href="$tlm__req__rsp__channels_8h.html" title="C:/ESLX/projects/TLMWG/tlm2/include/tlm_h/tlm_core/tlm_req_rsp/tlm_req_rsp_channels.h" alt="" coords="5,155,571,181">
<area shape="rect" href="$tlm__fifo__peek_8h.html" title="C:/ESLX/projects/TLMWG/tlm2/include/tlm_h/tlm_core/tlm_fifo/tlm_fifo_peek.h" alt="" coords="595,155,1080,181">
<area shape="rect" href="$tlm__fifo__put__get_8h.html" title="C:/ESLX/projects/TLMWG/tlm2/include/tlm_h/tlm_core/tlm_fifo/tlm_fifo_put_get.h" alt="" coords="1104,155,1605,181">
<area shape="rect" href="$tlm__fifo__resize_8h.html" title="C:/ESLX/projects/TLMWG/tlm2/include/tlm_h/tlm_core/tlm_fifo/tlm_fifo_resize.h" alt="" coords="1629,155,2123,181">
<area shape="rect" href="$tlm__core_8h.html" title="C:/ESLX/projects/TLMWG/tlm2/include/tlm_h/tlm_core/tlm_core.h" alt="" coords="83,229,493,256">
<area shape="rect" href="$tlm_8h.html" title="C:/ESLX/projects/TLMWG/tlm2/include/tlm.h" alt="" coords="145,304,431,331">
