<area shape="rect" id="node46" href="$classtlm_1_1tlm__analysis__fifo.html" title="tlm::tlm_analysis_fifo\&lt; T \&gt;" alt="" coords="1356,207,1529,235">
<area shape="rect" id="node2" href="$classtlm_1_1tlm__fifo__get__if.html" title="tlm::tlm_fifo_get_if\&lt; T \&gt;" alt="" coords="981,182,1139,210">
<area shape="rect" id="node4" href="$classtlm_1_1tlm__get__peek__if.html" title="tlm::tlm_get_peek_if\&lt; T \&gt;" alt="" coords="764,106,932,134">
<area shape="rect" id="node6" href="$classtlm_1_1tlm__get__if.html" title="tlm::tlm_get_if\&lt; T \&gt;" alt="" coords="525,106,659,134">
<area shape="rect" id="node8" href="$classtlm_1_1tlm__blocking__get__if.html" title="tlm::tlm_blocking_get_if\&lt; T \&gt;" alt="" coords="216,157,405,185">
<area shape="rect" id="node23" href="$classtlm_1_1tlm__blocking__get__peek__if.html" title="tlm::tlm_blocking_get_peek_if\&lt; T \&gt;" alt="" coords="480,157,704,185">
<area shape="rect" id="node10" href="$classsc__core_1_1sc__interface.html" title="sc_core::sc_interface" alt="" coords="7,157,151,185">
<area shape="rect" id="node12" href="$classtlm_1_1tlm__nonblocking__get__if.html" title="tlm::tlm_nonblocking_get_if\&lt; T \&gt;" alt="" coords="205,55,416,83">
<area shape="rect" id="node17" href="$classtlm_1_1tlm__blocking__peek__if.html" title="tlm::tlm_blocking_peek_if\&lt; T \&gt;" alt="" coords="211,106,411,134">
<area shape="rect" id="node20" href="$classtlm_1_1tlm__nonblocking__peek__if.html" title="tlm::tlm_nonblocking_peek_if\&lt; T \&gt;" alt="" coords="201,5,420,33">
<area shape="rect" id="node31" href="$classtlm_1_1tlm__fifo__debug__if.html" title="tlm::tlm_fifo_debug_if\&lt; T \&gt;" alt="" coords="505,207,679,235">
<area shape="rect" id="node38" href="$classtlm_1_1tlm__blocking__put__if.html" title="tlm::tlm_blocking_put_if\&lt; T \&gt;" alt="" coords="216,258,405,286">
<area shape="rect" id="node41" href="$classtlm_1_1tlm__nonblocking__put__if.html" title="tlm::tlm_nonblocking_put_if\&lt; T \&gt;" alt="" coords="205,309,416,337">
<area shape="rect" id="node27" href="$classtlm_1_1tlm__nonblocking__get__peek__if.html" title="tlm::tlm_nonblocking_get_peek_if\&lt; T \&gt;" alt="" coords="469,5,715,33">
<area shape="rect" id="node15" href="$classtlm_1_1tlm__peek__if.html" title="tlm::tlm_peek_if\&lt; T \&gt;" alt="" coords="520,55,664,83">
<area shape="rect" id="node34" href="$classtlm_1_1tlm__fifo__put__if.html" title="tlm::tlm_fifo_put_if\&lt; T \&gt;" alt="" coords="769,233,927,261">
<area shape="rect" id="node36" href="$classtlm_1_1tlm__put__if.html" title="tlm::tlm_put_if\&lt; T \&gt;" alt="" coords="525,258,659,286">
