<area shape="rect" href="$classtlm_1_1tlm__generic__payload.html#56d9cf62de27f45e93a45bf5c144c288" title="tlm::tlm_generic_payload::get_address" alt="" coords="409,5,695,32">
<area shape="rect" href="$classtlm_1_1tlm__generic__payload.html#76711646a3572d111dc6d80769e55158" title="tlm::tlm_generic_payload::get_byte_enable_length" alt="" coords="368,56,736,83">
<area shape="rect" href="$classtlm_1_1tlm__generic__payload.html#7298ffbdfdfff7b938d5d91ed27bb113" title="tlm::tlm_generic_payload::get_command" alt="" coords="403,107,701,133">
<area shape="rect" href="$classtlm_1_1tlm__generic__payload.html#e1e9ec21a8dddd5fbf612d41814f54d7" title="tlm::tlm_generic_payload::get_data_length" alt="" coords="395,157,709,184">
<area shape="rect" href="$classtlm_1_1tlm__generic__payload.html#76330603b91d20a74c04489f1d5b2c34" title="tlm::tlm_generic_payload::get_response_status" alt="" coords="380,208,724,235">
<area shape="rect" href="$classtlm_1_1tlm__generic__payload.html#8cc2025a351f5fa8cf3e91a03a089a81" title="tlm::tlm_generic_payload::get_streaming_width" alt="" coords="380,259,724,285">
<area shape="rect" href="$classtlm_1_1tlm__generic__payload.html#79c68321052dcc98bf04eb2caea592aa" title="tlm::tlm_generic_payload::has_mm" alt="" coords="423,309,681,336">
<area shape="rect" href="$classtlm_1_1tlm__generic__payload.html#cf9895cd80b70cab8df0ee45aaa8b23e" title="tlm::tlm_generic_payload::is_dmi_allowed" alt="" coords="403,360,701,387">
<area shape="rect" href="$classtlm_1_1tlm__generic__payload.html#9a228eacd0c64c70fec8151a83d769d2" title="tlm::tlm_generic_payload::set_auto_extension" alt="" coords="384,411,720,437">
<area shape="rect" href="$classtlm_1_1tlm__generic__payload.html#736d6fe355b64be5280ba32386566163" title="tlm::tlm_generic_payload::set_extension" alt="" coords="403,461,701,488">
<area shape="rect" href="$classtlm_1_1tlm__array.html#681299d913fbd36b95af2a1e7f3ecabe" title="tlm::tlm_array::size" alt="" coords="475,512,629,539">
