<area shape="rect" href="$classtlm__annotated__nonblocking__put__if.html" title="tlm_annotated_nonblocking_put_if\&lt; RSP \&gt;" alt="" coords="859,31,1136,57">
<area shape="rect" href="$classtlm__nonblocking__put__if.html" title="tlm_nonblocking_put_if\&lt; RSP \&gt;" alt="" coords="529,5,740,32">
<area shape="rect" href="$classsc__interface.html" title="sc_interface" alt="" coords="7,157,100,184">
<area shape="rect" href="$classtlm__nonblocking__get__if.html" title="tlm_nonblocking_get_if\&lt; REQ \&gt;" alt="" coords="185,81,396,108">
<area shape="rect" href="$classtlm__nonblocking__peek__if.html" title="tlm_nonblocking_peek_if\&lt; REQ \&gt;" alt="" coords="180,132,401,159">
<area shape="rect" href="$classtlm__core_1_1tlm__nonblocking__put__if.html" title="tlm_core::tlm_nonblocking_put_if\&lt; RSP \&gt;" alt="" coords="500,208,769,235">
<area shape="rect" href="$classtlm__core_1_1tlm__nonblocking__get__if.html" title="tlm_core::tlm_nonblocking_get_if\&lt; REQ \&gt;" alt="" coords="156,233,425,260">
<area shape="rect" href="$classtlm__core_1_1tlm__nonblocking__peek__if.html" title="tlm_core::tlm_nonblocking_peek_if\&lt; REQ \&gt;" alt="" coords="151,284,431,311">
<area shape="rect" href="$classtlm__annotated__nonblocking__get__peek__if.html" title="tlm_annotated_nonblocking_get_peek_if\&lt; REQ \&gt;" alt="" coords="840,107,1155,133">
<area shape="rect" href="$classtlm__annotated__nonblocking__get__if.html" title="tlm_annotated_nonblocking_get_if\&lt; REQ \&gt;" alt="" coords="496,56,773,83">
<area shape="rect" href="$classtlm__nonblocking__get__peek__if.html" title="tlm_nonblocking_get_peek_if\&lt; REQ \&gt;" alt="" coords="511,107,759,133">
<area shape="rect" href="$classtlm__core_1_1tlm__nonblocking__slave__if.html" title="tlm_core::tlm_nonblocking_slave_if\&lt; REQ, RSP \&gt;" alt="" coords="839,208,1156,235">
<area shape="rect" href="$classtlm__core_1_1tlm__nonblocking__get__peek__if.html" title="tlm_core::tlm_nonblocking_get_peek_if\&lt; REQ \&gt;" alt="" coords="481,259,788,285">
