<area shape="rect" href="$classtlm__annotated_1_1tlm__annotated__slave__if.html" title="tlm_annotated::tlm_annotated_slave_if\&lt; REQ, RSP \&gt;" alt="" coords="1497,309,1836,336">
<area shape="rect" href="$classtlm__annotated__slave__if.html" title="tlm_annotated_slave_if\&lt; REQ, RSP \&gt;" alt="" coords="1543,360,1791,387">
<area shape="rect" href="$classtlm__core_1_1tlm__put__if.html" title="tlm_core::tlm_put_if\&lt; RSP \&gt;" alt="" coords="539,56,731,83">
<area shape="rect" href="$classtlm__core_1_1tlm__blocking__put__if.html" title="tlm_core::tlm_blocking_put_if\&lt; T \&gt;" alt="" coords="177,5,404,32">
<area shape="rect" href="$classsc__interface.html" title="sc_interface" alt="" coords="7,284,100,311">
<area shape="rect" href="$classtlm__core_1_1tlm__nonblocking__put__if.html" title="tlm_core::tlm_nonblocking_put_if\&lt; T \&gt;" alt="" coords="165,56,416,83">
<area shape="rect" href="$classtlm__core_1_1tlm__blocking__get__if.html" title="tlm_core::tlm_blocking_get_if\&lt; T \&gt;" alt="" coords="177,208,404,235">
<area shape="rect" href="$classtlm__core_1_1tlm__nonblocking__get__if.html" title="tlm_core::tlm_nonblocking_get_if\&lt; T \&gt;" alt="" coords="165,259,416,285">
<area shape="rect" href="$classtlm__core_1_1tlm__blocking__peek__if.html" title="tlm_core::tlm_blocking_peek_if\&lt; T \&gt;" alt="" coords="172,107,409,133">
<area shape="rect" href="$classtlm__core_1_1tlm__nonblocking__peek__if.html" title="tlm_core::tlm_nonblocking_peek_if\&lt; T \&gt;" alt="" coords="161,157,420,184">
<area shape="rect" href="$classtlm__core_1_1tlm__blocking__get__if.html" title="tlm_core::tlm_blocking_get_if\&lt; REQ \&gt;" alt="" coords="167,309,415,336">
<area shape="rect" href="$classtlm__core_1_1tlm__blocking__peek__if.html" title="tlm_core::tlm_blocking_peek_if\&lt; REQ \&gt;" alt="" coords="161,360,420,387">
<area shape="rect" href="$classtlm__core_1_1tlm__nonblocking__get__if.html" title="tlm_core::tlm_nonblocking_get_if\&lt; REQ \&gt;" alt="" coords="156,461,425,488">
<area shape="rect" href="$classtlm__core_1_1tlm__nonblocking__peek__if.html" title="tlm_core::tlm_nonblocking_peek_if\&lt; REQ \&gt;" alt="" coords="151,512,431,539">
<area shape="rect" href="$classtlm__core_1_1tlm__blocking__put__if.html" title="tlm_core::tlm_blocking_put_if\&lt; RSP \&gt;" alt="" coords="511,411,759,437">
<area shape="rect" href="$classtlm__core_1_1tlm__nonblocking__put__if.html" title="tlm_core::tlm_nonblocking_put_if\&lt; RSP \&gt;" alt="" coords="500,537,769,564">
<area shape="rect" href="$classtlm__core_1_1tlm__get__peek__if.html" title="tlm_core::tlm_get_peek_if\&lt; REQ \&gt;" alt="" coords="883,309,1112,336">
<area shape="rect" href="$classtlm__core_1_1tlm__get__if.html" title="tlm_core::tlm_get_if\&lt; REQ \&gt;" alt="" coords="539,259,731,285">
<area shape="rect" href="$classtlm__core_1_1tlm__peek__if.html" title="tlm_core::tlm_peek_if\&lt; REQ \&gt;" alt="" coords="533,157,736,184">
<area shape="rect" href="$classtlm__core_1_1tlm__blocking__get__peek__if.html" title="tlm_core::tlm_blocking_get_peek_if\&lt; REQ \&gt;" alt="" coords="492,335,777,361">
<area shape="rect" href="$classtlm__core_1_1tlm__blocking__slave__if.html" title="tlm_core::tlm_blocking_slave_if\&lt; REQ, RSP \&gt;" alt="" coords="849,360,1145,387">
<area shape="rect" href="$classtlm__core_1_1tlm__nonblocking__get__peek__if.html" title="tlm_core::tlm_nonblocking_get_peek_if\&lt; REQ \&gt;" alt="" coords="481,461,788,488">
<area shape="rect" href="$classtlm__core_1_1tlm__nonblocking__slave__if.html" title="tlm_core::tlm_nonblocking_slave_if\&lt; REQ, RSP \&gt;" alt="" coords="839,461,1156,488">
<area shape="rect" href="$classtlm__annotated__slave__imp.html" title="tlm_annotated_slave_imp\&lt; REQ, RSP \&gt;" alt="" coords="1887,360,2148,387">
