<area shape="rect" href="$classtlm__annotated_1_1tlm__annotated__get__if.html" title="tlm_annotated::tlm_annotated_get_if\&lt; T \&gt;" alt="" coords="680,56,952,83">
<area shape="rect" href="$classtlm__annotated_1_1tlm__annotated__get__if.html" title="tlm_annotated::tlm_annotated_get_if\&lt; REQ \&gt;" alt="" coords="669,259,963,285">
<area shape="rect" href="$classtlm__annotated_1_1tlm__annotated__get__if.html" title="tlm_annotated::tlm_annotated_get_if\&lt; RSP \&gt;" alt="" coords="671,309,961,336">
<area shape="rect" href="$classtlm__annotated__get__if.html" title="tlm_annotated_get_if\&lt; T \&gt;" alt="" coords="727,208,905,235">
<area shape="rect" href="$classtlm__core_1_1tlm__get__peek__if.html" title="tlm_core::tlm_get_peek_if\&lt; T \&gt;" alt="" coords="712,107,920,133">
<area shape="rect" href="$classtlm__core_1_1tlm__get__peek__if.html" title="tlm_core::tlm_get_peek_if\&lt; REQ \&gt;" alt="" coords="701,157,931,184">
<area shape="rect" href="$classtlm__core_1_1tlm__blocking__get__if.html" title="tlm_core::tlm_blocking_get_if\&lt; T \&gt;" alt="" coords="161,157,388,184">
<area shape="rect" href="$classsc__interface.html" title="sc_interface" alt="" coords="7,183,100,209">
<area shape="rect" href="$classtlm__core_1_1tlm__nonblocking__get__if.html" title="tlm_core::tlm_nonblocking_get_if\&lt; T \&gt;" alt="" coords="149,208,400,235">
<area shape="rect" href="$classtlm__annotated_1_1tlm__annotated__get__peek__if.html" title="tlm_annotated::tlm_annotated_get_peek_if\&lt; T \&gt;" alt="" coords="1023,56,1329,83">
<area shape="rect" href="$classtlm__annotated_1_1tlm__annotated__get__peek__if.html" title="tlm_annotated::tlm_annotated_get_peek_if\&lt; REQ \&gt;" alt="" coords="1012,107,1340,133">
<area shape="rect" href="$classtlm__annotated_1_1tlm__annotated__get__peek__if.html" title="tlm_annotated::tlm_annotated_get_peek_if\&lt; RSP \&gt;" alt="" coords="1012,5,1340,32">
<area shape="rect" href="$classtlm__annotated_1_1tlm__annotated__fifo.html" title="tlm_annotated::tlm_annotated_fifo\&lt; T \&gt;" alt="" coords="1437,56,1693,83">
<area shape="rect" href="$classtlm__annotated_1_1tlm__annotated__slave__if.html" title="tlm_annotated::tlm_annotated_slave_if\&lt; REQ, RSP \&gt;" alt="" coords="1396,107,1735,133">
<area shape="rect" href="$classtlm__annotated_1_1tlm__annotated__master__if.html" title="tlm_annotated::tlm_annotated_master_if\&lt; REQ, RSP \&gt;" alt="" coords="1391,5,1740,32">
<area shape="rect" href="$classtlm__annotated__get__peek__if.html" title="tlm_annotated_get_peek_if\&lt; T \&gt;" alt="" coords="1068,208,1284,235">
<area shape="rect" href="$classtlm__annotated__fifo.html" title="tlm_annotated_fifo\&lt; T \&gt;" alt="" coords="1483,208,1648,235">
<area shape="rect" href="$classtlm__core_1_1tlm__slave__if.html" title="tlm_core::tlm_slave_if\&lt; REQ, RSP \&gt;" alt="" coords="1056,157,1296,184">
<area shape="rect" href="$classtlm__annotated__slave__if.html" title="tlm_annotated_slave_if\&lt; REQ, RSP \&gt;" alt="" coords="1441,157,1689,184">
<area shape="rect" href="$classtlm__annotated__slave__imp.html" title="tlm_annotated_slave_imp\&lt; REQ, RSP \&gt;" alt="" coords="1791,157,2052,184">
