<area shape="rect" href="$classtlm__get__peek__if.html" title="tlm_get_peek_if\&lt; T \&gt;" alt="" coords="116,229,265,256">
<area shape="rect" href="$classtlm__blocking__get__if.html" title="tlm_blocking_get_if\&lt; T \&gt;" alt="" coords="5,80,173,107">
<area shape="rect" href="$classsc__interface.html" title="sc_interface" alt="" coords="144,5,237,32">
<area shape="rect" href="$classtlm__nonblocking__get__if.html" title="tlm_nonblocking_get_if\&lt; T \&gt;" alt="" coords="197,80,389,107">
<area shape="rect" href="$classtlm__fifo__get__if.html" title="tlm_fifo_get_if\&lt; T \&gt;" alt="" coords="121,304,260,331">
<area shape="rect" href="$classtlm__fifo.html" title="tlm_fifo\&lt; T \&gt;" alt="" coords="141,379,240,405">
<area shape="rect" href="$classanalysis__fifo.html" title="analysis_fifo\&lt; T \&gt;" alt="" coords="29,453,157,480">
<area shape="rect" href="$classtlm__internal__annotated__fifo.html" title="tlm_internal_annotated_fifo\&lt; T \&gt;" alt="" coords="181,453,397,480">
