<area shape="rect" href="$classtlm_1_1tlm__annotated__get__peek__if.html" title="tlm::tlm_annotated_get_peek_if\&lt; T \&gt;" alt="" coords="33,229,273,256">
<area shape="rect" href="$classtlm_1_1tlm__get__peek__if.html" title="tlm::tlm_get_peek_if\&lt; T \&gt;" alt="" coords="191,155,364,181">
<area shape="rect" href="$classtlm_1_1tlm__blocking__get__if.html" title="tlm::tlm_blocking_get_if\&lt; T \&gt;" alt="" coords="5,5,200,32">
<area shape="rect" href="$classtlm_1_1tlm__blocking__peek__if.html" title="tlm::tlm_blocking_peek_if\&lt; T \&gt;" alt="" coords="224,5,429,32">
<area shape="rect" href="$classtlm_1_1tlm__annotated__fifo.html" title="tlm::tlm_annotated_fifo\&lt; T \&gt;" alt="" coords="59,304,248,331">
<area shape="rect" href="$classtlm_1_1tlm__fifo__get__if.html" title="tlm::tlm_fifo_get_if\&lt; T \&gt;" alt="" coords="297,229,460,256">
<area shape="rect" href="$classtlm_1_1tlm__fifo.html" title="tlm::tlm_fifo\&lt; T \&gt;" alt="" coords="317,304,440,331">
<area shape="rect" href="$classtlm_1_1analysis__fifo.html" title="tlm::analysis_fifo\&lt; T \&gt;" alt="" coords="191,379,345,405">
<area shape="rect" href="$classtlm_1_1tlm__internal__annotated__fifo.html" title="tlm::tlm_internal_annotated_fifo\&lt; T \&gt;" alt="" coords="369,379,609,405">
