<area shape="rect" href="$classtlm_1_1tlm__fifo.html" title="tlm::tlm_fifo\&lt; T \&gt;" alt="" coords="1519,259,1663,285">
<area shape="rect" href="$classtlm_1_1tlm__fifo__get__if.html" title="tlm::tlm_fifo_get_if\&lt; T \&gt;" alt="" coords="1181,208,1371,235">
<area shape="rect" href="$classtlm_1_1tlm__get__peek__if.html" title="tlm::tlm_get_peek_if\&lt; T \&gt;" alt="" coords="932,107,1132,133">
<area shape="rect" href="$classtlm_1_1tlm__get__if.html" title="tlm::tlm_get_if\&lt; T \&gt;" alt="" coords="660,107,820,133">
<area shape="rect" href="$classtlm_1_1tlm__blocking__get__if.html" title="tlm::tlm_blocking_get_if\&lt; T \&gt;" alt="" coords="275,157,496,184">
<area shape="rect" href="$classtlm_1_1tlm__blocking__get__peek__if.html" title="tlm::tlm_blocking_get_peek_if\&lt; T \&gt;" alt="" coords="609,157,871,184">
<area shape="rect" href="$classsc__core_1_1sc__interface.html" title="sc_core::sc_interface" alt="" coords="5,208,173,235">
<area shape="rect" href="$classtlm_1_1tlm__nonblocking__get__if.html" title="tlm::tlm_nonblocking_get_if\&lt; T \&gt;" alt="" coords="263,56,508,83">
<area shape="rect" href="$classtlm_1_1tlm__blocking__peek__if.html" title="tlm::tlm_blocking_peek_if\&lt; T \&gt;" alt="" coords="271,107,500,133">
<area shape="rect" href="$classtlm_1_1tlm__nonblocking__peek__if.html" title="tlm::tlm_nonblocking_peek_if\&lt; T \&gt;" alt="" coords="259,5,512,32">
<area shape="rect" href="$classtlm_1_1tlm__fifo__debug__if.html" title="tlm::tlm_fifo_debug_if\&lt; T \&gt;" alt="" coords="637,208,843,235">
<area shape="rect" href="$classtlm_1_1tlm__blocking__put__if.html" title="tlm::tlm_blocking_put_if\&lt; T \&gt;" alt="" coords="276,309,495,336">
<area shape="rect" href="$classtlm_1_1tlm__nonblocking__put__if.html" title="tlm::tlm_nonblocking_put_if\&lt; T \&gt;" alt="" coords="264,259,507,285">
<area shape="rect" href="$classtlm_1_1tlm__write__if.html" title="tlm::tlm_write_if\&lt; T \&gt;" alt="" coords="300,360,471,387">
<area shape="rect" href="$classtlm_1_1tlm__write__if.html" title="tlm::tlm_write_if\&lt; tlm_analysis_triple\&lt; T \&gt; \&gt;" alt="" coords="223,411,548,437">
<area shape="rect" href="$classtlm_1_1tlm__nonblocking__get__peek__if.html" title="tlm::tlm_nonblocking_get_peek_if\&lt; T \&gt;" alt="" coords="597,5,883,32">
<area shape="rect" href="$classtlm_1_1tlm__peek__if.html" title="tlm::tlm_peek_if\&lt; T \&gt;" alt="" coords="655,56,825,83">
<area shape="rect" href="$classtlm_1_1tlm__fifo__put__if.html" title="tlm::tlm_fifo_put_if\&lt; T \&gt;" alt="" coords="939,259,1125,285">
<area shape="rect" href="$classtlm_1_1tlm__put__if.html" title="tlm::tlm_put_if\&lt; T \&gt;" alt="" coords="660,259,820,285">
<area shape="rect" href="$classtlm_1_1tlm__analysis__if.html" title="tlm::tlm_analysis_if\&lt; T \&gt;" alt="" coords="1181,360,1371,387">
<area shape="rect" href="$classtlm_1_1tlm__analysis__if.html" title="tlm::tlm_analysis_if\&lt; tlm_analysis_triple\&lt; T \&gt; \&gt;" alt="" coords="1419,411,1763,437">
