<area shape="rect" href="$classtlm_1_1tlm__blocking__get__if.html" title="tlm::tlm_blocking_get_if\&lt; GET_DATA \&gt;" alt="" coords="299,208,555,235">
<area shape="rect" href="$classtlm_1_1tlm__blocking__get__if.html" title="tlm::tlm_blocking_get_if\&lt; REQ \&gt;" alt="" coords="319,309,535,336">
<area shape="rect" href="$classtlm_1_1tlm__blocking__get__if.html" title="tlm::tlm_blocking_get_if\&lt; RSP \&gt;" alt="" coords="320,867,533,893">
<area shape="rect" href="$classtlm_1_1tlm__blocking__peek__if.html" title="tlm::tlm_blocking_peek_if\&lt; GET_DATA \&gt;" alt="" coords="293,157,560,184">
<area shape="rect" href="$classtlm_1_1tlm__blocking__peek__if.html" title="tlm::tlm_blocking_peek_if\&lt; REQ \&gt;" alt="" coords="313,259,540,285">
<area shape="rect" href="$classtlm_1_1tlm__blocking__peek__if.html" title="tlm::tlm_blocking_peek_if\&lt; RSP \&gt;" alt="" coords="315,765,539,792">
<area shape="rect" href="$classtlm_1_1tlm__blocking__put__if.html" title="tlm::tlm_blocking_put_if\&lt; PUT_DATA \&gt;" alt="" coords="299,715,555,741">
<area shape="rect" href="$classtlm_1_1tlm__blocking__put__if.html" title="tlm::tlm_blocking_put_if\&lt; REQ \&gt;" alt="" coords="319,563,535,589">
<area shape="rect" href="$classtlm_1_1tlm__blocking__put__if.html" title="tlm::tlm_blocking_put_if\&lt; RSP \&gt;" alt="" coords="320,461,533,488">
<area shape="rect" href="$classtlm_1_1tlm__blocking__transport__if.html" title="tlm::tlm_blocking_transport_if\&lt; TYPES::tlm_payload_type \&gt;" alt="" coords="239,968,615,995">
<area shape="rect" href="$classtlm_1_1tlm__fw__direct__mem__if.html" title="tlm::tlm_fw_direct_mem_if\&lt; TYPES::tlm_dmi_mode_type \&gt;" alt="" coords="240,1019,613,1045">
<area shape="rect" href="$classtlm_1_1tlm__nonblocking__get__if.html" title="tlm::tlm_nonblocking_get_if\&lt; GET_DATA \&gt;" alt="" coords="287,107,567,133">
<area shape="rect" href="$classtlm_1_1tlm__nonblocking__get__if.html" title="tlm::tlm_nonblocking_get_if\&lt; REQ \&gt;" alt="" coords="308,411,545,437">
<area shape="rect" href="$classtlm_1_1tlm__nonblocking__get__if.html" title="tlm::tlm_nonblocking_get_if\&lt; RSP \&gt;" alt="" coords="309,917,544,944">
<area shape="rect" href="$classtlm_1_1tlm__nonblocking__peek__if.html" title="tlm::tlm_nonblocking_peek_if\&lt; GET_DATA \&gt;" alt="" coords="281,56,572,83">
<area shape="rect" href="$classtlm_1_1tlm__nonblocking__peek__if.html" title="tlm::tlm_nonblocking_peek_if\&lt; REQ \&gt;" alt="" coords="303,360,551,387">
<area shape="rect" href="$classtlm_1_1tlm__nonblocking__peek__if.html" title="tlm::tlm_nonblocking_peek_if\&lt; RSP \&gt;" alt="" coords="304,816,549,843">
<area shape="rect" href="$classtlm_1_1tlm__nonblocking__put__if.html" title="tlm::tlm_nonblocking_put_if\&lt; PUT_DATA \&gt;" alt="" coords="288,664,565,691">
<area shape="rect" href="$classtlm_1_1tlm__nonblocking__put__if.html" title="tlm::tlm_nonblocking_put_if\&lt; REQ \&gt;" alt="" coords="308,613,545,640">
<area shape="rect" href="$classtlm_1_1tlm__nonblocking__put__if.html" title="tlm::tlm_nonblocking_put_if\&lt; RSP \&gt;" alt="" coords="309,512,544,539">
<area shape="rect" href="$classtlm_1_1tlm__nonblocking__transport__if.html" title="tlm::tlm_nonblocking_transport_if\&lt; TYPES::tlm_payload_type, TYPES::tlm_phase_type \&gt;" alt="" coords="151,1069,703,1096">
<area shape="rect" href="$classtlm_1_1tlm__write__if.html" title="tlm::tlm_write_if\&lt; tlm::tlm_analysis_triple\&lt; T \&gt; \&gt;" alt="" coords="273,1120,580,1147">
<area shape="rect" href="$classtlm_1_1tlm__blocking__get__peek__if.html" title="tlm::tlm_blocking_get_peek_if\&lt; GET_DATA \&gt;" alt="" coords="769,157,1063,184">
<area shape="rect" href="$classtlm_1_1tlm__get__if.html" title="tlm::tlm_get_if\&lt; GET_DATA \&gt;" alt="" coords="816,107,1016,133">
<area shape="rect" href="$classtlm_1_1tlm__get__peek__if.html" title="tlm::tlm_get_peek_if\&lt; GET_DATA \&gt;" alt="" coords="1157,81,1395,108">
<area shape="rect" href="$classtlm_1_1tlm__blocking__get__peek__if.html" title="tlm::tlm_blocking_get_peek_if\&lt; REQ \&gt;" alt="" coords="791,208,1041,235">
<area shape="rect" href="$classtlm_1_1tlm__get__if.html" title="tlm::tlm_get_if\&lt; REQ \&gt;" alt="" coords="836,309,996,336">
<area shape="rect" href="$classtlm_1_1tlm__blocking__slave__if.html" title="tlm::tlm_blocking_slave_if\&lt; REQ, RSP \&gt;" alt="" coords="1144,373,1408,400">
<area shape="rect" href="$classtlm_1_1tlm__get__peek__if.html" title="tlm::tlm_get_peek_if\&lt; REQ \&gt;" alt="" coords="1179,284,1373,311">
<area shape="rect" href="$classtlm_1_1tlm__blocking__get__peek__if.html" title="tlm::tlm_blocking_get_peek_if\&lt; RSP \&gt;" alt="" coords="791,765,1041,792">
<area shape="rect" href="$classtlm_1_1tlm__get__if.html" title="tlm::tlm_get_if\&lt; RSP \&gt;" alt="" coords="837,917,995,944">
<area shape="rect" href="$classtlm_1_1tlm__blocking__master__if.html" title="tlm::tlm_blocking_master_if\&lt; REQ, RSP \&gt;" alt="" coords="1140,595,1412,621">
<area shape="rect" href="$classtlm_1_1tlm__get__peek__if.html" title="tlm::tlm_get_peek_if\&lt; RSP \&gt;" alt="" coords="1179,841,1373,868">
<area shape="rect" href="$classtlm_1_1tlm__peek__if.html" title="tlm::tlm_peek_if\&lt; GET_DATA \&gt;" alt="" coords="811,56,1021,83">
<area shape="rect" href="$classtlm_1_1tlm__peek__if.html" title="tlm::tlm_peek_if\&lt; REQ \&gt;" alt="" coords="831,259,1001,285">
<area shape="rect" href="$classtlm_1_1tlm__peek__if.html" title="tlm::tlm_peek_if\&lt; RSP \&gt;" alt="" coords="832,816,1000,843">
<area shape="rect" href="$classtlm_1_1tlm__put__if.html" title="tlm::tlm_put_if\&lt; PUT_DATA \&gt;" alt="" coords="816,715,1016,741">
<area shape="rect" href="$classtlm_1_1tlm__put__if.html" title="tlm::tlm_put_if\&lt; REQ \&gt;" alt="" coords="836,613,996,640">
<area shape="rect" href="$classtlm_1_1tlm__put__if.html" title="tlm::tlm_put_if\&lt; RSP \&gt;" alt="" coords="837,461,995,488">
<area shape="rect" href="$classtlm_1_1tlm__fw__b__transport__if.html" title="tlm::tlm_fw_b_transport_if\&lt; TYPES \&gt;" alt="" coords="795,968,1037,995">
<area shape="rect" href="$classtlm_1_1tlm__fw__nb__transport__if.html" title="tlm::tlm_fw_nb_transport_if\&lt; TYPES \&gt;" alt="" coords="791,1019,1041,1045">
<area shape="rect" href="$classtlm_1_1tlm__nonblocking__get__peek__if.html" title="tlm::tlm_nonblocking_get_peek_if\&lt; GET_DATA \&gt;" alt="" coords="759,5,1073,32">
<area shape="rect" href="$classtlm_1_1tlm__nonblocking__get__peek__if.html" title="tlm::tlm_nonblocking_get_peek_if\&lt; REQ \&gt;" alt="" coords="779,360,1053,387">
<area shape="rect" href="$classtlm_1_1tlm__nonblocking__slave__if.html" title="tlm::tlm_nonblocking_slave_if\&lt; REQ, RSP \&gt;" alt="" coords="1133,481,1419,508">
<area shape="rect" href="$classtlm_1_1tlm__nonblocking__get__peek__if.html" title="tlm::tlm_nonblocking_get_peek_if\&lt; RSP \&gt;" alt="" coords="780,867,1052,893">
<area shape="rect" href="$classtlm_1_1tlm__nonblocking__master__if.html" title="tlm::tlm_nonblocking_master_if\&lt; REQ, RSP \&gt;" alt="" coords="1128,740,1424,767">
<area shape="rect" href="$classtlm_1_1tlm__bw__nb__transport__if.html" title="tlm::tlm_bw_nb_transport_if\&lt; TYPES \&gt;" alt="" coords="788,1069,1044,1096">
<area shape="rect" href="$classtlm_1_1tlm__analysis__if.html" title="tlm::tlm_analysis_if\&lt; tlm::tlm_analysis_triple\&lt; T \&gt; \&gt;" alt="" coords="753,1120,1079,1147">
