<area shape="rect" href="$classtlm_1_1tlm__put__get__imp.html" title="tlm::tlm_put_get_imp\&lt; RSP, REQ \&gt;" alt="" coords="1156,208,1391,235">
<area shape="rect" href="$classtlm_1_1tlm__put__if.html" title="tlm::tlm_put_if\&lt; RSP \&gt;" alt="" coords="885,233,1043,260">
<area shape="rect" href="$classtlm_1_1tlm__slave__if.html" title="tlm::tlm_slave_if\&lt; REQ, RSP \&gt;" alt="" coords="1169,157,1377,184">
<area shape="rect" href="$classtlm_1_1tlm__blocking__put__if.html" title="tlm::tlm_blocking_put_if\&lt; RSP \&gt;" alt="" coords="529,259,743,285">
<area shape="rect" href="$classtlm_1_1tlm__blocking__slave__if.html" title="tlm::tlm_blocking_slave_if\&lt; REQ, RSP \&gt;" alt="" coords="832,183,1096,209">
<area shape="rect" href="$classsc__core_1_1sc__interface.html" title="sc_core::sc_interface" alt="" coords="7,132,153,159">
<area shape="rect" href="$classtlm_1_1tlm__nonblocking__put__if.html" title="tlm::tlm_nonblocking_put_if\&lt; RSP \&gt;" alt="" coords="519,208,753,235">
<area shape="rect" href="$classtlm_1_1tlm__blocking__get__if.html" title="tlm::tlm_blocking_get_if\&lt; REQ \&gt;" alt="" coords="219,107,435,133">
<area shape="rect" href="$classtlm_1_1tlm__nonblocking__get__if.html" title="tlm::tlm_nonblocking_get_if\&lt; REQ \&gt;" alt="" coords="208,5,445,32">
<area shape="rect" href="$classtlm_1_1tlm__blocking__peek__if.html" title="tlm::tlm_blocking_peek_if\&lt; REQ \&gt;" alt="" coords="213,157,440,184">
<area shape="rect" href="$classtlm_1_1tlm__nonblocking__peek__if.html" title="tlm::tlm_nonblocking_peek_if\&lt; REQ \&gt;" alt="" coords="203,56,451,83">
<area shape="rect" href="$classtlm_1_1tlm__nonblocking__slave__if.html" title="tlm::tlm_nonblocking_slave_if\&lt; REQ, RSP \&gt;" alt="" coords="821,132,1107,159">
<area shape="rect" href="$classtlm_1_1tlm__get__peek__if.html" title="tlm::tlm_get_peek_if\&lt; REQ \&gt;" alt="" coords="867,81,1061,108">
<area shape="rect" href="$classtlm_1_1tlm__get__if.html" title="tlm::tlm_get_if\&lt; REQ \&gt;" alt="" coords="556,5,716,32">
<area shape="rect" href="$classtlm_1_1tlm__blocking__get__peek__if.html" title="tlm::tlm_blocking_get_peek_if\&lt; REQ \&gt;" alt="" coords="511,157,761,184">
<area shape="rect" href="$classtlm_1_1tlm__nonblocking__get__peek__if.html" title="tlm::tlm_nonblocking_get_peek_if\&lt; REQ \&gt;" alt="" coords="499,56,773,83">
<area shape="rect" href="$classtlm_1_1tlm__peek__if.html" title="tlm::tlm_peek_if\&lt; REQ \&gt;" alt="" coords="551,107,721,133">
