<area shape="rect" href="$classtlm_1_1tlm__put__get__imp.html" title="tlm::tlm_put_get_imp\&lt; RSP, REQ \&gt;" alt="" coords="1209,185,1444,212">
<area shape="rect" href="$classtlm_1_1tlm__put__if.html" title="tlm::tlm_put_if\&lt; RSP \&gt;" alt="" coords="893,64,1051,91">
<area shape="rect" href="$classtlm_1_1tlm__slave__if.html" title="tlm::tlm_slave_if\&lt; REQ, RSP \&gt;" alt="" coords="1223,119,1431,145">
<area shape="rect" href="$classtlm_1_1tlm__blocking__put__if.html" title="tlm::tlm_blocking_put_if\&lt; RSP \&gt;" alt="" coords="535,75,748,101">
<area shape="rect" href="$classtlm_1_1tlm__blocking__slave__if.html" title="tlm::tlm_blocking_slave_if\&lt; REQ, RSP \&gt;" alt="" coords="840,131,1104,157">
<area shape="rect" href="$classsc__core_1_1sc__interface.html" title="sc_core::sc_interface" alt="" coords="7,160,153,187">
<area shape="rect" href="$classtlm_1_1tlm__nonblocking__put__if.html" title="tlm::tlm_nonblocking_put_if\&lt; RSP \&gt;" alt="" coords="524,24,759,51">
<area shape="rect" href="$classtlm_1_1tlm__blocking__get__if.html" title="tlm::tlm_blocking_get_if\&lt; REQ \&gt;" alt="" coords="221,288,437,315">
<area shape="rect" href="$classtlm_1_1tlm__nonblocking__get__if.html" title="tlm::tlm_nonblocking_get_if\&lt; REQ \&gt;" alt="" coords="211,132,448,159">
<area shape="rect" href="$classtlm_1_1tlm__blocking__peek__if.html" title="tlm::tlm_blocking_peek_if\&lt; REQ \&gt;" alt="" coords="216,237,443,264">
<area shape="rect" href="$classtlm_1_1tlm__nonblocking__peek__if.html" title="tlm::tlm_nonblocking_peek_if\&lt; REQ \&gt;" alt="" coords="205,183,453,209">
<area shape="rect" href="$classtlm_1_1tlm__nonblocking__slave__if.html" title="tlm::tlm_nonblocking_slave_if\&lt; REQ, RSP \&gt;" alt="" coords="829,5,1115,32">
<area shape="rect" href="$classtlm_1_1tlm__get__peek__if.html" title="tlm::tlm_get_peek_if\&lt; REQ \&gt;" alt="" coords="875,221,1069,248">
<area shape="rect" href="$classtlm_1_1tlm__get__if.html" title="tlm::tlm_get_if\&lt; REQ \&gt;" alt="" coords="561,195,721,221">
<area shape="rect" href="$classtlm_1_1tlm__blocking__get__peek__if.html" title="tlm::tlm_blocking_get_peek_if\&lt; REQ \&gt;" alt="" coords="516,305,767,332">
<area shape="rect" href="$classtlm_1_1tlm__nonblocking__get__peek__if.html" title="tlm::tlm_nonblocking_get_peek_if\&lt; REQ \&gt;" alt="" coords="504,137,779,164">
<area shape="rect" href="$classtlm_1_1tlm__peek__if.html" title="tlm::tlm_peek_if\&lt; REQ \&gt;" alt="" coords="556,245,727,272">
