<area shape="rect" href="$classtlm_1_1tlm__generic__payload.html#465e5b08194660aa0b66d4e8219fa887" title="tlm::tlm_generic_payload::set_byte_enable_length" alt="" coords="299,5,619,32">
<area shape="rect" href="$classtlm_1_1tlm__generic__payload.html#b63813ac1a576d2b1eba29893bbf827a" title="tlm::tlm_generic_payload::set_byte_enable_ptr" alt="" coords="309,56,608,83">
<area shape="rect" href="$classtlm_1_1tlm__generic__payload.html#03a1359e212624b834b64ac4b36a82ba" title="tlm::tlm_generic_payload::set_data_ptr" alt="" coords="332,107,585,133">
<area shape="rect" href="$classtlm_1_1tlm__generic__payload.html#736d6fe355b64be5280ba32386566163" title="tlm::tlm_generic_payload::set_extension" alt="" coords="328,157,589,184">
<area shape="rect" href="$classtlm_1_1tlm__generic__payload.html#6ba51f19440df501fabdb272a288b963" title="tlm::tlm_generic_payload::tlm_generic_payload" alt="" coords="308,208,609,235">
<area shape="rect" href="$classtlm_1_1tlm__generic__payload.html#0f66e9fc193d584ba8acbf6837549f41" title="tlm::tlm_generic_payload::resize_extensions" alt="" coords="667,157,952,184">
<area shape="rect" href="$namespacetlm.html#7f2c785b0e0977a11392783465b31981" title="tlm::max_num_extensions" alt="" coords="1000,157,1179,184">
