<area shape="rect" href="$classtlm__blocking__get__peek__if.html" title="tlm_blocking_get_peek_if\&lt; T \&gt;" alt="" coords="379,93,584,120">
<area shape="rect" href="$classtlm__peek__if.html" title="tlm_peek_if\&lt; T \&gt;" alt="" coords="420,43,543,69">
<area shape="rect" href="$classtlm__peek__if.html" title="tlm_peek_if\&lt; REQ \&gt;" alt="" coords="409,144,553,171">
<area shape="rect" href="$classsc__interface.html" title="sc_interface" alt="" coords="7,93,100,120">
<area shape="rect" href="$classtlm__get__peek__if.html" title="tlm_get_peek_if\&lt; T \&gt;" alt="" coords="643,43,792,69">
<area shape="rect" href="$classtlm__get__peek__if.html" title="tlm_get_peek_if\&lt; REQ \&gt;" alt="" coords="632,119,803,145">
<area shape="rect" href="$classtlm__fifo__get__if.html" title="tlm_fifo_get_if\&lt; T \&gt;" alt="" coords="900,17,1039,44">
<area shape="rect" href="$classtlm__fifo.html" title="tlm_fifo\&lt; T \&gt;" alt="" coords="1225,17,1324,44">
<area shape="rect" href="$classanalysis__fifo.html" title="analysis_fifo\&lt; T \&gt;" alt="" coords="1529,56,1657,83">
<area shape="rect" href="$classtlm__internal__annotated__fifo.html" title="tlm_internal_annotated_fifo\&lt; T \&gt;" alt="" coords="1485,5,1701,32">
<area shape="rect" href="$classtlm__annotated__get__peek__if.html" title="tlm_annotated_get_peek_if\&lt; REQ \&gt;" alt="" coords="851,169,1088,196">
<area shape="rect" href="$classtlm__put__get__imp.html" title="tlm_put_get_imp\&lt; RSP, REQ \&gt;" alt="" coords="864,119,1075,145">
<area shape="rect" href="$classtlm__slave__if.html" title="tlm_slave_if\&lt; REQ, RSP \&gt;" alt="" coords="879,68,1060,95">
<area shape="rect" href="$classtlm__annotated__put__get__imp.html" title="tlm_annotated_put_get_imp\&lt; RSP, REQ \&gt;" alt="" coords="1137,119,1412,145">
<area shape="rect" href="$classtlm__annotated__slave__if.html" title="tlm_annotated_slave_if\&lt; REQ, RSP \&gt;" alt="" coords="1151,169,1399,196">
<area shape="rect" href="$classtlm__annotated__slave__imp.html" title="tlm_annotated_slave_imp\&lt; REQ, RSP \&gt;" alt="" coords="1463,132,1724,159">
<area shape="rect" href="$classtlm__slave__imp.html" title="tlm_slave_imp\&lt; REQ, RSP \&gt;" alt="" coords="1177,68,1372,95">
