<area shape="rect" href="$classtlm__utils_1_1simple__target__socket_1_1fw__process_1_1process__handle__list.html#b5c4012585a3de0db05a0b67b930a6ad" title="tlm_utils::simple_target_socket::fw_process::process_handle_list::get_handle" alt="" coords="493,5,1040,32">
<area shape="rect" href="$classtlm__utils_1_1simple__target__socket_1_1fw__process.html#6484f79f23ad017e470958d0d8d7eb7a" title="tlm_utils::simple_target_socket::fw_process::nb2b_thread" alt="" coords="559,56,975,83">
<area shape="rect" href="$classtlm__utils_1_1simple__target__socket_1_1fw__process_1_1process__handle__list.html#45de1020b33b8a968ed1d631e025a15c" title="tlm_utils::simple_target_socket::fw_process::process_handle_list::put_handle" alt="" coords="495,107,1039,133">
<area shape="rect" href="$classtlm__utils_1_1simple__target__socket.html#391fb6f29ec13ffb63f763c0281b8c42" title="tlm_utils::simple_target_socket::bw_nb_transport" alt="" coords="1089,56,1447,83">
<area shape="rect" href="$classtlm_1_1tlm__bw__nonblocking__transport__if.html#3ec41ec9ff402632fae2d9a2c7f91022" title="tlm::tlm_bw_nonblocking_transport_if::nb_transport_bw" alt="" coords="1851,31,2245,57">
<area shape="rect" href="$classtlm_1_1tlm__base__target__socket.html#b5cd0be9b3dbab76ca9f0bb1fba45d07" title="tlm::tlm_base_target_socket\&lt; BUSWIDTH, tlm_fw_transport_if\&lt; TYPES \&gt;, tlm_bw_transport_if\&lt; TYPES \&gt;, 1,sc_core::SC_ONE_OR_MORE_BOUND \&gt;::operator&#45;\&gt;" alt="" coords="1496,81,2600,108">
