<area shape="rect" href="$classtlm__core_1_1tlm__blocking__get__peek__if.html" title="tlm_core::tlm_blocking_get_peek_if\&lt; T \&gt;" alt="" coords="448,259,712,285">
<area shape="rect" href="$classtlm__core_1_1tlm__blocking__get__peek__if.html" title="tlm_core::tlm_blocking_get_peek_if\&lt; RSP \&gt;" alt="" coords="439,56,721,83">
<area shape="rect" href="$classtlm__core_1_1tlm__peek__if.html" title="tlm_core::tlm_peek_if\&lt; T \&gt;" alt="" coords="489,360,671,387">
<area shape="rect" href="$classsc__interface.html" title="sc_interface" alt="" coords="7,259,100,285">
<area shape="rect" href="$classtlm__annotated_1_1tlm__annotated__get__peek__if.html" title="tlm_annotated::tlm_annotated_get_peek_if\&lt; T \&gt;" alt="" coords="1137,360,1444,387">
<area shape="rect" href="$classtlm__annotated_1_1tlm__annotated__get__peek__if.html" title="tlm_annotated::tlm_annotated_get_peek_if\&lt; REQ \&gt;" alt="" coords="1127,436,1455,463">
<area shape="rect" href="$classtlm__annotated_1_1tlm__annotated__get__peek__if.html" title="tlm_annotated::tlm_annotated_get_peek_if\&lt; RSP \&gt;" alt="" coords="1127,183,1455,209">
<area shape="rect" href="$classtlm__annotated__get__peek__if.html" title="tlm_annotated_get_peek_if\&lt; T \&gt;" alt="" coords="1183,309,1399,336">
<area shape="rect" href="$classtlm__core_1_1tlm__get__peek__if.html" title="tlm_core::tlm_get_peek_if\&lt; T \&gt;" alt="" coords="820,360,1028,387">
<area shape="rect" href="$classtlm__annotated_1_1tlm__annotated__fifo.html" title="tlm_annotated::tlm_annotated_fifo\&lt; T \&gt;" alt="" coords="1552,360,1808,387">
<area shape="rect" href="$classtlm__annotated_1_1tlm__annotated__slave__if.html" title="tlm_annotated::tlm_annotated_slave_if\&lt; REQ, RSP \&gt;" alt="" coords="1511,461,1849,488">
<area shape="rect" href="$classtlm__annotated_1_1tlm__annotated__master__if.html" title="tlm_annotated::tlm_annotated_master_if\&lt; REQ, RSP \&gt;" alt="" coords="1505,132,1855,159">
<area shape="rect" href="$classtlm__annotated__fifo.html" title="tlm_annotated_fifo\&lt; T \&gt;" alt="" coords="1597,309,1763,336">
<area shape="rect" href="$classtlm__core_1_1tlm__blocking__master__if.html" title="tlm_core::tlm_blocking_master_if\&lt; REQ, RSP \&gt;" alt="" coords="771,5,1077,32">
<area shape="rect" href="$classtlm__core_1_1tlm__get__peek__if.html" title="tlm_core::tlm_get_peek_if\&lt; RSP \&gt;" alt="" coords="811,56,1037,83">
<area shape="rect" href="$classtlm__core_1_1tlm__master__if.html" title="tlm_core::tlm_master_if\&lt; REQ, RSP \&gt;" alt="" coords="1165,56,1416,83">
<area shape="rect" href="$classtlm__annotated__master__if.html" title="tlm_annotated_master_if\&lt; REQ, RSP \&gt;" alt="" coords="1551,56,1809,83">
<area shape="rect" href="$classtlm__annotated__master__imp.html" title="tlm_annotated_master_imp\&lt; REQ, RSP \&gt;" alt="" coords="1905,56,2177,83">
<area shape="rect" href="$classtlm__core_1_1tlm__get__peek__if.html" title="tlm_core::tlm_get_peek_if\&lt; REQ \&gt;" alt="" coords="809,563,1039,589">
<area shape="rect" href="$classtlm__core_1_1tlm__slave__if.html" title="tlm_core::tlm_slave_if\&lt; REQ, RSP \&gt;" alt="" coords="1171,512,1411,539">
<area shape="rect" href="$classtlm__annotated__slave__if.html" title="tlm_annotated_slave_if\&lt; REQ, RSP \&gt;" alt="" coords="1556,512,1804,539">
<area shape="rect" href="$classtlm__annotated__slave__imp.html" title="tlm_annotated_slave_imp\&lt; REQ, RSP \&gt;" alt="" coords="1911,512,2172,539">
