<area shape="rect" href="$classtlm__annotated_1_1tlm__annotated__get__peek__if.html" title="tlm_annotated::tlm_annotated_get_peek_if\&lt; T \&gt;" alt="" coords="980,5,1287,32">
<area shape="rect" href="$classtlm__annotated_1_1tlm__annotated__get__peek__if.html" title="tlm_annotated::tlm_annotated_get_peek_if\&lt; REQ \&gt;" alt="" coords="969,201,1297,228">
<area shape="rect" href="$classtlm__annotated_1_1tlm__annotated__get__peek__if.html" title="tlm_annotated::tlm_annotated_get_peek_if\&lt; RSP \&gt;" alt="" coords="969,81,1297,108">
<area shape="rect" href="$classtlm__annotated__get__peek__if.html" title="tlm_annotated_get_peek_if\&lt; T \&gt;" alt="" coords="1025,144,1241,171">
<area shape="rect" href="$classtlm__core_1_1tlm__get__peek__if.html" title="tlm_core::tlm_get_peek_if\&lt; T \&gt;" alt="" coords="701,100,909,127">
<area shape="rect" href="$classtlm__core_1_1tlm__get__peek__if.html" title="tlm_core::tlm_get_peek_if\&lt; REQ \&gt;" alt="" coords="691,252,920,279">
<area shape="rect" href="$classtlm__core_1_1tlm__blocking__peek__if.html" title="tlm_core::tlm_blocking_peek_if\&lt; T \&gt;" alt="" coords="161,100,399,127">
<area shape="rect" href="$classsc__interface.html" title="sc_interface" alt="" coords="7,125,100,152">
<area shape="rect" href="$classtlm__core_1_1tlm__nonblocking__peek__if.html" title="tlm_core::tlm_nonblocking_peek_if\&lt; T \&gt;" alt="" coords="151,151,409,177">
<area shape="rect" href="$classtlm__annotated_1_1tlm__annotated__fifo.html" title="tlm_annotated::tlm_annotated_fifo\&lt; T \&gt;" alt="" coords="1395,5,1651,32">
<area shape="rect" href="$classtlm__annotated_1_1tlm__annotated__slave__if.html" title="tlm_annotated::tlm_annotated_slave_if\&lt; REQ, RSP \&gt;" alt="" coords="1353,201,1692,228">
<area shape="rect" href="$classtlm__annotated_1_1tlm__annotated__master__if.html" title="tlm_annotated::tlm_annotated_master_if\&lt; REQ, RSP \&gt;" alt="" coords="1348,81,1697,108">
<area shape="rect" href="$classtlm__annotated__fifo.html" title="tlm_annotated_fifo\&lt; T \&gt;" alt="" coords="1440,144,1605,171">
<area shape="rect" href="$classtlm__core_1_1tlm__slave__if.html" title="tlm_core::tlm_slave_if\&lt; REQ, RSP \&gt;" alt="" coords="1013,252,1253,279">
<area shape="rect" href="$classtlm__annotated__slave__if.html" title="tlm_annotated_slave_if\&lt; REQ, RSP \&gt;" alt="" coords="1399,252,1647,279">
<area shape="rect" href="$classtlm__annotated__slave__imp.html" title="tlm_annotated_slave_imp\&lt; REQ, RSP \&gt;" alt="" coords="1748,252,2009,279">
