<area shape="rect" href="$classtlm_1_1tlm__annotated__slave__if.html" title="tlm::tlm_annotated_slave_if\&lt; REQ, RSP \&gt;" alt="" coords="1640,56,1915,83">
<area shape="rect" href="$classtlm_1_1tlm__annotated__nonblocking__put__if.html" title="tlm::tlm_annotated_nonblocking_put_if\&lt; RSP \&gt;" alt="" coords="871,5,1172,32">
<area shape="rect" href="$classtlm_1_1tlm__nonblocking__put__if.html" title="tlm::tlm_nonblocking_put_if\&lt; RSP \&gt;" alt="" coords="533,5,768,32">
<area shape="rect" href="$classtlm_1_1tlm__nonblocking__slave__if.html" title="tlm::tlm_nonblocking_slave_if\&lt; REQ, RSP \&gt;" alt="" coords="879,56,1164,83">
<area shape="rect" href="$classsc__core_1_1sc__interface.html" title="sc_core::sc_interface" alt="" coords="7,56,153,83">
<area shape="rect" href="$classtlm_1_1tlm__nonblocking__get__if.html" title="tlm::tlm_nonblocking_get_if\&lt; REQ \&gt;" alt="" coords="208,107,445,133">
<area shape="rect" href="$classtlm_1_1tlm__nonblocking__peek__if.html" title="tlm::tlm_nonblocking_peek_if\&lt; REQ \&gt;" alt="" coords="203,56,451,83">
<area shape="rect" href="$classtlm_1_1tlm__annotated__nonblocking__get__peek__if.html" title="tlm::tlm_annotated_nonblocking_get_peek_if\&lt; REQ \&gt;" alt="" coords="852,107,1191,133">
<area shape="rect" href="$classtlm_1_1tlm__annotated__nonblocking__get__if.html" title="tlm::tlm_annotated_nonblocking_get_if\&lt; REQ \&gt;" alt="" coords="499,157,803,184">
<area shape="rect" href="$classtlm_1_1tlm__nonblocking__get__peek__if.html" title="tlm::tlm_nonblocking_get_peek_if\&lt; REQ \&gt;" alt="" coords="513,107,788,133">
<area shape="rect" href="$classtlm_1_1tlm__annotated__slave__imp.html" title="tlm::tlm_annotated_slave_imp\&lt; REQ, RSP \&gt;" alt="" coords="1964,56,2252,83">
