<area shape="rect" href="$classtlm_1_1tlm__annotated__nonblocking__get__peek__if.html" title="tlm::tlm_annotated_nonblocking_get_peek_if\&lt; T \&gt;" alt="" coords="584,5,904,32">
<area shape="rect" href="$classtlm_1_1tlm__nonblocking__get__peek__if.html" title="tlm::tlm_nonblocking_get_peek_if\&lt; T \&gt;" alt="" coords="283,56,536,83">
<area shape="rect" href="$classtlm_1_1tlm__peek__if.html" title="tlm::tlm_peek_if\&lt; T \&gt;" alt="" coords="335,107,484,133">
<area shape="rect" href="$classtlm_1_1tlm__annotated__get__peek__if.html" title="tlm::tlm_annotated_get_peek_if\&lt; T \&gt;" alt="" coords="953,81,1193,108">
<area shape="rect" href="$classtlm_1_1tlm__get__peek__if.html" title="tlm::tlm_get_peek_if\&lt; T \&gt;" alt="" coords="657,56,831,83">
<area shape="rect" href="$classtlm_1_1tlm__fifo__get__if.html" title="tlm::tlm_fifo_get_if\&lt; T \&gt;" alt="" coords="992,31,1155,57">
<area shape="rect" href="$classtlm_1_1tlm__fifo.html" title="tlm::tlm_fifo\&lt; T \&gt;" alt="" coords="1244,31,1367,57">
