<area shape="rect" href="$classtlm_1_1tlm__annotated__put__get__imp.html" title="tlm::tlm_annotated_put_get_imp\&lt; REQ, RSP \&gt;" alt="" coords="1649,109,1951,136">
<area shape="rect" href="$classtlm_1_1tlm__annotated__put__if.html" title="tlm::tlm_annotated_put_if\&lt; REQ \&gt;" alt="" coords="1305,59,1532,85">
<area shape="rect" href="$classtlm_1_1tlm__annotated__master__if.html" title="tlm::tlm_annotated_master_if\&lt; REQ, RSP \&gt;" alt="" coords="1659,160,1941,187">
<area shape="rect" href="$classtlm_1_1tlm__blocking__put__if.html" title="tlm::tlm_blocking_put_if\&lt; REQ \&gt;" alt="" coords="543,33,759,60">
<area shape="rect" href="$classtlm_1_1tlm__put__if.html" title="tlm::tlm_put_if\&lt; REQ \&gt;" alt="" coords="940,33,1100,60">
<area shape="rect" href="$classtlm_1_1tlm__blocking__master__if.html" title="tlm::tlm_blocking_master_if\&lt; REQ, RSP \&gt;" alt="" coords="884,135,1156,161">
<area shape="rect" href="$classsc__core_1_1sc__interface.html" title="sc_core::sc_interface" alt="" coords="7,248,153,275">
<area shape="rect" href="$classtlm_1_1tlm__nonblocking__put__if.html" title="tlm::tlm_nonblocking_put_if\&lt; REQ \&gt;" alt="" coords="532,96,769,123">
<area shape="rect" href="$classtlm_1_1tlm__blocking__get__if.html" title="tlm::tlm_blocking_get_if\&lt; RSP \&gt;" alt="" coords="220,223,433,249">
<area shape="rect" href="$classtlm_1_1tlm__nonblocking__get__if.html" title="tlm::tlm_nonblocking_get_if\&lt; RSP \&gt;" alt="" coords="209,273,444,300">
<area shape="rect" href="$classtlm_1_1tlm__blocking__peek__if.html" title="tlm::tlm_blocking_peek_if\&lt; RSP \&gt;" alt="" coords="215,324,439,351">
<area shape="rect" href="$classtlm_1_1tlm__nonblocking__peek__if.html" title="tlm::tlm_nonblocking_peek_if\&lt; RSP \&gt;" alt="" coords="204,400,449,427">
<area shape="rect" href="$classtlm_1_1tlm__annotated__nonblocking__put__if.html" title="tlm::tlm_annotated_nonblocking_put_if\&lt; REQ \&gt;" alt="" coords="868,84,1172,111">
<area shape="rect" href="$classtlm_1_1tlm__annotated__nonblocking__master__if.html" title="tlm::tlm_annotated_nonblocking_master_if\&lt; REQ, RSP \&gt;" alt="" coords="1237,211,1600,237">
<area shape="rect" href="$classtlm_1_1tlm__nonblocking__master__if.html" title="tlm::tlm_nonblocking_master_if\&lt; REQ, RSP \&gt;" alt="" coords="872,185,1168,212">
<area shape="rect" href="$classtlm_1_1tlm__put__get__imp.html" title="tlm::tlm_put_get_imp\&lt; REQ, RSP \&gt;" alt="" coords="1301,109,1536,136">
<area shape="rect" href="$classtlm_1_1tlm__master__if.html" title="tlm::tlm_master_if\&lt; REQ, RSP \&gt;" alt="" coords="1311,160,1527,187">
<area shape="rect" href="$classtlm_1_1tlm__annotated__get__peek__if.html" title="tlm::tlm_annotated_get_peek_if\&lt; RSP \&gt;" alt="" coords="1288,287,1549,313">
<area shape="rect" href="$classtlm_1_1tlm__annotated__get__if.html" title="tlm::tlm_annotated_get_if\&lt; RSP \&gt;" alt="" coords="908,236,1132,263">
<area shape="rect" href="$classtlm_1_1tlm__get__if.html" title="tlm::tlm_get_if\&lt; RSP \&gt;" alt="" coords="572,223,729,249">
<area shape="rect" href="$classtlm_1_1tlm__blocking__get__peek__if.html" title="tlm::tlm_blocking_get_peek_if\&lt; RSP \&gt;" alt="" coords="525,273,776,300">
<area shape="rect" href="$classtlm_1_1tlm__annotated__nonblocking__get__if.html" title="tlm::tlm_annotated_nonblocking_get_if\&lt; RSP \&gt;" alt="" coords="500,324,801,351">
<area shape="rect" href="$classtlm_1_1tlm__annotated__nonblocking__get__peek__if.html" title="tlm::tlm_annotated_nonblocking_get_peek_if\&lt; RSP \&gt;" alt="" coords="851,388,1189,415">
<area shape="rect" href="$classtlm_1_1tlm__nonblocking__get__peek__if.html" title="tlm::tlm_nonblocking_get_peek_if\&lt; RSP \&gt;" alt="" coords="515,375,787,401">
<area shape="rect" href="$classtlm_1_1tlm__get__peek__if.html" title="tlm::tlm_get_peek_if\&lt; RSP \&gt;" alt="" coords="923,287,1117,313">
<area shape="rect" href="$classtlm_1_1tlm__peek__if.html" title="tlm::tlm_peek_if\&lt; RSP \&gt;" alt="" coords="567,425,735,452">
