<area shape="rect" href="$classtlm_1_1tlm__generic__payload.html#56d9cf62de27f45e93a45bf5c144c288" title="tlm::tlm_generic_payload::get_address" alt="" coords="369,5,620,32">
<area shape="rect" href="$classtlm_1_1tlm__generic__payload.html#76711646a3572d111dc6d80769e55158" title="tlm::tlm_generic_payload::get_byte_enable_length" alt="" coords="335,56,655,83">
<area shape="rect" href="$classtlm_1_1tlm__generic__payload.html#7298ffbdfdfff7b938d5d91ed27bb113" title="tlm::tlm_generic_payload::get_command" alt="" coords="363,107,627,133">
<area shape="rect" href="$classtlm_1_1tlm__generic__payload.html#e1e9ec21a8dddd5fbf612d41814f54d7" title="tlm::tlm_generic_payload::get_data_length" alt="" coords="357,157,632,184">
<area shape="rect" href="$classtlm_1_1tlm__generic__payload.html#76330603b91d20a74c04489f1d5b2c34" title="tlm::tlm_generic_payload::get_response_status" alt="" coords="344,208,645,235">
<area shape="rect" href="$classtlm_1_1tlm__generic__payload.html#8cc2025a351f5fa8cf3e91a03a089a81" title="tlm::tlm_generic_payload::get_streaming_width" alt="" coords="344,259,645,285">
<area shape="rect" href="$classtlm_1_1tlm__generic__payload.html#23ed13399ac36a59a354bc08e69cfb09" title="tlm::tlm_generic_payload::has_mm" alt="" coords="380,309,609,336">
<area shape="rect" href="$classtlm_1_1tlm__generic__payload.html#cf9895cd80b70cab8df0ee45aaa8b23e" title="tlm::tlm_generic_payload::is_dmi_allowed" alt="" coords="360,360,629,387">
<area shape="rect" href="$classtlm_1_1tlm__generic__payload.html#9a228eacd0c64c70fec8151a83d769d2" title="tlm::tlm_generic_payload::set_auto_extension" alt="" coords="348,411,641,437">
<area shape="rect" href="$classtlm_1_1tlm__generic__payload.html#736d6fe355b64be5280ba32386566163" title="tlm::tlm_generic_payload::set_extension" alt="" coords="364,461,625,488">
