<area shape="rect" href="$classtlm__utils_1_1simple__target__socket__tagged_1_1fw__process_1_1process__handle__list.html#445777e6dfbc080ba5868b3b2dd86e17" title="tlm_utils::simple_target_socket_tagged::fw_process::process_handle_list::get_handle" alt="" coords="488,5,1016,32">
<area shape="rect" href="$classtlm__utils_1_1simple__target__socket__tagged_1_1fw__process.html#8e4468d12fd3d9194684e81898a7789b" title="tlm_utils::simple_target_socket_tagged::fw_process::nb2b_thread" alt="" coords="547,56,957,83">
<area shape="rect" href="$classtlm__utils_1_1simple__target__socket__tagged_1_1fw__process_1_1process__handle__list.html#e82b7fd68344dd17d0e891da1fdf8337" title="tlm_utils::simple_target_socket_tagged::fw_process::process_handle_list::put_handle" alt="" coords="488,107,1016,133">
<area shape="rect" href="$classtlm__utils_1_1simple__target__socket__tagged.html#a3aed4d146d25317e034f486b814c067" title="tlm_utils::simple_target_socket_tagged::bw_nb_transport" alt="" coords="1065,56,1425,83">
