<area shape="rect" href="$classtlm__annotated_1_1tlm__annotated__nonblocking__slave__if.html" title="tlm_annotated::tlm_annotated_nonblocking_slave_if\&lt; RSP \&gt;" alt="" coords="848,19,1229,45">
<area shape="rect" href="$classtlm__annotated_1_1tlm__annotated__put__if.html" title="tlm_annotated::tlm_annotated_put_if\&lt; T \&gt;" alt="" coords="903,95,1175,121">
<area shape="rect" href="$classtlm__annotated_1_1tlm__annotated__put__if.html" title="tlm_annotated::tlm_annotated_put_if\&lt; REQ \&gt;" alt="" coords="892,145,1185,172">
<area shape="rect" href="$classtlm__core_1_1tlm__nonblocking__put__if.html" title="tlm_core::tlm_nonblocking_put_if\&lt; T \&gt;" alt="" coords="149,95,400,121">
<area shape="rect" href="$classsc__interface.html" title="sc_interface" alt="" coords="7,95,100,121">
<area shape="rect" href="$classtlm__annotated_1_1tlm__annotated__slave__if.html" title="tlm_annotated::tlm_annotated_slave_if\&lt; REQ, RSP \&gt;" alt="" coords="1279,5,1617,32">
<area shape="rect" href="$classtlm__annotated_1_1tlm__annotated__fifo.html" title="tlm_annotated::tlm_annotated_fifo\&lt; T \&gt;" alt="" coords="1320,56,1576,83">
<area shape="rect" href="$classtlm__annotated_1_1tlm__annotated__master__if.html" title="tlm_annotated::tlm_annotated_master_if\&lt; REQ \&gt;" alt="" coords="1291,107,1605,133">
<area shape="rect" href="$classtlm__annotated_1_1tlm__annotated__slave__if.html" title="tlm_annotated::tlm_annotated_slave_if\&lt; RSP \&gt;" alt="" coords="1296,157,1600,184">
