<area shape="rect" href="$classtlm_1_1tlm__fifo__get__if.html" title="tlm::tlm_fifo_get_if\&lt; T \&gt;" alt="" coords="809,81,972,108">
<area shape="rect" href="$classtlm_1_1tlm__get__if.html" title="tlm::tlm_get_if\&lt; T \&gt;" alt="" coords="340,5,479,32">
<area shape="rect" href="$classtlm_1_1tlm__blocking__get__if.html" title="tlm::tlm_blocking_get_if\&lt; T \&gt;" alt="" coords="23,5,217,32">
<area shape="rect" href="$classtlm_1_1tlm__blocking__get__peek__if.html" title="tlm::tlm_blocking_get_peek_if\&lt; T \&gt;" alt="" coords="295,56,524,83">
<area shape="rect" href="$classtlm_1_1tlm__nonblocking__get__if.html" title="tlm::tlm_nonblocking_get_if\&lt; T \&gt;" alt="" coords="12,56,228,83">
<area shape="rect" href="$classtlm_1_1tlm__nonblocking__get__peek__if.html" title="tlm::tlm_nonblocking_get_peek_if\&lt; T \&gt;" alt="" coords="283,107,536,133">
<area shape="rect" href="$classtlm_1_1tlm__peek__if.html" title="tlm::tlm_peek_if\&lt; T \&gt;" alt="" coords="335,157,484,184">
<area shape="rect" href="$classtlm_1_1tlm__blocking__peek__if.html" title="tlm::tlm_blocking_peek_if\&lt; T \&gt;" alt="" coords="17,107,223,133">
<area shape="rect" href="$classtlm_1_1tlm__nonblocking__peek__if.html" title="tlm::tlm_nonblocking_peek_if\&lt; T \&gt;" alt="" coords="7,157,233,184">
<area shape="rect" href="$classtlm_1_1tlm__fifo.html" title="tlm::tlm_fifo\&lt; T \&gt;" alt="" coords="1023,81,1145,108">
<area shape="rect" href="$classtlm_1_1tlm__analysis__fifo.html" title="tlm::tlm_analysis_fifo\&lt; T \&gt;" alt="" coords="1196,81,1375,108">
