<area shape="rect" href="$classtlm_1_1tlm__annotated__nonblocking__put__if.html" title="tlm::tlm_annotated_nonblocking_put_if\&lt; T \&gt;" alt="" coords="5,80,288,107">
<area shape="rect" href="$classtlm_1_1tlm__put__if.html" title="tlm::tlm_put_if\&lt; T \&gt;" alt="" coords="312,80,451,107">
<area shape="rect" href="$classtlm_1_1tlm__annotated__put__if.html" title="tlm::tlm_annotated_put_if\&lt; T \&gt;" alt="" coords="57,155,263,181">
<area shape="rect" href="$classtlm_1_1tlm__annotated__fifo.html" title="tlm::tlm_annotated_fifo\&lt; T \&gt;" alt="" coords="65,229,255,256">
<area shape="rect" href="$classtlm_1_1tlm__fifo__put__if.html" title="tlm::tlm_fifo_put_if\&lt; T \&gt;" alt="" coords="300,155,463,181">
<area shape="rect" href="$classtlm_1_1tlm__fifo.html" title="tlm::tlm_fifo\&lt; T \&gt;" alt="" coords="320,229,443,256">
<area shape="rect" href="$classtlm_1_1analysis__fifo.html" title="tlm::analysis_fifo\&lt; T \&gt;" alt="" coords="193,304,348,331">
<area shape="rect" href="$classtlm_1_1tlm__internal__annotated__fifo.html" title="tlm::tlm_internal_annotated_fifo\&lt; T \&gt;" alt="" coords="372,304,612,331">
