<area shape="rect" href="$classtlm_1_1tlm__annotated__put__if.html" title="tlm::tlm_annotated_put_if\&lt; T \&gt;" alt="" coords="11,155,216,181">
<area shape="rect" href="$classtlm_1_1tlm__fifo__put__if.html" title="tlm::tlm_fifo_put_if\&lt; T \&gt;" alt="" coords="240,155,403,181">
<area shape="rect" href="$classtlm_1_1tlm__blocking__put__if.html" title="tlm::tlm_blocking_put_if\&lt; T \&gt;" alt="" coords="5,5,200,32">
<area shape="rect" href="$classtlm_1_1tlm__nonblocking__put__if.html" title="tlm::tlm_nonblocking_put_if\&lt; T \&gt;" alt="" coords="224,5,440,32">
<area shape="rect" href="$classtlm_1_1tlm__annotated__fifo.html" title="tlm::tlm_annotated_fifo\&lt; T \&gt;" alt="" coords="19,229,208,256">
<area shape="rect" href="$classtlm_1_1tlm__fifo.html" title="tlm::tlm_fifo\&lt; T \&gt;" alt="" coords="260,229,383,256">
<area shape="rect" href="$classtlm_1_1analysis__fifo.html" title="tlm::analysis_fifo\&lt; T \&gt;" alt="" coords="133,304,288,331">
<area shape="rect" href="$classtlm_1_1tlm__internal__annotated__fifo.html" title="tlm::tlm_internal_annotated_fifo\&lt; T \&gt;" alt="" coords="312,304,552,331">
