<area shape="rect" href="$classtlm__annotated_1_1tlm__annotated__nonblocking__put__if.html" title="tlm_annotated::tlm_annotated_nonblocking_put_if\&lt; RSP \&gt;" alt="" coords="905,31,1273,57">
<area shape="rect" href="$classtlm__core_1_1tlm__nonblocking__put__if.html" title="tlm_core::tlm_nonblocking_put_if\&lt; T \&gt;" alt="" coords="527,5,777,32">
<area shape="rect" href="$classsc__interface.html" title="sc_interface" alt="" coords="7,107,100,133">
<area shape="rect" href="$classtlm__core_1_1tlm__nonblocking__get__if.html" title="tlm_core::tlm_nonblocking_get_if\&lt; T \&gt;" alt="" coords="159,107,409,133">
<area shape="rect" href="$classtlm__core_1_1tlm__nonblocking__peek__if.html" title="tlm_core::tlm_nonblocking_peek_if\&lt; REQ \&gt;" alt="" coords="512,56,792,83">
<area shape="rect" href="$classtlm__core_1_1tlm__nonblocking__peek__if.html" title="tlm_core::tlm_nonblocking_peek_if\&lt; T \&gt;" alt="" coords="155,157,413,184">
<area shape="rect" href="$classtlm__core_1_1tlm__nonblocking__put__if.html" title="tlm_core::tlm_nonblocking_put_if\&lt; RSP \&gt;" alt="" coords="149,208,419,235">
<area shape="rect" href="$classtlm__annotated_1_1tlm__annotated__nonblocking__get__peek__if.html" title="tlm_annotated::tlm_annotated_nonblocking_get_peek_if\&lt; REQ \&gt;" alt="" coords="887,107,1292,133">
<area shape="rect" href="$classtlm__annotated_1_1tlm__annotated__nonblocking__get__if.html" title="tlm_annotated::tlm_annotated_nonblocking_get_if\&lt; REQ \&gt;" alt="" coords="467,107,837,133">
<area shape="rect" href="$classtlm__core_1_1tlm__nonblocking__get__peek__if.html" title="tlm_core::tlm_nonblocking_get_peek_if\&lt; REQ \&gt;" alt="" coords="499,157,805,184">
<area shape="rect" href="$classtlm__core_1_1tlm__nonblocking__slave__if.html" title="tlm_core::tlm_nonblocking_slave_if\&lt; REQ, RSP \&gt;" alt="" coords="931,157,1248,184">
