<area shape="rect" href="$classtlm__get__peek__if.html" title="tlm_get_peek_if\&lt; T \&gt;" alt="" coords="681,107,831,133">
<area shape="rect" href="$classtlm__get__if.html" title="tlm_get_if\&lt; T \&gt;" alt="" coords="459,56,571,83">
<area shape="rect" href="$classtlm__blocking__get__if.html" title="tlm_blocking_get_if\&lt; T \&gt;" alt="" coords="167,107,335,133">
<area shape="rect" href="$classtlm__blocking__get__peek__if.html" title="tlm_blocking_get_peek_if\&lt; T \&gt;" alt="" coords="412,157,617,184">
<area shape="rect" href="$classsc__interface.html" title="sc_interface" alt="" coords="7,107,100,133">
<area shape="rect" href="$classtlm__nonblocking__get__if.html" title="tlm_nonblocking_get_if\&lt; T \&gt;" alt="" coords="155,5,347,32">
<area shape="rect" href="$classtlm__blocking__peek__if.html" title="tlm_blocking_peek_if\&lt; T \&gt;" alt="" coords="161,157,340,184">
<area shape="rect" href="$classtlm__nonblocking__peek__if.html" title="tlm_nonblocking_peek_if\&lt; T \&gt;" alt="" coords="151,56,351,83">
<area shape="rect" href="$classtlm__fifo__debug__if.html" title="tlm_fifo_debug_if\&lt; T \&gt;" alt="" coords="677,183,835,209">
<area shape="rect" href="$classtlm__nonblocking__get__peek__if.html" title="tlm_nonblocking_get_peek_if\&lt; T \&gt;" alt="" coords="401,5,628,32">
<area shape="rect" href="$classtlm__peek__if.html" title="tlm_peek_if\&lt; T \&gt;" alt="" coords="453,107,576,133">
