<area shape="rect" href="$classtlm__utils_1_1simple__target__socket__tagged_1_1bw__process.html" title="tlm_utils::simple_target_socket_tagged\&lt; MODULE, BUSWIDTH, TYPES \&gt;::bw_process" alt="" coords="2948,25,3492,52">
<area shape="rect" href="$classtlm__utils_1_1simple__target__socket__tagged_1_1fw__process.html" title="tlm_utils::simple_target_socket_tagged\&lt; MODULE, BUSWIDTH, TYPES \&gt;::fw_process" alt="" coords="2949,208,3491,235">
<area shape="rect" href="$classtlm_1_1tlm__target__socket.html" title="tlm::tlm_target_socket\&lt; BUSWIDTH, TYPES \&gt;" alt="" coords="1627,9,1928,36">
<area shape="rect" href="$classtlm_1_1tlm__base__target__socket.html" title="tlm::tlm_base_target_socket\&lt; BUSWIDTH, tlm::tlm_fw_transport_if\&lt; TYPES \&gt;, tlm::tlm_bw_transport_if\&lt; TYPES \&gt;, 1, sc_core::SC_ONE_OR_MORE_BOUND \&gt;" alt="" coords="456,9,1437,36">
<area shape="rect" href="$classtlm_1_1tlm__base__target__socket__b.html" title="tlm::tlm_base_target_socket_b\&lt; BUSWIDTH, FW_IF, BW_IF \&gt;" alt="" coords="7,9,404,36">
<area shape="rect" href="$classtlm_1_1tlm__bw__transport__if.html" title="tlm::tlm_bw_transport_if\&lt; TYPES \&gt;" alt="" coords="2335,111,2567,137">
<area shape="rect" href="$classtlm_1_1tlm__bw__nonblocking__transport__if.html" title="tlm::tlm_bw_nonblocking_transport_if\&lt; TYPES::tlm_payload_type, TYPES::tlm_phase_type \&gt;" alt="" coords="1489,111,2065,137">
<area shape="rect" href="$classsc__core_1_1sc__interface.html" title="sc_core::sc_interface" alt="" coords="873,212,1020,239">
<area shape="rect" href="$classtlm_1_1tlm__fw__nonblocking__transport__if.html" title="tlm::tlm_fw_nonblocking_transport_if\&lt; TYPES::tlm_payload_type, TYPES::tlm_phase_type \&gt;" alt="" coords="1491,313,2064,340">
<area shape="rect" href="$classtlm_1_1tlm__blocking__transport__if.html" title="tlm::tlm_blocking_transport_if\&lt; TYPES::tlm_payload_type \&gt;" alt="" coords="1589,263,1965,289">
<area shape="rect" href="$classtlm_1_1tlm__fw__direct__mem__if.html" title="tlm::tlm_fw_direct_mem_if\&lt; TYPES::tlm_payload_type \&gt;" alt="" coords="1599,161,1956,188">
<area shape="rect" href="$classtlm_1_1tlm__transport__dbg__if.html" title="tlm::tlm_transport_dbg_if\&lt; TYPES::tlm_payload_type \&gt;" alt="" coords="1603,212,1952,239">
<area shape="rect" href="$classtlm_1_1tlm__bw__direct__mem__if.html" title="tlm::tlm_bw_direct_mem_if" alt="" coords="1687,60,1868,87">
<area shape="rect" href="$classtlm_1_1tlm__fw__transport__if.html" title="tlm::tlm_fw_transport_if\&lt; TYPES \&gt;" alt="" coords="2336,208,2565,235">
<area shape="rect" href="$classtlm_1_1tlm__mm__interface.html" title="tlm::tlm_mm_interface" alt="" coords="2373,259,2528,285">
<area shape="rect" href="$classtlm__utils_1_1simple__target__socket__tagged_1_1fw__process_1_1process__handle__list.html" title="tlm_utils::simple_target_socket_tagged\&lt; MODULE, BUSWIDTH, TYPES \&gt;::fw_process::process_handle_list" alt="" coords="2117,309,2784,336">
