<area shape="rect" href="$classtlm__utils_1_1simple__target__socket.html" title="tlm_utils::simple_target_socket\&lt; MODULE, BUSWIDTH, TYPES \&gt;" alt="" coords="3140,223,3596,249">
<area shape="rect" href="$classtlm_1_1tlm__fw__transport__if.html" title="tlm::tlm_fw_transport_if\&lt; TYPES \&gt;" alt="" coords="1453,208,1709,235">
<area shape="rect" href="$classtlm_1_1tlm__fw__nonblocking__transport__if.html" title="tlm::tlm_fw_nonblocking_transport_if\&lt; TYPES::tlm_payload_type, TYPES::tlm_phase_type \&gt;" alt="" coords="287,259,927,285">
<area shape="rect" href="$classsc__core_1_1sc__interface.html" title="sc_core::sc_interface" alt="" coords="5,208,173,235">
<area shape="rect" href="$classtlm_1_1tlm__blocking__transport__if.html" title="tlm::tlm_blocking_transport_if\&lt; TYPES::tlm_payload_type \&gt;" alt="" coords="395,309,819,336">
<area shape="rect" href="$classtlm_1_1tlm__fw__direct__mem__if.html" title="tlm::tlm_fw_direct_mem_if\&lt; TYPES::tlm_payload_type \&gt;" alt="" coords="404,157,809,184">
<area shape="rect" href="$classtlm_1_1tlm__transport__dbg__if.html" title="tlm::tlm_transport_dbg_if\&lt; TYPES::tlm_payload_type \&gt;" alt="" coords="409,208,804,235">
<area shape="rect" href="$classtlm_1_1tlm__bw__nonblocking__transport__if.html" title="tlm::tlm_bw_nonblocking_transport_if\&lt; TYPES::tlm_payload_type, TYPES::tlm_phase_type \&gt;" alt="" coords="285,56,928,83">
<area shape="rect" href="$classtlm_1_1tlm__mm__interface.html" title="tlm::tlm_mm_interface" alt="" coords="1492,309,1671,336">
<area shape="rect" href="$classtlm__utils_1_1peq__with__get.html" title="tlm_utils::peq_with_get\&lt; transaction_type \&gt;" alt="" coords="1417,132,1745,159">
<area shape="rect" href="$classsc__core_1_1sc__object.html" title="sc_core::sc_object" alt="" coords="532,107,681,133">
<area shape="rect" href="$classtlm__utils_1_1simple__target__socket_1_1bw__process.html" title="tlm_utils::simple_target_socket\&lt; MODULE, BUSWIDTH, TYPES \&gt;::simple_target_socket::bw_process" alt="" coords="3745,175,4447,201">
<area shape="rect" href="$classtlm_1_1tlm__target__socket.html" title="tlm::tlm_target_socket\&lt; BUSWIDTH, TYPES \&gt;" alt="" coords="2477,312,2811,339">
<area shape="rect" href="$classtlm_1_1tlm__base__target__socket.html" title="tlm::tlm_base_target_socket\&lt; BUSWIDTH, tlm_fw_transport_if\&lt; TYPES \&gt;, tlm_bw_transport_if\&lt; TYPES \&gt;, 1,sc_core::SC_ONE_OR_MORE_BOUND \&gt;" alt="" coords="1072,360,2091,387">
<area shape="rect" href="$classtlm_1_1tlm__base__target__socket__b.html" title="tlm::tlm_base_target_socket_b\&lt; BUSWIDTH, tlm_fw_transport_if\&lt; TYPES \&gt;, tlm_bw_transport_if\&lt; TYPES \&gt; \&gt;" alt="" coords="225,360,988,387">
<area shape="rect" href="$classsc__core_1_1sc__export.html" title="sc_core::sc_export\&lt;tlm_fw_transport_if\&lt; TYPES \&gt; \&gt;" alt="" coords="417,411,796,437">
<area shape="rect" href="$classtlm_1_1tlm__bw__transport__if.html" title="tlm::tlm_bw_transport_if\&lt; TYPES \&gt;" alt="" coords="1452,56,1711,83">
<area shape="rect" href="$classtlm_1_1tlm__bw__direct__mem__if.html" title="tlm::tlm_bw_direct_mem_if" alt="" coords="503,5,711,32">
<area shape="rect" href="$classtlm__utils_1_1simple__target__socket_1_1fw__process_1_1process__handle__list.html" title="tlm_utils::simple_target_socket\&lt; MODULE, BUSWIDTH, TYPES \&gt;::simple_target_socket::fw_process::simple_target_socket::fw_process::process_handle_list" alt="" coords="1041,259,2121,285">
