<area shape="rect" href="$classtlm__annotated_1_1tlm__annotated__get__peek__if.html" title="tlm_annotated::tlm_annotated_get_peek_if\&lt; T \&gt;" alt="" coords="1017,5,1324,32">
<area shape="rect" href="$classtlm__annotated_1_1tlm__annotated__get__peek__if.html" title="tlm_annotated::tlm_annotated_get_peek_if\&lt; REQ \&gt;" alt="" coords="1007,68,1335,95">
<area shape="rect" href="$classtlm__annotated_1_1tlm__annotated__get__peek__if.html" title="tlm_annotated::tlm_annotated_get_peek_if\&lt; RSP \&gt;" alt="" coords="1007,144,1335,171">
<area shape="rect" href="$classtlm__annotated__get__peek__if.html" title="tlm_annotated_get_peek_if\&lt; T \&gt;" alt="" coords="1063,201,1279,228">
<area shape="rect" href="$classtlm__core_1_1tlm__get__peek__if.html" title="tlm_core::tlm_get_peek_if\&lt; T \&gt;" alt="" coords="749,103,957,129">
<area shape="rect" href="$classtlm__core_1_1tlm__blocking__get__if.html" title="tlm_core::tlm_blocking_get_if\&lt; T \&gt;" alt="" coords="156,77,383,104">
<area shape="rect" href="$classsc__interface.html" title="sc_interface" alt="" coords="7,103,100,129">
<area shape="rect" href="$classtlm__core_1_1tlm__blocking__peek__if.html" title="tlm_core::tlm_blocking_peek_if\&lt; T \&gt;" alt="" coords="151,128,388,155">
<area shape="rect" href="$classtlm__annotated_1_1tlm__annotated__fifo.html" title="tlm_annotated::tlm_annotated_fifo\&lt; T \&gt;" alt="" coords="1432,5,1688,32">
<area shape="rect" href="$classtlm__annotated_1_1tlm__annotated__slave__if.html" title="tlm_annotated::tlm_annotated_slave_if\&lt; REQ, RSP \&gt;" alt="" coords="1391,68,1729,95">
<area shape="rect" href="$classtlm__annotated_1_1tlm__annotated__master__if.html" title="tlm_annotated::tlm_annotated_master_if\&lt; REQ, RSP \&gt;" alt="" coords="1385,144,1735,171">
<area shape="rect" href="$classtlm__annotated__fifo.html" title="tlm_annotated_fifo\&lt; T \&gt;" alt="" coords="1477,201,1643,228">
