<area shape="rect" href="$classtlm__annotated__put__get__imp.html" title="tlm_annotated_put_get_imp\&lt; RSP, REQ \&gt;" alt="" coords="1948,324,2223,351">
<area shape="rect" href="$classtlm__annotated__put__if.html" title="tlm_annotated_put_if\&lt; RSP \&gt;" alt="" coords="1633,116,1831,143">
<area shape="rect" href="$classtlm__annotated__slave__if.html" title="tlm_annotated_slave_if\&lt; REQ, RSP \&gt;" alt="" coords="1961,383,2209,409">
<area shape="rect" href="$classtlm__blocking__put__if.html" title="tlm_blocking_put_if\&lt; RSP \&gt;" alt="" coords="813,75,1000,101">
<area shape="rect" href="$classtlm__put__if.html" title="tlm_put_if\&lt; RSP \&gt;" alt="" coords="1207,75,1337,101">
<area shape="rect" href="$classsc__interface.html" title="sc_interface" alt="" coords="7,661,100,688">
<area shape="rect" href="$classtlm__nonblocking__put__if.html" title="tlm_nonblocking_put_if\&lt; RSP \&gt;" alt="" coords="801,132,1012,159">
<area shape="rect" href="$classtlm__blocking__get__if.html" title="tlm_blocking_get_if\&lt; REQ \&gt;" alt="" coords="199,265,388,292">
<area shape="rect" href="$classtlm__nonblocking__get__if.html" title="tlm_nonblocking_get_if\&lt; REQ \&gt;" alt="" coords="188,364,399,391">
<area shape="rect" href="$classtlm__blocking__peek__if.html" title="tlm_blocking_peek_if\&lt; REQ \&gt;" alt="" coords="193,431,393,457">
<area shape="rect" href="$classtlm__nonblocking__peek__if.html" title="tlm_nonblocking_peek_if\&lt; REQ \&gt;" alt="" coords="183,481,404,508">
<area shape="rect" href="$classtlm__core_1_1tlm__nonblocking__put__if.html" title="tlm_core::tlm_nonblocking_put_if\&lt; RSP \&gt;" alt="" coords="459,601,728,628">
<area shape="rect" href="$classtlm__core_1_1tlm__nonblocking__get__if.html" title="tlm_core::tlm_nonblocking_get_if\&lt; REQ \&gt;" alt="" coords="159,583,428,609">
<area shape="rect" href="$classtlm__core_1_1tlm__nonblocking__peek__if.html" title="tlm_core::tlm_nonblocking_peek_if\&lt; REQ \&gt;" alt="" coords="153,633,433,660">
<area shape="rect" href="$classtlm__core_1_1tlm__blocking__put__if.html" title="tlm_core::tlm_blocking_put_if\&lt; T \&gt;" alt="" coords="180,684,407,711">
<area shape="rect" href="$classtlm__core_1_1tlm__nonblocking__put__if.html" title="tlm_core::tlm_nonblocking_put_if\&lt; T \&gt;" alt="" coords="168,735,419,761">
<area shape="rect" href="$classtlm__core_1_1tlm__blocking__get__if.html" title="tlm_core::tlm_blocking_get_if\&lt; T \&gt;" alt="" coords="180,785,407,812">
<area shape="rect" href="$classtlm__core_1_1tlm__nonblocking__get__if.html" title="tlm_core::tlm_nonblocking_get_if\&lt; T \&gt;" alt="" coords="168,836,419,863">
<area shape="rect" href="$classtlm__core_1_1tlm__blocking__peek__if.html" title="tlm_core::tlm_blocking_peek_if\&lt; T \&gt;" alt="" coords="175,887,412,913">
<area shape="rect" href="$classtlm__core_1_1tlm__nonblocking__peek__if.html" title="tlm_core::tlm_nonblocking_peek_if\&lt; T \&gt;" alt="" coords="164,937,423,964">
<area shape="rect" href="$classtlm__core_1_1tlm__blocking__get__if.html" title="tlm_core::tlm_blocking_get_if\&lt; REQ \&gt;" alt="" coords="169,988,417,1015">
<area shape="rect" href="$classtlm__core_1_1tlm__blocking__peek__if.html" title="tlm_core::tlm_blocking_peek_if\&lt; REQ \&gt;" alt="" coords="164,1039,423,1065">
<area shape="rect" href="$classtlm__core_1_1tlm__blocking__put__if.html" title="tlm_core::tlm_blocking_put_if\&lt; RSP \&gt;" alt="" coords="469,1080,717,1107">
<area shape="rect" href="$classtlm__annotated__nonblocking__put__if.html" title="tlm_annotated_nonblocking_put_if\&lt; RSP \&gt;" alt="" coords="1133,161,1411,188">
<area shape="rect" href="$classtlm__annotated__nonblocking__slave__if.html" title="tlm_annotated_nonblocking_slave_if\&lt; REQ, RSP \&gt;" alt="" coords="1569,499,1895,525">
<area shape="rect" href="$classtlm__put__get__imp.html" title="tlm_put_get_imp\&lt; RSP, REQ \&gt;" alt="" coords="1627,316,1837,343">
<area shape="rect" href="$classtlm__annotated__get__peek__if.html" title="tlm_annotated_get_peek_if\&lt; REQ \&gt;" alt="" coords="1613,381,1851,408">
<area shape="rect" href="$classtlm__annotated__get__if.html" title="tlm_annotated_get_if\&lt; REQ \&gt;" alt="" coords="1172,224,1372,251">
<area shape="rect" href="$classtlm__get__if.html" title="tlm_get_if\&lt; REQ \&gt;" alt="" coords="840,249,973,276">
<area shape="rect" href="$classtlm__blocking__get__peek__if.html" title="tlm_blocking_get_peek_if\&lt; REQ \&gt;" alt="" coords="793,308,1020,335">
<area shape="rect" href="$classtlm__annotated__nonblocking__get__if.html" title="tlm_annotated_nonblocking_get_if\&lt; REQ \&gt;" alt="" coords="768,375,1045,401">
<area shape="rect" href="$classtlm__annotated__nonblocking__get__peek__if.html" title="tlm_annotated_nonblocking_get_peek_if\&lt; REQ \&gt;" alt="" coords="1115,483,1429,509">
<area shape="rect" href="$classtlm__nonblocking__get__peek__if.html" title="tlm_nonblocking_get_peek_if\&lt; REQ \&gt;" alt="" coords="783,457,1031,484">
<area shape="rect" href="$classtlm__get__peek__if.html" title="tlm_get_peek_if\&lt; REQ \&gt;" alt="" coords="1187,352,1357,379">
<area shape="rect" href="$classtlm__peek__if.html" title="tlm_peek_if\&lt; REQ \&gt;" alt="" coords="835,516,979,543">
<area shape="rect" href="$classtlm__core_1_1tlm__nonblocking__slave__if.html" title="tlm_core::tlm_nonblocking_slave_if\&lt; REQ, RSP \&gt;" alt="" coords="1113,636,1431,663">
<area shape="rect" href="$classtlm__core_1_1tlm__slave__if.html" title="tlm_core::tlm_slave_if\&lt; REQ, RSP \&gt;" alt="" coords="1612,727,1852,753">
<area shape="rect" href="$classtlm__core_1_1tlm__nonblocking__get__peek__if.html" title="tlm_core::tlm_nonblocking_get_peek_if\&lt; REQ \&gt;" alt="" coords="753,669,1060,696">
<area shape="rect" href="$classtlm__core_1_1tlm__get__peek__if.html" title="tlm_core::tlm_get_peek_if\&lt; REQ \&gt;" alt="" coords="1157,815,1387,841">
<area shape="rect" href="$classtlm__core_1_1tlm__put__if.html" title="tlm_core::tlm_put_if\&lt; RSP \&gt;" alt="" coords="811,727,1003,753">
<area shape="rect" href="$classtlm__core_1_1tlm__get__if.html" title="tlm_core::tlm_get_if\&lt; REQ \&gt;" alt="" coords="811,815,1003,841">
<area shape="rect" href="$classtlm__core_1_1tlm__peek__if.html" title="tlm_core::tlm_peek_if\&lt; REQ \&gt;" alt="" coords="805,887,1008,913">
<area shape="rect" href="$classtlm__core_1_1tlm__blocking__get__peek__if.html" title="tlm_core::tlm_blocking_get_peek_if\&lt; REQ \&gt;" alt="" coords="764,988,1049,1015">
<area shape="rect" href="$classtlm__core_1_1tlm__blocking__slave__if.html" title="tlm_core::tlm_blocking_slave_if\&lt; REQ, RSP \&gt;" alt="" coords="1124,988,1420,1015">
