<area shape="rect" href="$classtlm__annotated__put__get__imp.html" title="tlm_annotated_put_get_imp\&lt; RSP, REQ \&gt;" alt="" coords="1583,205,1857,232">
<area shape="rect" href="$classtlm__annotated__put__if.html" title="tlm_annotated_put_if\&lt; RSP \&gt;" alt="" coords="1271,104,1468,131">
<area shape="rect" href="$classtlm__annotated__slave__if.html" title="tlm_annotated_slave_if\&lt; REQ, RSP \&gt;" alt="" coords="1596,256,1844,283">
<area shape="rect" href="$classtlm__blocking__put__if.html" title="tlm_blocking_put_if\&lt; RSP \&gt;" alt="" coords="541,28,728,55">
<area shape="rect" href="$classtlm__put__if.html" title="tlm_put_if\&lt; RSP \&gt;" alt="" coords="932,53,1063,80">
<area shape="rect" href="$classsc__interface.html" title="sc_interface" alt="" coords="7,509,100,536">
<area shape="rect" href="$classtlm__nonblocking__put__if.html" title="tlm_nonblocking_put_if\&lt; RSP \&gt;" alt="" coords="529,79,740,105">
<area shape="rect" href="$classtlm__blocking__get__if.html" title="tlm_blocking_get_if\&lt; REQ \&gt;" alt="" coords="196,231,385,257">
<area shape="rect" href="$classtlm__nonblocking__get__if.html" title="tlm_nonblocking_get_if\&lt; REQ \&gt;" alt="" coords="185,332,396,359">
<area shape="rect" href="$classtlm__blocking__peek__if.html" title="tlm_blocking_peek_if\&lt; REQ \&gt;" alt="" coords="191,180,391,207">
<area shape="rect" href="$classtlm__nonblocking__peek__if.html" title="tlm_nonblocking_peek_if\&lt; REQ \&gt;" alt="" coords="180,281,401,308">
<area shape="rect" href="$classtlm__core_1_1tlm__nonblocking__put__if.html" title="tlm_core::tlm_nonblocking_put_if\&lt; RSP \&gt;" alt="" coords="500,484,769,511">
<area shape="rect" href="$classtlm__core_1_1tlm__nonblocking__get__if.html" title="tlm_core::tlm_nonblocking_get_if\&lt; REQ \&gt;" alt="" coords="156,535,425,561">
<area shape="rect" href="$classtlm__core_1_1tlm__nonblocking__peek__if.html" title="tlm_core::tlm_nonblocking_peek_if\&lt; REQ \&gt;" alt="" coords="151,484,431,511">
<area shape="rect" href="$classtlm__core_1_1tlm__blocking__put__if.html" title="tlm_core::tlm_blocking_put_if\&lt; T \&gt;" alt="" coords="177,940,404,967">
<area shape="rect" href="$classtlm__core_1_1tlm__nonblocking__put__if.html" title="tlm_core::tlm_nonblocking_put_if\&lt; T \&gt;" alt="" coords="165,889,416,916">
<area shape="rect" href="$classtlm__core_1_1tlm__blocking__get__if.html" title="tlm_core::tlm_blocking_get_if\&lt; T \&gt;" alt="" coords="177,737,404,764">
<area shape="rect" href="$classtlm__core_1_1tlm__nonblocking__get__if.html" title="tlm_core::tlm_nonblocking_get_if\&lt; T \&gt;" alt="" coords="165,687,416,713">
<area shape="rect" href="$classtlm__core_1_1tlm__blocking__peek__if.html" title="tlm_core::tlm_blocking_peek_if\&lt; T \&gt;" alt="" coords="172,839,409,865">
<area shape="rect" href="$classtlm__core_1_1tlm__nonblocking__peek__if.html" title="tlm_core::tlm_nonblocking_peek_if\&lt; T \&gt;" alt="" coords="161,788,420,815">
<area shape="rect" href="$classtlm__core_1_1tlm__blocking__get__if.html" title="tlm_core::tlm_blocking_get_if\&lt; REQ \&gt;" alt="" coords="167,636,415,663">
<area shape="rect" href="$classtlm__core_1_1tlm__blocking__peek__if.html" title="tlm_core::tlm_blocking_peek_if\&lt; REQ \&gt;" alt="" coords="161,585,420,612">
<area shape="rect" href="$classtlm__core_1_1tlm__blocking__put__if.html" title="tlm_core::tlm_blocking_put_if\&lt; RSP \&gt;" alt="" coords="511,535,759,561">
<area shape="rect" href="$classtlm__annotated__nonblocking__put__if.html" title="tlm_annotated_nonblocking_put_if\&lt; RSP \&gt;" alt="" coords="859,104,1136,131">
<area shape="rect" href="$classtlm__annotated__nonblocking__slave__if.html" title="tlm_annotated_nonblocking_slave_if\&lt; REQ, RSP \&gt;" alt="" coords="1207,332,1532,359">
<area shape="rect" href="$classtlm__put__get__imp.html" title="tlm_put_get_imp\&lt; RSP, REQ \&gt;" alt="" coords="1264,205,1475,232">
<area shape="rect" href="$classtlm__annotated__get__peek__if.html" title="tlm_annotated_get_peek_if\&lt; REQ \&gt;" alt="" coords="1251,256,1488,283">
<area shape="rect" href="$classtlm__annotated__get__if.html" title="tlm_annotated_get_if\&lt; REQ \&gt;" alt="" coords="897,307,1097,333">
<area shape="rect" href="$classtlm__get__if.html" title="tlm_get_if\&lt; REQ \&gt;" alt="" coords="568,281,701,308">
<area shape="rect" href="$classtlm__blocking__get__peek__if.html" title="tlm_blocking_get_peek_if\&lt; REQ \&gt;" alt="" coords="521,129,748,156">
<area shape="rect" href="$classtlm__annotated__nonblocking__get__if.html" title="tlm_annotated_nonblocking_get_if\&lt; REQ \&gt;" alt="" coords="496,433,773,460">
<area shape="rect" href="$classtlm__annotated__nonblocking__get__peek__if.html" title="tlm_annotated_nonblocking_get_peek_if\&lt; REQ \&gt;" alt="" coords="840,357,1155,384">
<area shape="rect" href="$classtlm__nonblocking__get__peek__if.html" title="tlm_nonblocking_get_peek_if\&lt; REQ \&gt;" alt="" coords="511,332,759,359">
<area shape="rect" href="$classtlm__get__peek__if.html" title="tlm_get_peek_if\&lt; REQ \&gt;" alt="" coords="912,256,1083,283">
<area shape="rect" href="$classtlm__peek__if.html" title="tlm_peek_if\&lt; REQ \&gt;" alt="" coords="563,180,707,207">
<area shape="rect" href="$classtlm__core_1_1tlm__nonblocking__slave__if.html" title="tlm_core::tlm_nonblocking_slave_if\&lt; REQ, RSP \&gt;" alt="" coords="839,509,1156,536">
<area shape="rect" href="$classtlm__core_1_1tlm__slave__if.html" title="tlm_core::tlm_slave_if\&lt; REQ, RSP \&gt;" alt="" coords="1249,572,1489,599">
<area shape="rect" href="$classtlm__core_1_1tlm__nonblocking__get__peek__if.html" title="tlm_core::tlm_nonblocking_get_peek_if\&lt; REQ \&gt;" alt="" coords="481,585,788,612">
<area shape="rect" href="$classtlm__core_1_1tlm__get__peek__if.html" title="tlm_core::tlm_get_peek_if\&lt; REQ \&gt;" alt="" coords="883,636,1112,663">
<area shape="rect" href="$classtlm__core_1_1tlm__put__if.html" title="tlm_core::tlm_put_if\&lt; RSP \&gt;" alt="" coords="539,889,731,916">
<area shape="rect" href="$classtlm__core_1_1tlm__get__if.html" title="tlm_core::tlm_get_if\&lt; REQ \&gt;" alt="" coords="539,687,731,713">
<area shape="rect" href="$classtlm__core_1_1tlm__peek__if.html" title="tlm_core::tlm_peek_if\&lt; REQ \&gt;" alt="" coords="533,788,736,815">
<area shape="rect" href="$classtlm__core_1_1tlm__blocking__get__peek__if.html" title="tlm_core::tlm_blocking_get_peek_if\&lt; REQ \&gt;" alt="" coords="492,636,777,663">
<area shape="rect" href="$classtlm__core_1_1tlm__blocking__slave__if.html" title="tlm_core::tlm_blocking_slave_if\&lt; REQ, RSP \&gt;" alt="" coords="849,572,1145,599">
