<area shape="rect" href="$classtlm__utils_1_1simple__target__socket__tagged_1_1fw__process_1_1process__handle__list.html#bf1d463460ace33f2ab4edb2dade4559" title="tlm_utils::simple_target_socket_tagged::fw_process::process_handle_list::get_handle" alt="" coords="551,5,1151,32">
<area shape="rect" href="$classtlm__utils_1_1simple__target__socket__tagged_1_1fw__process.html#ebab38f31b97751490d134095ff487d0" title="tlm_utils::simple_target_socket_tagged::fw_process::nb2b_thread" alt="" coords="616,56,1085,83">
<area shape="rect" href="$classtlm__utils_1_1simple__target__socket__tagged_1_1fw__process_1_1process__handle__list.html#15327703086c69c8b57812c7f9bbaa00" title="tlm_utils::simple_target_socket_tagged::fw_process::process_handle_list::put_handle" alt="" coords="551,107,1151,133">
<area shape="rect" href="$classtlm__utils_1_1simple__target__socket__tagged.html#a3aed4d146d25317e034f486b814c067" title="tlm_utils::simple_target_socket_tagged::bw_nb_transport" alt="" coords="1200,56,1613,83">
<area shape="rect" href="$classtlm_1_1tlm__bw__nonblocking__transport__if.html#3ec41ec9ff402632fae2d9a2c7f91022" title="tlm::tlm_bw_nonblocking_transport_if::nb_transport_bw" alt="" coords="2016,31,2411,57">
<area shape="rect" href="$classtlm_1_1tlm__base__target__socket.html#b5cd0be9b3dbab76ca9f0bb1fba45d07" title="tlm::tlm_base_target_socket\&lt; BUSWIDTH, tlm_fw_transport_if\&lt; TYPES \&gt;, tlm_bw_transport_if\&lt; TYPES \&gt;, 1,sc_core::SC_ONE_OR_MORE_BOUND \&gt;::operator&#45;\&gt;" alt="" coords="1661,81,2765,108">
