<area shape="rect" href="$classtlm__put__get__imp.html" title="tlm_put_get_imp\&lt; RSP, REQ \&gt;" alt="" coords="1080,287,1291,313">
<area shape="rect" href="$classtlm__put__if.html" title="tlm_put_if\&lt; RSP \&gt;" alt="" coords="791,319,921,345">
<area shape="rect" href="$classtlm__slave__if.html" title="tlm_slave_if\&lt; REQ, RSP \&gt;" alt="" coords="1095,236,1276,263">
<area shape="rect" href="$classtlm__blocking__put__if.html" title="tlm_blocking_put_if\&lt; RSP \&gt;" alt="" coords="457,360,644,387">
<area shape="rect" href="$classtlm__blocking__slave__if.html" title="tlm_blocking_slave_if\&lt; REQ, RSP \&gt;" alt="" coords="737,260,975,287">
<area shape="rect" href="$classsc__interface.html" title="sc_interface" alt="" coords="7,187,100,213">
<area shape="rect" href="$classtlm__nonblocking__put__if.html" title="tlm_nonblocking_put_if\&lt; RSP \&gt;" alt="" coords="445,296,656,323">
<area shape="rect" href="$classtlm__blocking__get__if.html" title="tlm_blocking_get_if\&lt; REQ \&gt;" alt="" coords="169,157,359,184">
<area shape="rect" href="$classtlm__nonblocking__get__if.html" title="tlm_nonblocking_get_if\&lt; REQ \&gt;" alt="" coords="159,107,369,133">
<area shape="rect" href="$classtlm__blocking__peek__if.html" title="tlm_blocking_peek_if\&lt; REQ \&gt;" alt="" coords="164,5,364,32">
<area shape="rect" href="$classtlm__nonblocking__peek__if.html" title="tlm_nonblocking_peek_if\&lt; REQ \&gt;" alt="" coords="153,56,375,83">
<area shape="rect" href="$classtlm__blocking__get__if.html" title="tlm_blocking_get_if\&lt; T \&gt;" alt="" coords="180,208,348,235">
<area shape="rect" href="$classtlm__blocking__peek__if.html" title="tlm_blocking_peek_if\&lt; T \&gt;" alt="" coords="175,259,353,285">
<area shape="rect" href="$classtlm__nonblocking__slave__if.html" title="tlm_nonblocking_slave_if\&lt; REQ, RSP \&gt;" alt="" coords="727,209,985,236">
<area shape="rect" href="$classtlm__get__peek__if.html" title="tlm_get_peek_if\&lt; REQ \&gt;" alt="" coords="771,141,941,168">
<area shape="rect" href="$classtlm__get__if.html" title="tlm_get_if\&lt; REQ \&gt;" alt="" coords="484,163,617,189">
<area shape="rect" href="$classtlm__nonblocking__get__peek__if.html" title="tlm_nonblocking_get_peek_if\&lt; REQ \&gt;" alt="" coords="427,101,675,128">
<area shape="rect" href="$classtlm__peek__if.html" title="tlm_peek_if\&lt; REQ \&gt;" alt="" coords="479,39,623,65">
<area shape="rect" href="$classtlm__blocking__get__peek__if.html" title="tlm_blocking_get_peek_if\&lt; REQ \&gt;" alt="" coords="437,221,664,248">
