<area shape="rect" href="$classtlm__annotated__put__if.html" title="tlm_annotated_put_if\&lt; RSP \&gt;" alt="" coords="899,25,1096,52">
<area shape="rect" href="$classtlm__blocking__put__if.html" title="tlm_blocking_put_if\&lt; RSP \&gt;" alt="" coords="197,25,384,52">
<area shape="rect" href="$classtlm__put__if.html" title="tlm_put_if\&lt; RSP \&gt;" alt="" coords="569,25,700,52">
<area shape="rect" href="$classsc__interface.html" title="sc_interface" alt="" coords="7,507,100,533">
<area shape="rect" href="$classtlm__nonblocking__put__if.html" title="tlm_nonblocking_put_if\&lt; RSP \&gt;" alt="" coords="185,76,396,103">
<area shape="rect" href="$classtlm__blocking__get__if.html" title="tlm_blocking_get_if\&lt; REQ \&gt;" alt="" coords="196,228,385,255">
<area shape="rect" href="$classtlm__nonblocking__get__if.html" title="tlm_nonblocking_get_if\&lt; REQ \&gt;" alt="" coords="185,329,396,356">
<area shape="rect" href="$classtlm__blocking__peek__if.html" title="tlm_blocking_peek_if\&lt; REQ \&gt;" alt="" coords="191,177,391,204">
<area shape="rect" href="$classtlm__nonblocking__peek__if.html" title="tlm_nonblocking_peek_if\&lt; REQ \&gt;" alt="" coords="180,279,401,305">
<area shape="rect" href="$classtlm__core_1_1tlm__nonblocking__put__if.html" title="tlm_core::tlm_nonblocking_put_if\&lt; RSP \&gt;" alt="" coords="500,481,769,508">
<area shape="rect" href="$classtlm__core_1_1tlm__nonblocking__get__if.html" title="tlm_core::tlm_nonblocking_get_if\&lt; REQ \&gt;" alt="" coords="156,431,425,457">
<area shape="rect" href="$classtlm__core_1_1tlm__nonblocking__peek__if.html" title="tlm_core::tlm_nonblocking_peek_if\&lt; REQ \&gt;" alt="" coords="151,481,431,508">
<area shape="rect" href="$classtlm__core_1_1tlm__blocking__put__if.html" title="tlm_core::tlm_blocking_put_if\&lt; T \&gt;" alt="" coords="177,937,404,964">
<area shape="rect" href="$classtlm__core_1_1tlm__nonblocking__put__if.html" title="tlm_core::tlm_nonblocking_put_if\&lt; T \&gt;" alt="" coords="165,887,416,913">
<area shape="rect" href="$classtlm__core_1_1tlm__blocking__get__if.html" title="tlm_core::tlm_blocking_get_if\&lt; T \&gt;" alt="" coords="177,633,404,660">
<area shape="rect" href="$classtlm__core_1_1tlm__nonblocking__get__if.html" title="tlm_core::tlm_nonblocking_get_if\&lt; T \&gt;" alt="" coords="165,684,416,711">
<area shape="rect" href="$classtlm__core_1_1tlm__blocking__peek__if.html" title="tlm_core::tlm_blocking_peek_if\&lt; T \&gt;" alt="" coords="172,532,409,559">
<area shape="rect" href="$classtlm__core_1_1tlm__nonblocking__peek__if.html" title="tlm_core::tlm_nonblocking_peek_if\&lt; T \&gt;" alt="" coords="161,583,420,609">
<area shape="rect" href="$classtlm__core_1_1tlm__blocking__get__if.html" title="tlm_core::tlm_blocking_get_if\&lt; REQ \&gt;" alt="" coords="167,735,415,761">
<area shape="rect" href="$classtlm__core_1_1tlm__blocking__peek__if.html" title="tlm_core::tlm_blocking_peek_if\&lt; REQ \&gt;" alt="" coords="161,785,420,812">
<area shape="rect" href="$classtlm__core_1_1tlm__blocking__put__if.html" title="tlm_core::tlm_blocking_put_if\&lt; RSP \&gt;" alt="" coords="511,811,759,837">
<area shape="rect" href="$classtlm__annotated__nonblocking__put__if.html" title="tlm_annotated_nonblocking_put_if\&lt; RSP \&gt;" alt="" coords="496,76,773,103">
<area shape="rect" href="$classtlm__annotated__nonblocking__slave__if.html" title="tlm_annotated_nonblocking_slave_if\&lt; REQ, RSP \&gt;" alt="" coords="1207,317,1532,344">
<area shape="rect" href="$classtlm__annotated__get__peek__if.html" title="tlm_annotated_get_peek_if\&lt; REQ \&gt;" alt="" coords="1251,253,1488,280">
<area shape="rect" href="$classtlm__annotated__get__if.html" title="tlm_annotated_get_if\&lt; REQ \&gt;" alt="" coords="897,279,1097,305">
<area shape="rect" href="$classtlm__get__if.html" title="tlm_get_if\&lt; REQ \&gt;" alt="" coords="568,279,701,305">
<area shape="rect" href="$classtlm__blocking__get__peek__if.html" title="tlm_blocking_get_peek_if\&lt; REQ \&gt;" alt="" coords="521,127,748,153">
<area shape="rect" href="$classtlm__annotated__nonblocking__get__if.html" title="tlm_annotated_nonblocking_get_if\&lt; REQ \&gt;" alt="" coords="496,431,773,457">
<area shape="rect" href="$classtlm__annotated__nonblocking__get__peek__if.html" title="tlm_annotated_nonblocking_get_peek_if\&lt; REQ \&gt;" alt="" coords="840,329,1155,356">
<area shape="rect" href="$classtlm__nonblocking__get__peek__if.html" title="tlm_nonblocking_get_peek_if\&lt; REQ \&gt;" alt="" coords="511,380,759,407">
<area shape="rect" href="$classtlm__get__peek__if.html" title="tlm_get_peek_if\&lt; REQ \&gt;" alt="" coords="912,228,1083,255">
<area shape="rect" href="$classtlm__peek__if.html" title="tlm_peek_if\&lt; REQ \&gt;" alt="" coords="563,177,707,204">
<area shape="rect" href="$classtlm__core_1_1tlm__nonblocking__slave__if.html" title="tlm_core::tlm_nonblocking_slave_if\&lt; REQ, RSP \&gt;" alt="" coords="839,507,1156,533">
<area shape="rect" href="$classtlm__core_1_1tlm__slave__if.html" title="tlm_core::tlm_slave_if\&lt; REQ, RSP \&gt;" alt="" coords="1249,608,1489,635">
<area shape="rect" href="$classtlm__core_1_1tlm__nonblocking__get__peek__if.html" title="tlm_core::tlm_nonblocking_get_peek_if\&lt; REQ \&gt;" alt="" coords="481,532,788,559">
<area shape="rect" href="$classtlm__core_1_1tlm__get__peek__if.html" title="tlm_core::tlm_get_peek_if\&lt; REQ \&gt;" alt="" coords="883,608,1112,635">
<area shape="rect" href="$classtlm__core_1_1tlm__put__if.html" title="tlm_core::tlm_put_if\&lt; RSP \&gt;" alt="" coords="539,887,731,913">
<area shape="rect" href="$classtlm__core_1_1tlm__get__if.html" title="tlm_core::tlm_get_if\&lt; REQ \&gt;" alt="" coords="539,633,731,660">
<area shape="rect" href="$classtlm__core_1_1tlm__peek__if.html" title="tlm_core::tlm_peek_if\&lt; REQ \&gt;" alt="" coords="533,583,736,609">
<area shape="rect" href="$classtlm__core_1_1tlm__blocking__get__peek__if.html" title="tlm_core::tlm_blocking_get_peek_if\&lt; REQ \&gt;" alt="" coords="492,735,777,761">
<area shape="rect" href="$classtlm__core_1_1tlm__blocking__slave__if.html" title="tlm_core::tlm_blocking_slave_if\&lt; REQ, RSP \&gt;" alt="" coords="849,735,1145,761">
