<area shape="rect" href="$classtlm__annotated__master__imp.html" title="tlm_annotated_master_imp\&lt; REQ, RSP \&gt;" alt="" coords="1903,343,2175,369">
<area shape="rect" href="$classtlm__annotated__put__if.html" title="tlm_annotated_put_if\&lt; REQ \&gt;" alt="" coords="897,57,1097,84">
<area shape="rect" href="$classtlm__blocking__put__if.html" title="tlm_blocking_put_if\&lt; REQ \&gt;" alt="" coords="195,32,384,59">
<area shape="rect" href="$classtlm__put__if.html" title="tlm_put_if\&lt; REQ \&gt;" alt="" coords="564,32,697,59">
<area shape="rect" href="$classsc__interface.html" title="sc_interface" alt="" coords="7,412,100,439">
<area shape="rect" href="$classtlm__nonblocking__put__if.html" title="tlm_nonblocking_put_if\&lt; REQ \&gt;" alt="" coords="184,83,395,109">
<area shape="rect" href="$classtlm__blocking__get__if.html" title="tlm_blocking_get_if\&lt; RSP \&gt;" alt="" coords="196,260,383,287">
<area shape="rect" href="$classtlm__nonblocking__get__if.html" title="tlm_nonblocking_get_if\&lt; RSP \&gt;" alt="" coords="184,387,395,413">
<area shape="rect" href="$classtlm__blocking__peek__if.html" title="tlm_blocking_peek_if\&lt; RSP \&gt;" alt="" coords="191,184,388,211">
<area shape="rect" href="$classtlm__nonblocking__peek__if.html" title="tlm_nonblocking_peek_if\&lt; RSP \&gt;" alt="" coords="179,336,400,363">
<area shape="rect" href="$classtlm__core_1_1tlm__nonblocking__put__if.html" title="tlm_core::tlm_nonblocking_put_if\&lt; REQ \&gt;" alt="" coords="496,691,765,717">
<area shape="rect" href="$classtlm__core_1_1tlm__nonblocking__get__if.html" title="tlm_core::tlm_nonblocking_get_if\&lt; RSP \&gt;" alt="" coords="155,437,424,464">
<area shape="rect" href="$classtlm__core_1_1tlm__nonblocking__peek__if.html" title="tlm_core::tlm_nonblocking_peek_if\&lt; RSP \&gt;" alt="" coords="149,539,429,565">
<area shape="rect" href="$classtlm__core_1_1tlm__blocking__put__if.html" title="tlm_core::tlm_blocking_put_if\&lt; REQ \&gt;" alt="" coords="507,741,755,768">
<area shape="rect" href="$classtlm__core_1_1tlm__blocking__get__if.html" title="tlm_core::tlm_blocking_get_if\&lt; RSP \&gt;" alt="" coords="165,488,413,515">
<area shape="rect" href="$classtlm__core_1_1tlm__blocking__peek__if.html" title="tlm_core::tlm_blocking_peek_if\&lt; RSP \&gt;" alt="" coords="161,589,417,616">
<area shape="rect" href="$classtlm__annotated__nonblocking__put__if.html" title="tlm_annotated_nonblocking_put_if\&lt; REQ \&gt;" alt="" coords="492,83,769,109">
<area shape="rect" href="$classtlm__annotated__nonblocking__master__if.html" title="tlm_annotated_nonblocking_master_if\&lt; REQ, RSP \&gt;" alt="" coords="1211,375,1547,401">
<area shape="rect" href="$classtlm__annotated__get__peek__if.html" title="tlm_annotated_get_peek_if\&lt; RSP \&gt;" alt="" coords="1261,311,1496,337">
<area shape="rect" href="$classtlm__annotated__get__if.html" title="tlm_annotated_get_if\&lt; RSP \&gt;" alt="" coords="899,336,1096,363">
<area shape="rect" href="$classtlm__get__if.html" title="tlm_get_if\&lt; RSP \&gt;" alt="" coords="565,285,696,312">
<area shape="rect" href="$classtlm__blocking__get__peek__if.html" title="tlm_blocking_get_peek_if\&lt; RSP \&gt;" alt="" coords="519,133,743,160">
<area shape="rect" href="$classtlm__annotated__nonblocking__get__if.html" title="tlm_annotated_nonblocking_get_if\&lt; RSP \&gt;" alt="" coords="492,437,769,464">
<area shape="rect" href="$classtlm__annotated__nonblocking__get__peek__if.html" title="tlm_annotated_nonblocking_get_peek_if\&lt; RSP \&gt;" alt="" coords="841,387,1153,413">
<area shape="rect" href="$classtlm__nonblocking__get__peek__if.html" title="tlm_nonblocking_get_peek_if\&lt; RSP \&gt;" alt="" coords="508,387,753,413">
<area shape="rect" href="$classtlm__get__peek__if.html" title="tlm_get_peek_if\&lt; RSP \&gt;" alt="" coords="913,285,1081,312">
<area shape="rect" href="$classtlm__peek__if.html" title="tlm_peek_if\&lt; RSP \&gt;" alt="" coords="560,184,701,211">
<area shape="rect" href="$classtlm__core_1_1tlm__nonblocking__master__if.html" title="tlm_core::tlm_nonblocking_master_if\&lt; REQ, RSP \&gt;" alt="" coords="833,589,1161,616">
<area shape="rect" href="$classtlm__core_1_1tlm__master__if.html" title="tlm_core::tlm_master_if\&lt; REQ, RSP \&gt;" alt="" coords="1253,589,1504,616">
<area shape="rect" href="$classtlm__core_1_1tlm__put__if.html" title="tlm_core::tlm_put_if\&lt; REQ \&gt;" alt="" coords="901,691,1093,717">
<area shape="rect" href="$classtlm__core_1_1tlm__nonblocking__get__peek__if.html" title="tlm_core::tlm_nonblocking_get_peek_if\&lt; RSP \&gt;" alt="" coords="479,539,783,565">
<area shape="rect" href="$classtlm__core_1_1tlm__get__peek__if.html" title="tlm_core::tlm_get_peek_if\&lt; RSP \&gt;" alt="" coords="884,539,1111,565">
<area shape="rect" href="$classtlm__core_1_1tlm__get__if.html" title="tlm_core::tlm_get_if\&lt; RSP \&gt;" alt="" coords="535,488,727,515">
<area shape="rect" href="$classtlm__core_1_1tlm__peek__if.html" title="tlm_core::tlm_peek_if\&lt; RSP \&gt;" alt="" coords="531,640,731,667">
<area shape="rect" href="$classtlm__core_1_1tlm__blocking__master__if.html" title="tlm_core::tlm_blocking_master_if\&lt; REQ, RSP \&gt;" alt="" coords="844,640,1151,667">
<area shape="rect" href="$classtlm__core_1_1tlm__blocking__get__peek__if.html" title="tlm_core::tlm_blocking_get_peek_if\&lt; RSP \&gt;" alt="" coords="489,589,772,616">
