<area shape="rect" href="$classtlm_1_1tlm__master__imp.html" title="tlm::tlm_master_imp\&lt; REQ, RSP \&gt;" alt="" coords="1429,107,1661,133">
<area shape="rect" href="$classtlm_1_1tlm__put__if.html" title="tlm::tlm_put_if\&lt; REQ \&gt;" alt="" coords="887,31,1047,57">
<area shape="rect" href="$classtlm_1_1tlm__blocking__put__if.html" title="tlm::tlm_blocking_put_if\&lt; REQ \&gt;" alt="" coords="527,5,743,32">
<area shape="rect" href="$classtlm_1_1tlm__blocking__master__if.html" title="tlm::tlm_blocking_master_if\&lt; REQ, RSP \&gt;" alt="" coords="831,81,1103,108">
<area shape="rect" href="$classsc__core_1_1sc__interface.html" title="sc_core::sc_interface" alt="" coords="7,132,153,159">
<area shape="rect" href="$classtlm_1_1tlm__nonblocking__put__if.html" title="tlm::tlm_nonblocking_put_if\&lt; REQ \&gt;" alt="" coords="516,56,753,83">
<area shape="rect" href="$classtlm_1_1tlm__blocking__get__if.html" title="tlm::tlm_blocking_get_if\&lt; RSP \&gt;" alt="" coords="220,107,433,133">
<area shape="rect" href="$classtlm_1_1tlm__nonblocking__get__if.html" title="tlm::tlm_nonblocking_get_if\&lt; RSP \&gt;" alt="" coords="209,157,444,184">
<area shape="rect" href="$classtlm_1_1tlm__blocking__peek__if.html" title="tlm::tlm_blocking_peek_if\&lt; RSP \&gt;" alt="" coords="215,208,439,235">
<area shape="rect" href="$classtlm_1_1tlm__nonblocking__peek__if.html" title="tlm::tlm_nonblocking_peek_if\&lt; RSP \&gt;" alt="" coords="204,259,449,285">
<area shape="rect" href="$classtlm_1_1tlm__nonblocking__master__if.html" title="tlm::tlm_nonblocking_master_if\&lt; REQ, RSP \&gt;" alt="" coords="819,132,1115,159">
<area shape="rect" href="$classtlm_1_1tlm__get__peek__if.html" title="tlm::tlm_get_peek_if\&lt; RSP \&gt;" alt="" coords="869,183,1064,209">
<area shape="rect" href="$classtlm_1_1tlm__get__if.html" title="tlm::tlm_get_if\&lt; RSP \&gt;" alt="" coords="556,107,713,133">
<area shape="rect" href="$classtlm_1_1tlm__blocking__get__peek__if.html" title="tlm::tlm_blocking_get_peek_if\&lt; RSP \&gt;" alt="" coords="509,157,760,184">
<area shape="rect" href="$classtlm_1_1tlm__nonblocking__get__peek__if.html" title="tlm::tlm_nonblocking_get_peek_if\&lt; RSP \&gt;" alt="" coords="499,208,771,235">
<area shape="rect" href="$classtlm_1_1tlm__peek__if.html" title="tlm::tlm_peek_if\&lt; RSP \&gt;" alt="" coords="551,259,719,285">
