<area shape="rect" href="$classtlm_1_1tlm__generic__payload.html#56d9cf62de27f45e93a45bf5c144c288" title="tlm::tlm_generic_payload::get_address" alt="" coords="327,5,577,32">
<area shape="rect" href="$classtlm_1_1tlm__generic__payload.html#76711646a3572d111dc6d80769e55158" title="tlm::tlm_generic_payload::get_byte_enable_length" alt="" coords="292,56,612,83">
<area shape="rect" href="$classtlm_1_1tlm__generic__payload.html#38b031e6dcbb51db9f368b494c4ff091" title="tlm::tlm_generic_payload::get_byte_enable_ptr" alt="" coords="303,107,601,133">
<area shape="rect" href="$classtlm_1_1tlm__generic__payload.html#7298ffbdfdfff7b938d5d91ed27bb113" title="tlm::tlm_generic_payload::get_command" alt="" coords="320,157,584,184">
<area shape="rect" href="$classtlm_1_1tlm__generic__payload.html#e1e9ec21a8dddd5fbf612d41814f54d7" title="tlm::tlm_generic_payload::get_data_length" alt="" coords="315,208,589,235">
<area shape="rect" href="$classtlm_1_1tlm__generic__payload.html#195859527e5438cd8260d28eef1eb076" title="tlm::tlm_generic_payload::get_data_ptr" alt="" coords="325,259,579,285">
<area shape="rect" href="$classtlm_1_1tlm__generic__payload.html#57e1f088841057cd1c2717701c240396" title="tlm::tlm_generic_payload::get_extension" alt="" coords="321,309,583,336">
<area shape="rect" href="$classtlm_1_1tlm__generic__payload.html#76330603b91d20a74c04489f1d5b2c34" title="tlm::tlm_generic_payload::get_response_status" alt="" coords="301,360,603,387">
<area shape="rect" href="$classtlm_1_1tlm__generic__payload.html#8cc2025a351f5fa8cf3e91a03a089a81" title="tlm::tlm_generic_payload::get_streaming_width" alt="" coords="301,411,603,437">
<area shape="rect" href="$classtlm_1_1tlm__generic__payload.html#cf9895cd80b70cab8df0ee45aaa8b23e" title="tlm::tlm_generic_payload::is_dmi_allowed" alt="" coords="317,461,587,488">
