<area shape="rect" href="$classtlm_1_1tlm__bw__transport__if.html" title="tlm::tlm_bw_transport_if\&lt; TYPES \&gt;" alt="" coords="239,107,471,133">
<area shape="rect" href="$classtlm__utils_1_1callback__binder__bw.html" title="tlm_utils::callback_binder_bw\&lt; TYPES \&gt;" alt="" coords="589,5,853,32">
<area shape="rect" href="$classtlm__utils_1_1simple__initiator__socket_1_1process.html" title="tlm_utils::simple_initiator_socket\&lt; TYPES \&gt;::process" alt="" coords="553,56,889,83">
<area shape="rect" href="$classtlm__utils_1_1simple__initiator__socket__tagged_1_1process.html" title="tlm_utils::simple_initiator_socket_tagged\&lt; TYPES \&gt;::process" alt="" coords="529,107,913,133">
<area shape="rect" href="$classtlm__utils_1_1simple__target__socket_1_1bw__process.html" title="tlm_utils::simple_target_socket\&lt; TYPES \&gt;::bw_process" alt="" coords="545,157,897,184">
<area shape="rect" href="$classtlm__utils_1_1simple__target__socket__tagged_1_1bw__process.html" title="tlm_utils::simple_target_socket_tagged\&lt; TYPES \&gt;::bw_process" alt="" coords="521,208,921,235">
