<area shape="rect" href="$classtlm_1_1tlm__put__get__imp.html" title="tlm::tlm_put_get_imp\&lt; RSP, REQ \&gt;" alt="" coords="1328,187,1592,213">
<area shape="rect" href="$classtlm_1_1tlm__put__if.html" title="tlm::tlm_put_if\&lt; RSP \&gt;" alt="" coords="980,64,1159,91">
<area shape="rect" href="$classtlm_1_1tlm__slave__if.html" title="tlm::tlm_slave_if\&lt; REQ, RSP \&gt;" alt="" coords="1345,120,1575,147">
<area shape="rect" href="$classtlm_1_1tlm__blocking__put__if.html" title="tlm::tlm_blocking_put_if\&lt; RSP \&gt;" alt="" coords="587,75,827,101">
<area shape="rect" href="$classtlm_1_1tlm__blocking__slave__if.html" title="tlm::tlm_blocking_slave_if\&lt; REQ, RSP \&gt;" alt="" coords="925,131,1213,157">
<area shape="rect" href="$classsc__core_1_1sc__interface.html" title="sc_core::sc_interface" alt="" coords="5,160,173,187">
<area shape="rect" href="$classtlm_1_1tlm__nonblocking__put__if.html" title="tlm::tlm_nonblocking_put_if\&lt; RSP \&gt;" alt="" coords="575,24,839,51">
<area shape="rect" href="$classtlm_1_1tlm__blocking__get__if.html" title="tlm::tlm_blocking_get_if\&lt; REQ \&gt;" alt="" coords="241,288,484,315">
<area shape="rect" href="$classtlm_1_1tlm__nonblocking__get__if.html" title="tlm::tlm_nonblocking_get_if\&lt; REQ \&gt;" alt="" coords="229,132,496,159">
<area shape="rect" href="$classtlm_1_1tlm__blocking__peek__if.html" title="tlm::tlm_blocking_peek_if\&lt; REQ \&gt;" alt="" coords="237,237,488,264">
<area shape="rect" href="$classtlm_1_1tlm__nonblocking__peek__if.html" title="tlm::tlm_nonblocking_peek_if\&lt; REQ \&gt;" alt="" coords="225,183,500,209">
<area shape="rect" href="$classtlm_1_1tlm__nonblocking__slave__if.html" title="tlm::tlm_nonblocking_slave_if\&lt; REQ, RSP \&gt;" alt="" coords="913,5,1225,32">
<area shape="rect" href="$classtlm_1_1tlm__get__peek__if.html" title="tlm::tlm_get_peek_if\&lt; REQ \&gt;" alt="" coords="957,224,1181,251">
<area shape="rect" href="$classtlm_1_1tlm__get__if.html" title="tlm::tlm_get_if\&lt; REQ \&gt;" alt="" coords="615,195,799,221">
<area shape="rect" href="$classtlm_1_1tlm__blocking__get__peek__if.html" title="tlm::tlm_blocking_get_peek_if\&lt; REQ \&gt;" alt="" coords="565,305,848,332">
<area shape="rect" href="$classtlm_1_1tlm__nonblocking__get__peek__if.html" title="tlm::tlm_nonblocking_get_peek_if\&lt; REQ \&gt;" alt="" coords="553,137,860,164">
<area shape="rect" href="$classtlm_1_1tlm__peek__if.html" title="tlm::tlm_peek_if\&lt; REQ \&gt;" alt="" coords="611,245,803,272">
