<area shape="rect" href="$classtlm__put__get__imp.html" title="tlm_put_get_imp\&lt; REQ, RSP \&gt;" alt="" coords="1032,208,1243,235">
<area shape="rect" href="$classtlm__put__if.html" title="tlm_put_if\&lt; REQ \&gt;" alt="" coords="783,233,916,260">
<area shape="rect" href="$classtlm__master__if.html" title="tlm_master_if\&lt; REQ, RSP \&gt;" alt="" coords="1041,157,1233,184">
<area shape="rect" href="$classtlm__blocking__put__if.html" title="tlm_blocking_put_if\&lt; REQ \&gt;" alt="" coords="448,259,637,285">
<area shape="rect" href="$classtlm__blocking__master__if.html" title="tlm_blocking_master_if\&lt; REQ, RSP \&gt;" alt="" coords="725,183,973,209">
<area shape="rect" href="$classsc__interface.html" title="sc_interface" alt="" coords="7,132,100,159">
<area shape="rect" href="$classtlm__nonblocking__put__if.html" title="tlm_nonblocking_put_if\&lt; REQ \&gt;" alt="" coords="437,208,648,235">
<area shape="rect" href="$classtlm__blocking__get__if.html" title="tlm_blocking_get_if\&lt; RSP \&gt;" alt="" coords="167,107,353,133">
<area shape="rect" href="$classtlm__nonblocking__get__if.html" title="tlm_nonblocking_get_if\&lt; RSP \&gt;" alt="" coords="155,5,365,32">
<area shape="rect" href="$classtlm__blocking__peek__if.html" title="tlm_blocking_peek_if\&lt; RSP \&gt;" alt="" coords="161,157,359,184">
<area shape="rect" href="$classtlm__nonblocking__peek__if.html" title="tlm_nonblocking_peek_if\&lt; RSP \&gt;" alt="" coords="149,56,371,83">
<area shape="rect" href="$classtlm__nonblocking__master__if.html" title="tlm_nonblocking_master_if\&lt; REQ, RSP \&gt;" alt="" coords="715,132,984,159">
<area shape="rect" href="$classtlm__get__peek__if.html" title="tlm_get_peek_if\&lt; RSP \&gt;" alt="" coords="765,81,933,108">
<area shape="rect" href="$classtlm__get__if.html" title="tlm_get_if\&lt; RSP \&gt;" alt="" coords="477,5,608,32">
<area shape="rect" href="$classtlm__blocking__get__peek__if.html" title="tlm_blocking_get_peek_if\&lt; RSP \&gt;" alt="" coords="431,157,655,184">
<area shape="rect" href="$classtlm__nonblocking__get__peek__if.html" title="tlm_nonblocking_get_peek_if\&lt; RSP \&gt;" alt="" coords="420,56,665,83">
<area shape="rect" href="$classtlm__peek__if.html" title="tlm_peek_if\&lt; RSP \&gt;" alt="" coords="472,107,613,133">
