<area shape="rect" href="$classtlm__annotated__put__if.html" title="tlm_annotated_put_if\&lt; PUT_DATA \&gt;" alt="" coords="891,40,1131,67">
<area shape="rect" href="$classtlm__blocking__put__if.html" title="tlm_blocking_put_if\&lt; PUT_DATA \&gt;" alt="" coords="167,65,396,92">
<area shape="rect" href="$classtlm__put__if.html" title="tlm_put_if\&lt; PUT_DATA \&gt;" alt="" coords="536,91,709,117">
<area shape="rect" href="$classsc__interface.html" title="sc_interface" alt="" coords="7,217,100,244">
<area shape="rect" href="$classtlm__nonblocking__put__if.html" title="tlm_nonblocking_put_if\&lt; PUT_DATA \&gt;" alt="" coords="155,116,408,143">
<area shape="rect" href="$classtlm__blocking__get__if.html" title="tlm_blocking_get_if\&lt; GET_DATA \&gt;" alt="" coords="165,243,397,269">
<area shape="rect" href="$classtlm__nonblocking__get__if.html" title="tlm_nonblocking_get_if\&lt; GET_DATA \&gt;" alt="" coords="155,381,408,408">
<area shape="rect" href="$classtlm__blocking__peek__if.html" title="tlm_blocking_peek_if\&lt; GET_DATA \&gt;" alt="" coords="160,192,403,219">
<area shape="rect" href="$classtlm__nonblocking__peek__if.html" title="tlm_nonblocking_peek_if\&lt; GET_DATA \&gt;" alt="" coords="149,305,413,332">
<area shape="rect" href="$classtlm__annotated__nonblocking__put__if.html" title="tlm_annotated_nonblocking_put_if\&lt; PUT_DATA \&gt;" alt="" coords="463,40,783,67">
<area shape="rect" href="$classtlm__put__get__imp.html" title="tlm_put_get_imp\&lt; PUT_DATA, GET_DATA \&gt;" alt="" coords="1239,129,1532,156">
<area shape="rect" href="$classtlm__annotated__get__peek__if.html" title="tlm_annotated_get_peek_if\&lt; GET_DATA \&gt;" alt="" coords="1247,231,1524,257">
<area shape="rect" href="$classtlm__annotated__get__if.html" title="tlm_annotated_get_if\&lt; GET_DATA \&gt;" alt="" coords="889,293,1132,320">
<area shape="rect" href="$classtlm__get__if.html" title="tlm_get_if\&lt; GET_DATA \&gt;" alt="" coords="535,243,711,269">
<area shape="rect" href="$classtlm__blocking__get__peek__if.html" title="tlm_blocking_get_peek_if\&lt; GET_DATA \&gt;" alt="" coords="489,141,756,168">
<area shape="rect" href="$classtlm__annotated__nonblocking__get__if.html" title="tlm_annotated_nonblocking_get_if\&lt; GET_DATA \&gt;" alt="" coords="463,445,783,472">
<area shape="rect" href="$classtlm__annotated__nonblocking__get__peek__if.html" title="tlm_annotated_nonblocking_get_peek_if\&lt; GET_DATA \&gt;" alt="" coords="832,369,1189,396">
<area shape="rect" href="$classtlm__nonblocking__get__peek__if.html" title="tlm_nonblocking_get_peek_if\&lt; GET_DATA \&gt;" alt="" coords="477,395,768,421">
<area shape="rect" href="$classtlm__get__peek__if.html" title="tlm_get_peek_if\&lt; GET_DATA \&gt;" alt="" coords="905,243,1116,269">
<area shape="rect" href="$classtlm__peek__if.html" title="tlm_peek_if\&lt; GET_DATA \&gt;" alt="" coords="529,192,716,219">
