<area shape="rect" href="$classtlm__annotated_1_1tlm__annotated__fifo.html" title="tlm_annotated::tlm_annotated_fifo\&lt; T \&gt;" alt="" coords="317,20,573,47">
<area shape="rect" href="$classtlm__annotated_1_1tlm__annotated__req__rsp__channel.html" title="tlm_annotated::tlm_annotated_req_rsp_channel\&lt; REQ, RSP, REQ_CHANNEL, RSP_CHANNEL \&gt;" alt="" coords="141,71,749,97">
<area shape="rect" href="$classtlm__annotated_1_1tlm__peq.html" title="tlm_annotated::tlm_peq\&lt; T \&gt;" alt="" coords="348,121,543,148">
<area shape="rect" href="$classtlm__annotated_1_1tlm__peq.html" title="tlm_annotated::tlm_peq\&lt; tlm_tag\&lt; T \&gt; * \&gt;" alt="" coords="309,172,581,199">
<area shape="rect" href="$classtlm__annotated__fifo.html" title="tlm_annotated_fifo\&lt; T \&gt;" alt="" coords="363,223,528,249">
<area shape="rect" href="$classtlm__annotated__req__rsp__channel.html" title="tlm_annotated_req_rsp_channel\&lt; REQ, RSP, REQ_CHANNEL, RSP_CHANNEL \&gt;" alt="" coords="188,273,703,300">
<area shape="rect" href="$classtlm__core_1_1tlm__req__rsp__channel.html" title="tlm_core::tlm_req_rsp_channel\&lt; REQ, RSP, REQ_CHANNEL, RSP_CHANNEL \&gt;" alt="" coords="192,324,699,351">
<area shape="rect" href="$classtlm__core_1_1tlm__transport__channel.html" title="tlm_core::tlm_transport_channel\&lt; REQ, RSP, REQ_CHANNEL, RSP_CHANNEL \&gt;" alt="" coords="188,375,703,401">
<area shape="rect" href="$classtlm__peq.html" title="tlm_peq\&lt; T \&gt;" alt="" coords="395,425,496,452">
<area shape="rect" href="$classtlm__peq.html" title="tlm_peq\&lt; tlm_tag\&lt; T \&gt; * \&gt;" alt="" coords="356,476,535,503">
<area shape="rect" href="$classtlm__req__rsp__channel.html" title="tlm_req_rsp_channel\&lt; REQ, RSP, REQ_CHANNEL, RSP_CHANNEL \&gt;" alt="" coords="221,527,669,553">
<area shape="rect" href="$classtlm__slave__to__transport.html" title="tlm_slave_to_transport\&lt; REQ, RSP \&gt;" alt="" coords="323,577,568,604">
<area shape="rect" href="$classtlm__transport__channel.html" title="tlm_transport_channel\&lt; REQ, RSP, REQ_CHANNEL, RSP_CHANNEL \&gt;" alt="" coords="217,628,673,655">
<area shape="rect" href="$classtlm__transport__to__master.html" title="tlm_transport_to_master\&lt; REQ, RSP \&gt;" alt="" coords="317,679,573,705">
