<area shape="rect" href="$classtlm__put__if.html" title="tlm_put_if\&lt; PUT_DATA \&gt;" alt="" coords="1033,55,1207,81">
<area shape="rect" href="$classtlm__blocking__put__if.html" title="tlm_blocking_put_if\&lt; PUT_DATA \&gt;" alt="" coords="452,5,681,32">
<area shape="rect" href="$classsc__interface.html" title="sc_interface" alt="" coords="7,143,100,169">
<area shape="rect" href="$classtlm__nonblocking__put__if.html" title="tlm_nonblocking_put_if\&lt; PUT_DATA \&gt;" alt="" coords="440,55,693,81">
<area shape="rect" href="$classtlm__blocking__get__if.html" title="tlm_blocking_get_if\&lt; GET_DATA \&gt;" alt="" coords="168,221,400,248">
<area shape="rect" href="$classtlm__nonblocking__get__if.html" title="tlm_nonblocking_get_if\&lt; GET_DATA \&gt;" alt="" coords="157,288,411,315">
<area shape="rect" href="$classtlm__blocking__peek__if.html" title="tlm_blocking_peek_if\&lt; GET_DATA \&gt;" alt="" coords="163,116,405,143">
<area shape="rect" href="$classtlm__nonblocking__peek__if.html" title="tlm_nonblocking_peek_if\&lt; GET_DATA \&gt;" alt="" coords="152,167,416,193">
<area shape="rect" href="$classtlm__get__peek__if.html" title="tlm_get_peek_if\&lt; GET_DATA \&gt;" alt="" coords="1233,196,1444,223">
<area shape="rect" href="$classtlm__get__if.html" title="tlm_get_if\&lt; GET_DATA \&gt;" alt="" coords="775,261,951,288">
<area shape="rect" href="$classtlm__blocking__get__peek__if.html" title="tlm_blocking_get_peek_if\&lt; GET_DATA \&gt;" alt="" coords="729,160,996,187">
<area shape="rect" href="$classtlm__nonblocking__get__peek__if.html" title="tlm_nonblocking_get_peek_if\&lt; GET_DATA \&gt;" alt="" coords="717,211,1008,237">
<area shape="rect" href="$classtlm__peek__if.html" title="tlm_peek_if\&lt; GET_DATA \&gt;" alt="" coords="769,109,956,136">
