<area shape="rect" href="$classtlm_1_1tlm__put__if.html" title="tlm::tlm_put_if\&lt; RSP \&gt;" alt="" coords="972,31,1151,57">
<area shape="rect" href="$classtlm_1_1tlm__blocking__put__if.html" title="tlm::tlm_blocking_put_if\&lt; RSP \&gt;" alt="" coords="581,5,821,32">
<area shape="rect" href="$classtlm_1_1tlm__blocking__slave__if.html" title="tlm::tlm_blocking_slave_if\&lt; REQ, RSP \&gt;" alt="" coords="917,81,1205,108">
<area shape="rect" href="$classsc__core_1_1sc__interface.html" title="sc_core::sc_interface" alt="" coords="5,132,173,159">
<area shape="rect" href="$classtlm_1_1tlm__nonblocking__put__if.html" title="tlm::tlm_nonblocking_put_if\&lt; RSP \&gt;" alt="" coords="569,56,833,83">
<area shape="rect" href="$classtlm_1_1tlm__blocking__get__if.html" title="tlm::tlm_blocking_get_if\&lt; REQ \&gt;" alt="" coords="239,107,481,133">
<area shape="rect" href="$classtlm_1_1tlm__nonblocking__get__if.html" title="tlm::tlm_nonblocking_get_if\&lt; REQ \&gt;" alt="" coords="227,157,493,184">
<area shape="rect" href="$classtlm_1_1tlm__blocking__peek__if.html" title="tlm::tlm_blocking_peek_if\&lt; REQ \&gt;" alt="" coords="235,208,485,235">
<area shape="rect" href="$classtlm_1_1tlm__nonblocking__peek__if.html" title="tlm::tlm_nonblocking_peek_if\&lt; REQ \&gt;" alt="" coords="223,259,497,285">
<area shape="rect" href="$classtlm_1_1tlm__nonblocking__slave__if.html" title="tlm::tlm_nonblocking_slave_if\&lt; REQ, RSP \&gt;" alt="" coords="905,132,1217,159">
<area shape="rect" href="$classtlm_1_1tlm__get__peek__if.html" title="tlm::tlm_get_peek_if\&lt; REQ \&gt;" alt="" coords="949,183,1173,209">
<area shape="rect" href="$classtlm_1_1tlm__get__if.html" title="tlm::tlm_get_if\&lt; REQ \&gt;" alt="" coords="609,107,793,133">
<area shape="rect" href="$classtlm_1_1tlm__blocking__get__peek__if.html" title="tlm::tlm_blocking_get_peek_if\&lt; REQ \&gt;" alt="" coords="560,157,843,184">
<area shape="rect" href="$classtlm_1_1tlm__nonblocking__get__peek__if.html" title="tlm::tlm_nonblocking_get_peek_if\&lt; REQ \&gt;" alt="" coords="548,208,855,235">
<area shape="rect" href="$classtlm_1_1tlm__peek__if.html" title="tlm::tlm_peek_if\&lt; REQ \&gt;" alt="" coords="605,259,797,285">
