<area shape="rect" href="$classtlm__slave__imp.html" title="tlm_slave_imp\&lt; REQ, RSP \&gt;" alt="" coords="1257,143,1452,169">
<area shape="rect" href="$classtlm__put__if.html" title="tlm_put_if\&lt; RSP \&gt;" alt="" coords="783,67,913,93">
<area shape="rect" href="$classtlm__blocking__put__if.html" title="tlm_blocking_put_if\&lt; RSP \&gt;" alt="" coords="452,16,639,43">
<area shape="rect" href="$classtlm__blocking__slave__if.html" title="tlm_blocking_slave_if\&lt; REQ, RSP \&gt;" alt="" coords="729,117,967,144">
<area shape="rect" href="$classsc__interface.html" title="sc_interface" alt="" coords="7,180,100,207">
<area shape="rect" href="$classtlm__nonblocking__put__if.html" title="tlm_nonblocking_put_if\&lt; RSP \&gt;" alt="" coords="440,67,651,93">
<area shape="rect" href="$classtlm__blocking__get__if.html" title="tlm_blocking_get_if\&lt; REQ \&gt;" alt="" coords="167,307,356,333">
<area shape="rect" href="$classtlm__nonblocking__get__if.html" title="tlm_nonblocking_get_if\&lt; REQ \&gt;" alt="" coords="156,205,367,232">
<area shape="rect" href="$classtlm__blocking__peek__if.html" title="tlm_blocking_peek_if\&lt; REQ \&gt;" alt="" coords="161,357,361,384">
<area shape="rect" href="$classtlm__nonblocking__peek__if.html" title="tlm_nonblocking_peek_if\&lt; REQ \&gt;" alt="" coords="151,256,372,283">
<area shape="rect" href="$classtlm__blocking__get__if.html" title="tlm_blocking_get_if\&lt; T \&gt;" alt="" coords="177,104,345,131">
<area shape="rect" href="$classtlm__blocking__peek__if.html" title="tlm_blocking_peek_if\&lt; T \&gt;" alt="" coords="172,155,351,181">
<area shape="rect" href="$classtlm__nonblocking__slave__if.html" title="tlm_nonblocking_slave_if\&lt; REQ, RSP \&gt;" alt="" coords="719,168,977,195">
<area shape="rect" href="$classtlm__get__peek__if.html" title="tlm_get_peek_if\&lt; REQ \&gt;" alt="" coords="763,219,933,245">
<area shape="rect" href="$classtlm__get__if.html" title="tlm_get_if\&lt; REQ \&gt;" alt="" coords="479,244,612,271">
<area shape="rect" href="$classtlm__nonblocking__get__peek__if.html" title="tlm_nonblocking_get_peek_if\&lt; REQ \&gt;" alt="" coords="421,193,669,220">
<area shape="rect" href="$classtlm__peek__if.html" title="tlm_peek_if\&lt; REQ \&gt;" alt="" coords="473,295,617,321">
<area shape="rect" href="$classtlm__blocking__get__peek__if.html" title="tlm_blocking_get_peek_if\&lt; REQ \&gt;" alt="" coords="432,129,659,156">
