<area shape="rect" href="$classsc__module.html" title="sc_module" alt="" coords="811,575,896,601">
<area shape="rect" href="$classtlm__peq.html" title="tlm_peq\&lt; tlm_tag\&lt; T \&gt; * \&gt;" alt="" coords="1120,623,1299,649">
<area shape="rect" href="$classtlm__annotated__put__if.html" title="tlm_annotated_put_if\&lt; T \&gt;" alt="" coords="1120,87,1299,113">
<area shape="rect" href="$classtlm__core_1_1tlm__blocking__put__if.html" title="tlm_core::tlm_blocking_put_if\&lt; T \&gt;" alt="" coords="169,107,396,133">
<area shape="rect" href="$classtlm__core_1_1tlm__put__if.html" title="tlm_core::tlm_put_if\&lt; T \&gt;" alt="" coords="768,56,939,83">
<area shape="rect" href="$classsc__interface.html" title="sc_interface" alt="" coords="7,328,100,355">
<area shape="rect" href="$classtlm__core_1_1tlm__nonblocking__put__if.html" title="tlm_core::tlm_nonblocking_put_if\&lt; T \&gt;" alt="" coords="157,40,408,67">
<area shape="rect" href="$classtlm__core_1_1tlm__blocking__get__if.html" title="tlm_core::tlm_blocking_get_if\&lt; T \&gt;" alt="" coords="169,440,396,467">
<area shape="rect" href="$classtlm__core_1_1tlm__nonblocking__get__if.html" title="tlm_core::tlm_nonblocking_get_if\&lt; T \&gt;" alt="" coords="157,299,408,325">
<area shape="rect" href="$classtlm__core_1_1tlm__blocking__peek__if.html" title="tlm_core::tlm_blocking_peek_if\&lt; T \&gt;" alt="" coords="164,357,401,384">
<area shape="rect" href="$classtlm__core_1_1tlm__nonblocking__peek__if.html" title="tlm_core::tlm_nonblocking_peek_if\&lt; T \&gt;" alt="" coords="153,208,412,235">
<area shape="rect" href="$classdelayed__analysis__if.html" title="delayed_analysis_if\&lt; tlm_tag\&lt; T \&gt; * \&gt;" alt="" coords="439,676,684,703">
<area shape="rect" href="$classanalysis_1_1analysis__if.html" title="analysis::analysis_if\&lt; tlm_tag\&lt; T \&gt; * \&gt;" alt="" coords="159,625,407,652">
<area shape="rect" href="$classtlm__annotated__nonblocking__put__if.html" title="tlm_annotated_nonblocking_put_if\&lt; T \&gt;" alt="" coords="724,5,983,32">
<area shape="rect" href="$classtlm__annotated__get__peek__if.html" title="tlm_annotated_get_peek_if\&lt; T \&gt;" alt="" coords="1408,408,1624,435">
<area shape="rect" href="$classtlm__annotated__get__if.html" title="tlm_annotated_get_if\&lt; T \&gt;" alt="" coords="1120,425,1299,452">
<area shape="rect" href="$classtlm__core_1_1tlm__get__if.html" title="tlm_core::tlm_get_if\&lt; T \&gt;" alt="" coords="768,400,939,427">
<area shape="rect" href="$classtlm__core_1_1tlm__blocking__get__peek__if.html" title="tlm_core::tlm_blocking_get_peek_if\&lt; T \&gt;" alt="" coords="721,457,985,484">
<area shape="rect" href="$classtlm__annotated__nonblocking__get__if.html" title="tlm_annotated_nonblocking_get_if\&lt; T \&gt;" alt="" coords="724,291,983,317">
<area shape="rect" href="$classtlm__annotated__nonblocking__get__peek__if.html" title="tlm_annotated_nonblocking_get_peek_if\&lt; T \&gt;" alt="" coords="1063,224,1356,251">
<area shape="rect" href="$classtlm__core_1_1tlm__nonblocking__get__peek__if.html" title="tlm_core::tlm_nonblocking_get_peek_if\&lt; T \&gt;" alt="" coords="711,216,996,243">
<area shape="rect" href="$classtlm__core_1_1tlm__get__peek__if.html" title="tlm_core::tlm_get_peek_if\&lt; T \&gt;" alt="" coords="1105,375,1313,401">
<area shape="rect" href="$classtlm__core_1_1tlm__peek__if.html" title="tlm_core::tlm_peek_if\&lt; T \&gt;" alt="" coords="763,345,944,372">
<area shape="rect" href="$classanalysis_1_1analysis__port.html" title="analysis::analysis_port\&lt; tlm_tag\&lt; T \&gt; * \&gt;" alt="" coords="721,625,985,652">
<area shape="rect" href="$classsc__object.html" title="sc_object" alt="" coords="244,575,321,601">
