<area shape="rect" href="$classtlm__get__peek__if.html" title="tlm_get_peek_if\&lt; T \&gt;" alt="" coords="643,44,792,71">
<area shape="rect" href="$classtlm__get__peek__if.html" title="tlm_get_peek_if\&lt; REQ \&gt;" alt="" coords="632,120,803,147">
<area shape="rect" href="$classtlm__blocking__get__if.html" title="tlm_blocking_get_if\&lt; T \&gt;" alt="" coords="156,69,324,96">
<area shape="rect" href="$classsc__interface.html" title="sc_interface" alt="" coords="7,95,100,121">
<area shape="rect" href="$classtlm__blocking__peek__if.html" title="tlm_blocking_peek_if\&lt; T \&gt;" alt="" coords="151,120,329,147">
<area shape="rect" href="$classtlm__fifo__get__if.html" title="tlm_fifo_get_if\&lt; T \&gt;" alt="" coords="900,31,1039,57">
<area shape="rect" href="$classtlm__fifo.html" title="tlm_fifo\&lt; T \&gt;" alt="" coords="1225,31,1324,57">
<area shape="rect" href="$classanalysis__fifo.html" title="analysis_fifo\&lt; T \&gt;" alt="" coords="1529,5,1657,32">
<area shape="rect" href="$classtlm__internal__annotated__fifo.html" title="tlm_internal_annotated_fifo\&lt; T \&gt;" alt="" coords="1485,56,1701,83">
<area shape="rect" href="$classtlm__annotated__get__peek__if.html" title="tlm_annotated_get_peek_if\&lt; REQ \&gt;" alt="" coords="851,81,1088,108">
<area shape="rect" href="$classtlm__put__get__imp.html" title="tlm_put_get_imp\&lt; RSP, REQ \&gt;" alt="" coords="864,132,1075,159">
<area shape="rect" href="$classtlm__slave__if.html" title="tlm_slave_if\&lt; REQ, RSP \&gt;" alt="" coords="879,183,1060,209">
<area shape="rect" href="$classtlm__annotated__put__get__imp.html" title="tlm_annotated_put_get_imp\&lt; RSP, REQ \&gt;" alt="" coords="1137,132,1412,159">
<area shape="rect" href="$classtlm__annotated__slave__if.html" title="tlm_annotated_slave_if\&lt; REQ, RSP \&gt;" alt="" coords="1151,81,1399,108">
<area shape="rect" href="$classtlm__annotated__slave__imp.html" title="tlm_annotated_slave_imp\&lt; REQ, RSP \&gt;" alt="" coords="1463,107,1724,133">
<area shape="rect" href="$classtlm__slave__imp.html" title="tlm_slave_imp\&lt; REQ, RSP \&gt;" alt="" coords="1177,183,1372,209">
