<area shape="rect" href="$classanalysis__fifo.html" title="analysis_fifo\&lt; T \&gt;" alt="" coords="1252,183,1380,209">
<area shape="rect" href="$classtlm__internal__annotated__fifo.html" title="tlm_internal_annotated_fifo\&lt; T \&gt;" alt="" coords="1208,233,1424,260">
<area shape="rect" href="$classtlm__fifo__get__if.html" title="tlm_fifo_get_if\&lt; T \&gt;" alt="" coords="875,183,1013,209">
<area shape="rect" href="$classtlm__get__peek__if.html" title="tlm_get_peek_if\&lt; T \&gt;" alt="" coords="677,107,827,133">
<area shape="rect" href="$classtlm__get__if.html" title="tlm_get_if\&lt; T \&gt;" alt="" coords="459,107,571,133">
<area shape="rect" href="$classtlm__blocking__get__if.html" title="tlm_blocking_get_if\&lt; T \&gt;" alt="" coords="167,157,335,184">
<area shape="rect" href="$classtlm__blocking__get__peek__if.html" title="tlm_blocking_get_peek_if\&lt; T \&gt;" alt="" coords="412,157,617,184">
<area shape="rect" href="$classsc__interface.html" title="sc_interface" alt="" coords="7,157,100,184">
<area shape="rect" href="$classtlm__nonblocking__get__if.html" title="tlm_nonblocking_get_if\&lt; T \&gt;" alt="" coords="155,56,347,83">
<area shape="rect" href="$classtlm__blocking__peek__if.html" title="tlm_blocking_peek_if\&lt; T \&gt;" alt="" coords="161,107,340,133">
<area shape="rect" href="$classtlm__nonblocking__peek__if.html" title="tlm_nonblocking_peek_if\&lt; T \&gt;" alt="" coords="151,5,351,32">
<area shape="rect" href="$classtlm__fifo__debug__if.html" title="tlm_fifo_debug_if\&lt; T \&gt;" alt="" coords="436,208,593,235">
<area shape="rect" href="$classtlm__blocking__put__if.html" title="tlm_blocking_put_if\&lt; T \&gt;" alt="" coords="167,259,335,285">
<area shape="rect" href="$classtlm__nonblocking__put__if.html" title="tlm_nonblocking_put_if\&lt; T \&gt;" alt="" coords="155,309,347,336">
<area shape="rect" href="$classtlm__nonblocking__get__peek__if.html" title="tlm_nonblocking_get_peek_if\&lt; T \&gt;" alt="" coords="401,5,628,32">
<area shape="rect" href="$classtlm__peek__if.html" title="tlm_peek_if\&lt; T \&gt;" alt="" coords="453,56,576,83">
<area shape="rect" href="$classtlm__fifo__put__if.html" title="tlm_fifo_put_if\&lt; T \&gt;" alt="" coords="683,233,821,260">
<area shape="rect" href="$classtlm__put__if.html" title="tlm_put_if\&lt; T \&gt;" alt="" coords="459,259,571,285">
