<area shape="rect" href="$classtlm__put__get__imp.html" title="tlm_put_get_imp\&lt; REQ, RSP \&gt;" alt="" coords="1085,185,1296,212">
<area shape="rect" href="$classtlm__put__if.html" title="tlm_put_if\&lt; REQ \&gt;" alt="" coords="791,64,924,91">
<area shape="rect" href="$classtlm__master__if.html" title="tlm_master_if\&lt; REQ, RSP \&gt;" alt="" coords="1095,119,1287,145">
<area shape="rect" href="$classtlm__blocking__put__if.html" title="tlm_blocking_put_if\&lt; REQ \&gt;" alt="" coords="453,75,643,101">
<area shape="rect" href="$classtlm__blocking__master__if.html" title="tlm_blocking_master_if\&lt; REQ, RSP \&gt;" alt="" coords="733,131,981,157">
<area shape="rect" href="$classsc__interface.html" title="sc_interface" alt="" coords="7,160,100,187">
<area shape="rect" href="$classtlm__nonblocking__put__if.html" title="tlm_nonblocking_put_if\&lt; REQ \&gt;" alt="" coords="443,24,653,51">
<area shape="rect" href="$classtlm__blocking__get__if.html" title="tlm_blocking_get_if\&lt; RSP \&gt;" alt="" coords="169,288,356,315">
<area shape="rect" href="$classtlm__nonblocking__get__if.html" title="tlm_nonblocking_get_if\&lt; RSP \&gt;" alt="" coords="157,132,368,159">
<area shape="rect" href="$classtlm__blocking__peek__if.html" title="tlm_blocking_peek_if\&lt; RSP \&gt;" alt="" coords="164,237,361,264">
<area shape="rect" href="$classtlm__nonblocking__peek__if.html" title="tlm_nonblocking_peek_if\&lt; RSP \&gt;" alt="" coords="152,183,373,209">
<area shape="rect" href="$classtlm__nonblocking__master__if.html" title="tlm_nonblocking_master_if\&lt; REQ, RSP \&gt;" alt="" coords="723,5,992,32">
<area shape="rect" href="$classtlm__get__peek__if.html" title="tlm_get_peek_if\&lt; RSP \&gt;" alt="" coords="773,221,941,248">
<area shape="rect" href="$classtlm__get__if.html" title="tlm_get_if\&lt; RSP \&gt;" alt="" coords="483,195,613,221">
<area shape="rect" href="$classtlm__blocking__get__peek__if.html" title="tlm_blocking_get_peek_if\&lt; RSP \&gt;" alt="" coords="436,305,660,332">
<area shape="rect" href="$classtlm__nonblocking__get__peek__if.html" title="tlm_nonblocking_get_peek_if\&lt; RSP \&gt;" alt="" coords="425,137,671,164">
<area shape="rect" href="$classtlm__peek__if.html" title="tlm_peek_if\&lt; RSP \&gt;" alt="" coords="477,245,619,272">
