<area shape="rect" href="$classtlm_1_1tlm__put__if.html" title="tlm::tlm_put_if\&lt; PUT_DATA \&gt;" alt="" coords="1167,55,1367,81">
<area shape="rect" href="$classtlm_1_1tlm__blocking__put__if.html" title="tlm::tlm_blocking_put_if\&lt; PUT_DATA \&gt;" alt="" coords="532,5,788,32">
<area shape="rect" href="$classsc__core_1_1sc__interface.html" title="sc_core::sc_interface" alt="" coords="7,143,153,169">
<area shape="rect" href="$classtlm_1_1tlm__nonblocking__put__if.html" title="tlm::tlm_nonblocking_put_if\&lt; PUT_DATA \&gt;" alt="" coords="521,55,799,81">
<area shape="rect" href="$classtlm_1_1tlm__blocking__get__if.html" title="tlm::tlm_blocking_get_if\&lt; GET_DATA \&gt;" alt="" coords="223,221,479,248">
<area shape="rect" href="$classtlm_1_1tlm__nonblocking__get__if.html" title="tlm::tlm_nonblocking_get_if\&lt; GET_DATA \&gt;" alt="" coords="211,288,491,315">
<area shape="rect" href="$classtlm_1_1tlm__blocking__peek__if.html" title="tlm::tlm_blocking_peek_if\&lt; GET_DATA \&gt;" alt="" coords="217,116,484,143">
<area shape="rect" href="$classtlm_1_1tlm__nonblocking__peek__if.html" title="tlm::tlm_nonblocking_peek_if\&lt; GET_DATA \&gt;" alt="" coords="205,167,496,193">
<area shape="rect" href="$classtlm_1_1tlm__get__peek__if.html" title="tlm::tlm_get_peek_if\&lt; GET_DATA \&gt;" alt="" coords="1392,196,1629,223">
<area shape="rect" href="$classtlm_1_1tlm__get__if.html" title="tlm::tlm_get_if\&lt; GET_DATA \&gt;" alt="" coords="883,261,1083,288">
<area shape="rect" href="$classtlm_1_1tlm__blocking__get__peek__if.html" title="tlm::tlm_blocking_get_peek_if\&lt; GET_DATA \&gt;" alt="" coords="836,160,1129,187">
<area shape="rect" href="$classtlm_1_1tlm__nonblocking__get__peek__if.html" title="tlm::tlm_nonblocking_get_peek_if\&lt; GET_DATA \&gt;" alt="" coords="825,211,1140,237">
<area shape="rect" href="$classtlm_1_1tlm__peek__if.html" title="tlm::tlm_peek_if\&lt; GET_DATA \&gt;" alt="" coords="877,109,1088,136">
