<area shape="rect" href="$classtlm_1_1tlm__annotated__put__get__imp.html" title="tlm::tlm_annotated_put_get_imp\&lt; RSP, REQ \&gt;" alt="" coords="1641,109,1943,136">
<area shape="rect" href="$classtlm_1_1tlm__annotated__put__if.html" title="tlm::tlm_annotated_put_if\&lt; RSP \&gt;" alt="" coords="1304,59,1528,85">
<area shape="rect" href="$classtlm_1_1tlm__annotated__slave__if.html" title="tlm::tlm_annotated_slave_if\&lt; REQ, RSP \&gt;" alt="" coords="1655,160,1929,187">
<area shape="rect" href="$classtlm_1_1tlm__blocking__put__if.html" title="tlm::tlm_blocking_put_if\&lt; RSP \&gt;" alt="" coords="544,33,757,60">
<area shape="rect" href="$classtlm_1_1tlm__put__if.html" title="tlm::tlm_put_if\&lt; RSP \&gt;" alt="" coords="943,33,1100,60">
<area shape="rect" href="$classtlm_1_1tlm__blocking__slave__if.html" title="tlm::tlm_blocking_slave_if\&lt; REQ, RSP \&gt;" alt="" coords="889,135,1153,161">
<area shape="rect" href="$classsc__core_1_1sc__interface.html" title="sc_core::sc_interface" alt="" coords="7,248,153,275">
<area shape="rect" href="$classtlm_1_1tlm__nonblocking__put__if.html" title="tlm::tlm_nonblocking_put_if\&lt; RSP \&gt;" alt="" coords="533,96,768,123">
<area shape="rect" href="$classtlm_1_1tlm__blocking__get__if.html" title="tlm::tlm_blocking_get_if\&lt; REQ \&gt;" alt="" coords="219,223,435,249">
<area shape="rect" href="$classtlm_1_1tlm__nonblocking__get__if.html" title="tlm::tlm_nonblocking_get_if\&lt; REQ \&gt;" alt="" coords="208,273,445,300">
<area shape="rect" href="$classtlm_1_1tlm__blocking__peek__if.html" title="tlm::tlm_blocking_peek_if\&lt; REQ \&gt;" alt="" coords="213,324,440,351">
<area shape="rect" href="$classtlm_1_1tlm__nonblocking__peek__if.html" title="tlm::tlm_nonblocking_peek_if\&lt; REQ \&gt;" alt="" coords="203,400,451,427">
<area shape="rect" href="$classtlm_1_1tlm__annotated__nonblocking__put__if.html" title="tlm::tlm_annotated_nonblocking_put_if\&lt; RSP \&gt;" alt="" coords="871,84,1172,111">
<area shape="rect" href="$classtlm_1_1tlm__annotated__nonblocking__slave__if.html" title="tlm::tlm_annotated_nonblocking_slave_if\&lt; REQ, RSP \&gt;" alt="" coords="1240,211,1592,237">
<area shape="rect" href="$classtlm_1_1tlm__nonblocking__slave__if.html" title="tlm::tlm_nonblocking_slave_if\&lt; REQ, RSP \&gt;" alt="" coords="879,185,1164,212">
<area shape="rect" href="$classtlm_1_1tlm__put__get__imp.html" title="tlm::tlm_put_get_imp\&lt; RSP, REQ \&gt;" alt="" coords="1299,109,1533,136">
<area shape="rect" href="$classtlm_1_1tlm__slave__if.html" title="tlm::tlm_slave_if\&lt; REQ, RSP \&gt;" alt="" coords="1312,160,1520,187">
<area shape="rect" href="$classtlm_1_1tlm__annotated__get__peek__if.html" title="tlm::tlm_annotated_get_peek_if\&lt; REQ \&gt;" alt="" coords="1285,287,1547,313">
<area shape="rect" href="$classtlm_1_1tlm__annotated__get__if.html" title="tlm::tlm_annotated_get_if\&lt; REQ \&gt;" alt="" coords="908,236,1135,263">
<area shape="rect" href="$classtlm_1_1tlm__get__if.html" title="tlm::tlm_get_if\&lt; REQ \&gt;" alt="" coords="571,223,731,249">
<area shape="rect" href="$classtlm_1_1tlm__blocking__get__peek__if.html" title="tlm::tlm_blocking_get_peek_if\&lt; REQ \&gt;" alt="" coords="525,273,776,300">
<area shape="rect" href="$classtlm_1_1tlm__annotated__nonblocking__get__if.html" title="tlm::tlm_annotated_nonblocking_get_if\&lt; REQ \&gt;" alt="" coords="499,324,803,351">
<area shape="rect" href="$classtlm_1_1tlm__annotated__nonblocking__get__peek__if.html" title="tlm::tlm_annotated_nonblocking_get_peek_if\&lt; REQ \&gt;" alt="" coords="852,388,1191,415">
<area shape="rect" href="$classtlm_1_1tlm__nonblocking__get__peek__if.html" title="tlm::tlm_nonblocking_get_peek_if\&lt; REQ \&gt;" alt="" coords="513,375,788,401">
<area shape="rect" href="$classtlm_1_1tlm__get__peek__if.html" title="tlm::tlm_get_peek_if\&lt; REQ \&gt;" alt="" coords="924,287,1119,313">
<area shape="rect" href="$classtlm_1_1tlm__peek__if.html" title="tlm::tlm_peek_if\&lt; REQ \&gt;" alt="" coords="565,425,736,452">
