<area shape="rect" href="$classtlm__utils_1_1instance__specific__extension__container.html#58cfc1771308ddeb9bfa7e48c8938d6e" title="tlm_utils::instance_specific_extension_container::resize" alt="" coords="599,107,948,133">
<area shape="rect" href="$classtlm__utils_1_1instance__specific__extension__container.html#d99743a3d526497f72582ea4ba9b7209" title="tlm_utils::instance_specific_extension_container::dec_use_count" alt="" coords="997,56,1403,83">
<area shape="rect" href="$classtlm__utils_1_1instance__specific__extension__container.html#e4ee8b1b73ad83a0568d4626c1183979" title="tlm_utils::instance_specific_extension_container::inc_use_count" alt="" coords="1000,107,1400,133">
<area shape="rect" href="$namespacetlm__utils.html#243b001b92ee7cd478d51fd5ac28a5e4" title="tlm_utils::max_num_ispex_accessors" alt="" coords="1079,157,1321,184">
<area shape="rect" href="$classtlm_1_1tlm__generic__payload.html#e8de55a98f8fc20e3e5fcc8e4f3e53ef" title="tlm::tlm_generic_payload::clear_extension" alt="" coords="1547,5,1819,32">
<area shape="rect" href="$classtlm__utils_1_1instance__specific__extension__container__pool.html#840db7e68c5746c7bf088add94233a4d" title="tlm_utils::instance_specific_extension_container_pool::free" alt="" coords="1497,56,1868,83">
<area shape="rect" href="$classtlm__utils_1_1instance__specific__extension__container__pool.html#0cb0cbf89e6af23136ff1a06c5bfc082" title="tlm_utils::instance_specific_extension_container_pool::get_ispexcont_pool" alt="" coords="1452,107,1913,133">
