<area shape="rect" href="$classtlm_1_1tlm__generic__payload.html#56d9cf62de27f45e93a45bf5c144c288" title="tlm::tlm_generic_payload::get_address" alt="" coords="367,5,652,32">
<area shape="rect" href="$classtlm_1_1tlm__generic__payload.html#76711646a3572d111dc6d80769e55158" title="tlm::tlm_generic_payload::get_byte_enable_length" alt="" coords="325,56,693,83">
<area shape="rect" href="$classtlm_1_1tlm__generic__payload.html#38b031e6dcbb51db9f368b494c4ff091" title="tlm::tlm_generic_payload::get_byte_enable_ptr" alt="" coords="337,107,681,133">
<area shape="rect" href="$classtlm_1_1tlm__generic__payload.html#7298ffbdfdfff7b938d5d91ed27bb113" title="tlm::tlm_generic_payload::get_command" alt="" coords="360,157,659,184">
<area shape="rect" href="$classtlm_1_1tlm__generic__payload.html#e1e9ec21a8dddd5fbf612d41814f54d7" title="tlm::tlm_generic_payload::get_data_length" alt="" coords="352,208,667,235">
<area shape="rect" href="$classtlm_1_1tlm__generic__payload.html#195859527e5438cd8260d28eef1eb076" title="tlm::tlm_generic_payload::get_data_ptr" alt="" coords="364,259,655,285">
<area shape="rect" href="$classtlm_1_1tlm__generic__payload.html#57e1f088841057cd1c2717701c240396" title="tlm::tlm_generic_payload::get_extension" alt="" coords="360,309,659,336">
<area shape="rect" href="$classtlm_1_1tlm__generic__payload.html#76330603b91d20a74c04489f1d5b2c34" title="tlm::tlm_generic_payload::get_response_status" alt="" coords="337,360,681,387">
<area shape="rect" href="$classtlm_1_1tlm__generic__payload.html#8cc2025a351f5fa8cf3e91a03a089a81" title="tlm::tlm_generic_payload::get_streaming_width" alt="" coords="337,411,681,437">
<area shape="rect" href="$classtlm_1_1tlm__generic__payload.html#cf9895cd80b70cab8df0ee45aaa8b23e" title="tlm::tlm_generic_payload::is_dmi_allowed" alt="" coords="360,461,659,488">
<area shape="rect" href="$classtlm_1_1tlm__array.html#681299d913fbd36b95af2a1e7f3ecabe" title="tlm::tlm_array::size" alt="" coords="432,512,587,539">
