<area shape="rect" href="$classtlm__get__peek__if.html" title="tlm_get_peek_if\&lt; T \&gt;" alt="" coords="127,229,276,256">
<area shape="rect" href="$classtlm__blocking__peek__if.html" title="tlm_blocking_peek_if\&lt; T \&gt;" alt="" coords="5,80,184,107">
<area shape="rect" href="$classsc__interface.html" title="sc_interface" alt="" coords="155,5,248,32">
<area shape="rect" href="$classtlm__nonblocking__peek__if.html" title="tlm_nonblocking_peek_if\&lt; T \&gt;" alt="" coords="208,80,408,107">
<area shape="rect" href="$classtlm__fifo__get__if.html" title="tlm_fifo_get_if\&lt; T \&gt;" alt="" coords="132,304,271,331">
<area shape="rect" href="$classtlm__fifo.html" title="tlm_fifo\&lt; T \&gt;" alt="" coords="152,379,251,405">
<area shape="rect" href="$classanalysis__fifo.html" title="analysis_fifo\&lt; T \&gt;" alt="" coords="40,453,168,480">
<area shape="rect" href="$classtlm__internal__annotated__fifo.html" title="tlm_internal_annotated_fifo\&lt; T \&gt;" alt="" coords="192,453,408,480">
