<area shape="rect" href="$classtlm__utils_1_1simple__target__socket__tagged_1_1bw__process.html" title="tlm_utils::simple_target_socket_tagged\&lt; MODULE, BUSWIDTH, TYPES \&gt;::bw_process" alt="" coords="2724,33,3268,60">
<area shape="rect" href="$classtlm__utils_1_1simple__target__socket__tagged_1_1fw__process.html" title="tlm_utils::simple_target_socket_tagged\&lt; MODULE, BUSWIDTH, TYPES \&gt;::fw_process" alt="" coords="2725,196,3267,223">
<area shape="rect" href="$classtlm_1_1tlm__target__socket.html" title="tlm::tlm_target_socket\&lt; BUSWIDTH, TYPES \&gt;" alt="" coords="1627,56,1928,83">
<area shape="rect" href="$classtlm_1_1tlm__base__target__socket.html" title="tlm::tlm_base_target_socket\&lt; BUSWIDTH, tlm::tlm_fw_transport_if\&lt; TYPES \&gt;, tlm::tlm_bw_transport_if\&lt; TYPES \&gt;, 1, sc_core::SC_ONE_OR_MORE_BOUND \&gt;" alt="" coords="456,56,1437,83">
<area shape="rect" href="$classtlm_1_1tlm__base__target__socket__b.html" title="tlm::tlm_base_target_socket_b\&lt; BUSWIDTH, FW_IF, BW_IF \&gt;" alt="" coords="7,56,404,83">
<area shape="rect" href="$classtlm_1_1tlm__bw__transport__if.html" title="tlm::tlm_bw_transport_if\&lt; TYPES \&gt;" alt="" coords="2235,5,2467,32">
<area shape="rect" href="$classtlm_1_1tlm__bw__nonblocking__transport__if.html" title="tlm::tlm_bw_nonblocking_transport_if\&lt; TYPES::tlm_payload_type, TYPES::tlm_phase_type \&gt;" alt="" coords="1489,107,2065,133">
<area shape="rect" href="$classsc__core_1_1sc__interface.html" title="sc_core::sc_interface" alt="" coords="873,208,1020,235">
<area shape="rect" href="$classtlm_1_1tlm__fw__nonblocking__transport__if.html" title="tlm::tlm_fw_nonblocking_transport_if\&lt; TYPES::tlm_payload_type, TYPES::tlm_phase_type \&gt;" alt="" coords="1491,259,2064,285">
<area shape="rect" href="$classtlm_1_1tlm__blocking__transport__if.html" title="tlm::tlm_blocking_transport_if\&lt; TYPES::tlm_payload_type \&gt;" alt="" coords="1589,309,1965,336">
<area shape="rect" href="$classtlm_1_1tlm__fw__direct__mem__if.html" title="tlm::tlm_fw_direct_mem_if\&lt; TYPES::tlm_payload_type \&gt;" alt="" coords="1599,208,1956,235">
<area shape="rect" href="$classtlm_1_1tlm__transport__dbg__if.html" title="tlm::tlm_transport_dbg_if\&lt; TYPES::tlm_payload_type \&gt;" alt="" coords="1603,157,1952,184">
<area shape="rect" href="$classtlm_1_1tlm__bw__direct__mem__if.html" title="tlm::tlm_bw_direct_mem_if" alt="" coords="1687,5,1868,32">
<area shape="rect" href="$classtlm_1_1tlm__fw__transport__if.html" title="tlm::tlm_fw_transport_if\&lt; TYPES \&gt;" alt="" coords="2236,208,2465,235">
<area shape="rect" href="$classtlm_1_1tlm__mm__interface.html" title="tlm::tlm_mm_interface" alt="" coords="2273,259,2428,285">
