<area shape="rect" href="$classtlm__utils_1_1simple__target__socket.html" title="tlm_utils::simple_target_socket\&lt; MODULE, BUSWIDTH, TYPES \&gt;" alt="" coords="3276,251,3732,277">
<area shape="rect" href="$classtlm_1_1tlm__bw__transport__if.html" title="tlm::tlm_bw_transport_if\&lt; TYPES \&gt;" alt="" coords="1421,223,1680,249">
<area shape="rect" href="$classtlm_1_1tlm__bw__nonblocking__transport__if.html" title="tlm::tlm_bw_nonblocking_transport_if\&lt; TYPES::tlm_payload_type, TYPES::tlm_phase_type \&gt;" alt="" coords="285,208,928,235">
<area shape="rect" href="$classsc__core_1_1sc__interface.html" title="sc_core::sc_interface" alt="" coords="5,107,173,133">
<area shape="rect" href="$classtlm_1_1tlm__fw__nonblocking__transport__if.html" title="tlm::tlm_fw_nonblocking_transport_if\&lt; TYPES::tlm_payload_type, TYPES::tlm_phase_type \&gt;" alt="" coords="287,5,927,32">
<area shape="rect" href="$classtlm_1_1tlm__blocking__transport__if.html" title="tlm::tlm_blocking_transport_if\&lt; TYPES::tlm_payload_type \&gt;" alt="" coords="395,56,819,83">
<area shape="rect" href="$classtlm_1_1tlm__fw__direct__mem__if.html" title="tlm::tlm_fw_direct_mem_if\&lt; TYPES::tlm_payload_type \&gt;" alt="" coords="404,107,809,133">
<area shape="rect" href="$classtlm_1_1tlm__transport__dbg__if.html" title="tlm::tlm_transport_dbg_if\&lt; TYPES::tlm_payload_type \&gt;" alt="" coords="409,157,804,184">
<area shape="rect" href="$classtlm_1_1tlm__bw__direct__mem__if.html" title="tlm::tlm_bw_direct_mem_if" alt="" coords="503,259,711,285">
<area shape="rect" href="$classtlm__utils_1_1simple__target__socket_1_1fw__process.html" title="tlm_utils::simple_target_socket\&lt; MODULE, BUSWIDTH, TYPES \&gt;::simple_target_socket::fw_process" alt="" coords="4217,280,4916,307">
<area shape="rect" href="$classtlm_1_1tlm__target__socket.html" title="tlm::tlm_target_socket\&lt; BUSWIDTH, TYPES \&gt;" alt="" coords="2297,299,2631,325">
<area shape="rect" href="$classtlm_1_1tlm__base__target__socket.html" title="tlm::tlm_base_target_socket\&lt; BUSWIDTH, tlm_fw_transport_if\&lt; TYPES \&gt;, tlm_bw_transport_if\&lt; TYPES \&gt;, 1,sc_core::SC_ONE_OR_MORE_BOUND \&gt;" alt="" coords="1041,309,2060,336">
<area shape="rect" href="$classtlm_1_1tlm__base__target__socket__b.html" title="tlm::tlm_base_target_socket_b\&lt; BUSWIDTH, tlm_fw_transport_if\&lt; TYPES \&gt;, tlm_bw_transport_if\&lt; TYPES \&gt; \&gt;" alt="" coords="225,309,988,336">
<area shape="rect" href="$classsc__core_1_1sc__export.html" title="sc_core::sc_export\&lt;tlm_fw_transport_if\&lt; TYPES \&gt; \&gt;" alt="" coords="417,360,796,387">
<area shape="rect" href="$classtlm_1_1tlm__fw__transport__if.html" title="tlm::tlm_fw_transport_if\&lt; TYPES \&gt;" alt="" coords="1423,107,1679,133">
<area shape="rect" href="$classtlm_1_1tlm__mm__interface.html" title="tlm::tlm_mm_interface" alt="" coords="3415,301,3593,328">
<area shape="rect" href="$classtlm__utils_1_1peq__with__get.html" title="tlm_utils::peq_with_get\&lt; transaction_type \&gt;" alt="" coords="3340,352,3668,379">
<area shape="rect" href="$classsc__core_1_1sc__object.html" title="sc_core::sc_object" alt="" coords="2389,352,2539,379">
<area shape="rect" href="$classtlm__utils_1_1simple__target__socket_1_1fw__process_1_1process__handle__list.html" title="tlm_utils::simple_target_socket\&lt; MODULE, BUSWIDTH, TYPES \&gt;::simple_target_socket::fw_process::simple_target_socket::fw_process::process_handle_list" alt="" coords="2964,403,4044,429">
