<area shape="rect" href="$classtlm_1_1tlm__annotated__get__peek__if.html" title="tlm::tlm_annotated_get_peek_if\&lt; T \&gt;" alt="" coords="47,229,287,256">
<area shape="rect" href="$classtlm_1_1tlm__get__peek__if.html" title="tlm::tlm_get_peek_if\&lt; T \&gt;" alt="" coords="204,155,377,181">
<area shape="rect" href="$classtlm_1_1tlm__blocking__peek__if.html" title="tlm::tlm_blocking_peek_if\&lt; T \&gt;" alt="" coords="5,5,211,32">
<area shape="rect" href="$classtlm_1_1tlm__nonblocking__peek__if.html" title="tlm::tlm_nonblocking_peek_if\&lt; T \&gt;" alt="" coords="235,5,461,32">
<area shape="rect" href="$classtlm_1_1tlm__annotated__fifo.html" title="tlm::tlm_annotated_fifo\&lt; T \&gt;" alt="" coords="72,304,261,331">
<area shape="rect" href="$classtlm_1_1tlm__fifo__get__if.html" title="tlm::tlm_fifo_get_if\&lt; T \&gt;" alt="" coords="311,229,473,256">
<area shape="rect" href="$classtlm_1_1tlm__fifo.html" title="tlm::tlm_fifo\&lt; T \&gt;" alt="" coords="331,304,453,331">
<area shape="rect" href="$classtlm_1_1analysis__fifo.html" title="tlm::analysis_fifo\&lt; T \&gt;" alt="" coords="204,379,359,405">
<area shape="rect" href="$classtlm_1_1tlm__internal__annotated__fifo.html" title="tlm::tlm_internal_annotated_fifo\&lt; T \&gt;" alt="" coords="383,379,623,405">
