<area shape="rect" href="$classtlm_1_1tlm__annotated__nonblocking__get__if.html" title="tlm::tlm_annotated_nonblocking_get_if\&lt; T \&gt;" alt="" coords="273,5,556,32">
<area shape="rect" href="$classtlm_1_1tlm__get__if.html" title="tlm::tlm_get_if\&lt; T \&gt;" alt="" coords="345,107,484,133">
<area shape="rect" href="$classtlm_1_1tlm__nonblocking__get__peek__if.html" title="tlm::tlm_nonblocking_get_peek_if\&lt; T \&gt;" alt="" coords="288,56,541,83">
<area shape="rect" href="$classtlm_1_1tlm__annotated__get__if.html" title="tlm::tlm_annotated_get_if\&lt; T \&gt;" alt="" coords="663,56,868,83">
<area shape="rect" href="$classtlm_1_1tlm__annotated__nonblocking__get__peek__if.html" title="tlm::tlm_annotated_nonblocking_get_peek_if\&lt; T \&gt;" alt="" coords="605,5,925,32">
<area shape="rect" href="$classtlm_1_1tlm__annotated__get__peek__if.html" title="tlm::tlm_annotated_get_peek_if\&lt; T \&gt;" alt="" coords="975,56,1215,83">
<area shape="rect" href="$classtlm_1_1tlm__annotated__fifo.html" title="tlm::tlm_annotated_fifo\&lt; T \&gt;" alt="" coords="1265,56,1455,83">
<area shape="rect" href="$classtlm_1_1tlm__get__peek__if.html" title="tlm::tlm_get_peek_if\&lt; T \&gt;" alt="" coords="679,107,852,133">
<area shape="rect" href="$classtlm_1_1tlm__fifo__get__if.html" title="tlm::tlm_fifo_get_if\&lt; T \&gt;" alt="" coords="1013,107,1176,133">
<area shape="rect" href="$classtlm_1_1tlm__fifo.html" title="tlm::tlm_fifo\&lt; T \&gt;" alt="" coords="1299,107,1421,133">
<area shape="rect" href="$classtlm_1_1analysis__fifo.html" title="tlm::analysis_fifo\&lt; T \&gt;" alt="" coords="1548,81,1703,108">
<area shape="rect" href="$classtlm_1_1tlm__internal__annotated__fifo.html" title="tlm::tlm_internal_annotated_fifo\&lt; T \&gt;" alt="" coords="1505,132,1745,159">
