<area shape="rect" href="$classtlm__annotated_1_1tlm__annotated__put__if.html" title="tlm_annotated::tlm_annotated_put_if\&lt; RSP \&gt;" alt="" coords="1419,92,1709,119">
<area shape="rect" href="$classtlm__core_1_1tlm__blocking__put__if.html" title="tlm_core::tlm_blocking_put_if\&lt; T \&gt;" alt="" coords="552,16,779,43">
<area shape="rect" href="$classtlm__core_1_1tlm__put__if.html" title="tlm_core::tlm_put_if\&lt; T \&gt;" alt="" coords="1017,41,1188,68">
<area shape="rect" href="$classtlm__core_1_1tlm__put__if.html" title="tlm_core::tlm_put_if\&lt; RSP \&gt;" alt="" coords="1007,92,1199,119">
<area shape="rect" href="$classsc__interface.html" title="sc_interface" alt="" coords="7,421,100,448">
<area shape="rect" href="$classtlm__core_1_1tlm__nonblocking__put__if.html" title="tlm_core::tlm_nonblocking_put_if\&lt; T \&gt;" alt="" coords="540,67,791,93">
<area shape="rect" href="$classtlm__core_1_1tlm__blocking__get__if.html" title="tlm_core::tlm_blocking_get_if\&lt; T \&gt;" alt="" coords="177,219,404,245">
<area shape="rect" href="$classtlm__core_1_1tlm__nonblocking__get__if.html" title="tlm_core::tlm_nonblocking_get_if\&lt; T \&gt;" alt="" coords="165,421,416,448">
<area shape="rect" href="$classtlm__core_1_1tlm__blocking__peek__if.html" title="tlm_core::tlm_blocking_peek_if\&lt; T \&gt;" alt="" coords="172,371,409,397">
<area shape="rect" href="$classtlm__core_1_1tlm__nonblocking__peek__if.html" title="tlm_core::tlm_nonblocking_peek_if\&lt; T \&gt;" alt="" coords="161,472,420,499">
<area shape="rect" href="$classtlm__core_1_1tlm__nonblocking__peek__if.html" title="tlm_core::tlm_nonblocking_peek_if\&lt; REQ \&gt;" alt="" coords="151,599,431,625">
<area shape="rect" href="$classtlm__core_1_1tlm__nonblocking__put__if.html" title="tlm_core::tlm_nonblocking_put_if\&lt; RSP \&gt;" alt="" coords="156,700,425,727">
<area shape="rect" href="$classtlm__core_1_1tlm__blocking__put__if.html" title="tlm_core::tlm_blocking_put_if\&lt; RSP \&gt;" alt="" coords="167,523,415,549">
<area shape="rect" href="$classtlm__annotated_1_1tlm__annotated__nonblocking__put__if.html" title="tlm_annotated::tlm_annotated_nonblocking_put_if\&lt; T \&gt;" alt="" coords="928,143,1277,169">
<area shape="rect" href="$classtlm__annotated_1_1tlm__annotated__nonblocking__put__if.html" title="tlm_annotated::tlm_annotated_nonblocking_put_if\&lt; RSP \&gt;" alt="" coords="919,244,1287,271">
<area shape="rect" href="$classtlm__annotated_1_1tlm__annotated__get__peek__if.html" title="tlm_annotated::tlm_annotated_get_peek_if\&lt; REQ \&gt;" alt="" coords="1400,345,1728,372">
<area shape="rect" href="$classtlm__annotated_1_1tlm__annotated__get__if.html" title="tlm_annotated::tlm_annotated_get_if\&lt; REQ \&gt;" alt="" coords="956,295,1249,321">
<area shape="rect" href="$classtlm__core_1_1tlm__get__if.html" title="tlm_core::tlm_get_if\&lt; T \&gt;" alt="" coords="580,219,751,245">
<area shape="rect" href="$classtlm__core_1_1tlm__blocking__get__peek__if.html" title="tlm_core::tlm_blocking_get_peek_if\&lt; REQ \&gt;" alt="" coords="523,168,808,195">
<area shape="rect" href="$classtlm__core_1_1tlm__blocking__get__peek__if.html" title="tlm_core::tlm_blocking_get_peek_if\&lt; T \&gt;" alt="" coords="533,269,797,296">
<area shape="rect" href="$classtlm__annotated_1_1tlm__annotated__nonblocking__get__if.html" title="tlm_annotated::tlm_annotated_nonblocking_get_if\&lt; T \&gt;" alt="" coords="491,320,840,347">
<area shape="rect" href="$classtlm__annotated_1_1tlm__annotated__nonblocking__get__if.html" title="tlm_annotated::tlm_annotated_nonblocking_get_if\&lt; REQ \&gt;" alt="" coords="480,573,851,600">
<area shape="rect" href="$classtlm__core_1_1tlm__nonblocking__get__peek__if.html" title="tlm_core::tlm_nonblocking_get_peek_if\&lt; REQ \&gt;" alt="" coords="512,624,819,651">
<area shape="rect" href="$classtlm__core_1_1tlm__nonblocking__get__peek__if.html" title="tlm_core::tlm_nonblocking_get_peek_if\&lt; T \&gt;" alt="" coords="523,472,808,499">
<area shape="rect" href="$classtlm__core_1_1tlm__get__peek__if.html" title="tlm_core::tlm_get_peek_if\&lt; REQ \&gt;" alt="" coords="988,396,1217,423">
<area shape="rect" href="$classtlm__core_1_1tlm__peek__if.html" title="tlm_core::tlm_peek_if\&lt; REQ \&gt;" alt="" coords="564,371,767,397">
<area shape="rect" href="$classtlm__core_1_1tlm__peek__if.html" title="tlm_core::tlm_peek_if\&lt; T \&gt;" alt="" coords="575,421,756,448">
<area shape="rect" href="$classtlm__core_1_1tlm__blocking__slave__if.html" title="tlm_core::tlm_blocking_slave_if\&lt; REQ, RSP \&gt;" alt="" coords="955,447,1251,473">
<area shape="rect" href="$classtlm__annotated_1_1tlm__annotated__nonblocking__get__peek__if.html" title="tlm_annotated::tlm_annotated_nonblocking_get_peek_if\&lt; REQ \&gt;" alt="" coords="900,573,1305,600">
<area shape="rect" href="$classtlm__annotated_1_1tlm__annotated__nonblocking__slave__if.html" title="tlm_annotated::tlm_annotated_nonblocking_slave_if\&lt; REQ, RSP \&gt;" alt="" coords="1355,497,1773,524">
<area shape="rect" href="$classtlm__core_1_1tlm__nonblocking__slave__if.html" title="tlm_core::tlm_nonblocking_slave_if\&lt; REQ, RSP \&gt;" alt="" coords="944,624,1261,651">
<area shape="rect" href="$classtlm__core_1_1tlm__slave__if.html" title="tlm_core::tlm_slave_if\&lt; REQ, RSP \&gt;" alt="" coords="1444,396,1684,423">
