<area shape="rect" href="$classtlm_1_1tlm__endian__context.html" title="tlm::tlm_endian_context\&lt; tlm::tlm_endian_context \&gt;" alt="" coords="725,5,1053,32">
<area shape="rect" href="$classtlm__utils_1_1instance__specific__extension__carrier.html" title="tlm_utils::instance_specific_extension_carrier\&lt; tlm_utils::instance_specific_extension_carrier \&gt;" alt="" coords="599,56,1180,83">
<area shape="rect" href="$structtlm__utils_1_1simple__target__socket_1_1fw__process_1_1mm__end__event__ext.html" title="tlm_utils::simple_target_socket\&lt; tlm_utils::simple_target_socket::fw_process::mm_end_event_ext \&gt;::fw_process::mm_end_event_ext" alt="" coords="484,107,1295,133">
<area shape="rect" href="$structtlm__utils_1_1simple__target__socket__tagged_1_1fw__process_1_1mm__end__event__ext.html" title="tlm_utils::simple_target_socket_tagged\&lt; tlm_utils::simple_target_socket_tagged::fw_process::mm_end_event_ext \&gt;::fw_process::mm_end_event_ext" alt="" coords="436,157,1343,184">
<area shape="rect" href="$classtlm_1_1tlm__extension__base.html" title="tlm::tlm_extension_base" alt="" coords="5,81,173,108">
