<area shape="rect" href="$classtlm__fifo.html" title="tlm_fifo\&lt; T \&gt;" alt="" coords="1171,259,1269,285">
<area shape="rect" href="$classtlm__fifo__get__if.html" title="tlm_fifo_get_if\&lt; T \&gt;" alt="" coords="892,208,1031,235">
<area shape="rect" href="$classtlm__get__peek__if.html" title="tlm_get_peek_if\&lt; T \&gt;" alt="" coords="677,107,827,133">
<area shape="rect" href="$classtlm__get__if.html" title="tlm_get_if\&lt; T \&gt;" alt="" coords="459,107,571,133">
<area shape="rect" href="$classtlm__blocking__get__if.html" title="tlm_blocking_get_if\&lt; T \&gt;" alt="" coords="167,157,335,184">
<area shape="rect" href="$classtlm__blocking__get__peek__if.html" title="tlm_blocking_get_peek_if\&lt; T \&gt;" alt="" coords="412,157,617,184">
<area shape="rect" href="$classsc__interface.html" title="sc_interface" alt="" coords="7,208,100,235">
<area shape="rect" href="$classtlm__nonblocking__get__if.html" title="tlm_nonblocking_get_if\&lt; T \&gt;" alt="" coords="155,56,347,83">
<area shape="rect" href="$classtlm__blocking__peek__if.html" title="tlm_blocking_peek_if\&lt; T \&gt;" alt="" coords="161,107,340,133">
<area shape="rect" href="$classtlm__nonblocking__peek__if.html" title="tlm_nonblocking_peek_if\&lt; T \&gt;" alt="" coords="151,5,351,32">
<area shape="rect" href="$classtlm__fifo__debug__if.html" title="tlm_fifo_debug_if\&lt; T \&gt;" alt="" coords="436,208,593,235">
<area shape="rect" href="$classtlm__blocking__put__if.html" title="tlm_blocking_put_if\&lt; T \&gt;" alt="" coords="167,309,335,336">
<area shape="rect" href="$classtlm__nonblocking__put__if.html" title="tlm_nonblocking_put_if\&lt; T \&gt;" alt="" coords="155,259,347,285">
<area shape="rect" href="$classanalysis_1_1analysis__if.html" title="analysis::analysis_if\&lt; T \&gt;" alt="" coords="876,360,1047,387">
<area shape="rect" href="$classanalysis_1_1analysis__if.html" title="analysis::analysis_if\&lt; tlm_tag\&lt; T \&gt; * \&gt;" alt="" coords="1096,411,1344,437">
<area shape="rect" href="$classtlm__nonblocking__get__peek__if.html" title="tlm_nonblocking_get_peek_if\&lt; T \&gt;" alt="" coords="401,5,628,32">
<area shape="rect" href="$classtlm__peek__if.html" title="tlm_peek_if\&lt; T \&gt;" alt="" coords="453,56,576,83">
<area shape="rect" href="$classtlm__fifo__put__if.html" title="tlm_fifo_put_if\&lt; T \&gt;" alt="" coords="683,259,821,285">
<area shape="rect" href="$classtlm__put__if.html" title="tlm_put_if\&lt; T \&gt;" alt="" coords="459,259,571,285">
