<area shape="rect" href="$classtlm__annotated__master__if.html" title="tlm_annotated_master_if\&lt; REQ, RSP \&gt;" alt="" coords="1595,107,1853,133">
<area shape="rect" href="$classtlm__annotated__nonblocking__put__if.html" title="tlm_annotated_nonblocking_put_if\&lt; REQ \&gt;" alt="" coords="859,31,1136,57">
<area shape="rect" href="$classtlm__nonblocking__put__if.html" title="tlm_nonblocking_put_if\&lt; REQ \&gt;" alt="" coords="525,5,736,32">
<area shape="rect" href="$classsc__interface.html" title="sc_interface" alt="" coords="7,157,100,184">
<area shape="rect" href="$classtlm__nonblocking__get__if.html" title="tlm_nonblocking_get_if\&lt; RSP \&gt;" alt="" coords="184,81,395,108">
<area shape="rect" href="$classtlm__nonblocking__peek__if.html" title="tlm_nonblocking_peek_if\&lt; RSP \&gt;" alt="" coords="179,132,400,159">
<area shape="rect" href="$classtlm__core_1_1tlm__nonblocking__put__if.html" title="tlm_core::tlm_nonblocking_put_if\&lt; REQ \&gt;" alt="" coords="496,208,765,235">
<area shape="rect" href="$classtlm__core_1_1tlm__nonblocking__get__if.html" title="tlm_core::tlm_nonblocking_get_if\&lt; RSP \&gt;" alt="" coords="155,233,424,260">
<area shape="rect" href="$classtlm__core_1_1tlm__nonblocking__peek__if.html" title="tlm_core::tlm_nonblocking_peek_if\&lt; RSP \&gt;" alt="" coords="149,284,429,311">
<area shape="rect" href="$classtlm__annotated__nonblocking__get__peek__if.html" title="tlm_annotated_nonblocking_get_peek_if\&lt; RSP \&gt;" alt="" coords="841,107,1153,133">
<area shape="rect" href="$classtlm__annotated__nonblocking__get__if.html" title="tlm_annotated_nonblocking_get_if\&lt; RSP \&gt;" alt="" coords="492,56,769,83">
<area shape="rect" href="$classtlm__nonblocking__get__peek__if.html" title="tlm_nonblocking_get_peek_if\&lt; RSP \&gt;" alt="" coords="508,107,753,133">
<area shape="rect" href="$classtlm__core_1_1tlm__nonblocking__master__if.html" title="tlm_core::tlm_nonblocking_master_if\&lt; REQ, RSP \&gt;" alt="" coords="833,208,1161,235">
<area shape="rect" href="$classtlm__core_1_1tlm__nonblocking__get__peek__if.html" title="tlm_core::tlm_nonblocking_get_peek_if\&lt; RSP \&gt;" alt="" coords="479,259,783,285">
<area shape="rect" href="$classtlm__annotated__master__imp.html" title="tlm_annotated_master_imp\&lt; REQ, RSP \&gt;" alt="" coords="1903,107,2175,133">
