<area shape="rect" id="node2" href="$classtlm__utils_1_1instance__specific__extension__container.html" title="tlm_utils::instance_specific_extension_container" alt="" coords="1195,95,1496,123">
<area shape="rect" id="node5" href="$classtlm__utils_1_1instance__specific__extension__carrier.html" title="tlm_utils::instance_specific_extension_carrier" alt="" coords="1641,45,1924,73">
<area shape="rect" id="node7" href="$classtlm_1_1tlm__extension.html" title="tlm::tlm_extension\&lt; instance_specific_extension_carrier \&gt;" alt="" coords="553,5,911,33">
<area shape="rect" id="node9" href="$classtlm_1_1tlm__extension__base.html" title="tlm::tlm_extension_base" alt="" coords="7,39,169,67">
<area shape="rect" id="node16" href="$classtlm_1_1tlm__array.html" title="tlm::tlm_array\&lt; tlm_extension_base * \&gt;" alt="" coords="277,73,528,101">
<area shape="rect" id="node12" href="$classtlm_1_1tlm__generic__payload.html" title="tlm::tlm_generic_payload" alt="" coords="937,95,1103,123">
<area shape="rect" id="node14" href="$classtlm_1_1tlm__mm__interface.html" title="tlm::tlm_mm_interface" alt="" coords="328,123,477,151">
