<area shape="rect" href="$classtlm_1_1tlm__extension__base.html" title="tlm::tlm_extension_base" alt="" coords="5,183,173,209">
<area shape="rect" href="$classtlm_1_1tlm__extension.html" title="tlm::tlm_extension\&lt; T \&gt;" alt="" coords="433,81,596,108">
<area shape="rect" href="$classtlm_1_1tlm__extension.html" title="tlm::tlm_extension\&lt; tlm::tlm_endian_context \&gt;" alt="" coords="367,132,663,159">
<area shape="rect" href="$classtlm_1_1tlm__extension.html" title="tlm::tlm_extension\&lt; tlm_utils::instance_specific_extension_carrier \&gt;" alt="" coords="304,183,725,209">
<area shape="rect" href="$classtlm_1_1tlm__extension.html" title="tlm::tlm_extension\&lt; tlm_utils::simple_target_socket::fw_process::mm_end_event_ext \&gt;" alt="" coords="247,233,783,260">
<area shape="rect" href="$classtlm_1_1tlm__extension.html" title="tlm::tlm_extension\&lt; tlm_utils::simple_target_socket_tagged::fw_process::mm_end_event_ext \&gt;" alt="" coords="223,284,807,311">
<area shape="rect" href="$classtlm_1_1tlm__endian__context.html" title="tlm::tlm_endian_context" alt="" coords="1108,5,1271,32">
<area shape="rect" href="$classtlm__utils_1_1instance__specific__extension__carrier.html" title="tlm_utils::instance_specific_extension_carrier" alt="" coords="1044,56,1335,83">
<area shape="rect" href="$structtlm__utils_1_1simple__target__socket_1_1fw__process_1_1mm__end__event__ext.html" title="tlm_utils::simple_target_socket\&lt; MODULE, BUSWIDTH, TYPES \&gt;::fw_process::mm_end_event_ext" alt="" coords="880,107,1499,133">
<area shape="rect" href="$structtlm__utils_1_1simple__target__socket__tagged_1_1fw__process_1_1mm__end__event__ext.html" title="tlm_utils::simple_target_socket_tagged\&lt; MODULE, BUSWIDTH, TYPES \&gt;::fw_process::mm_end_event_ext" alt="" coords="856,157,1523,184">
