<area shape="rect" href="$classtlm_1_1tlm__extension__base.html" title="tlm::tlm_extension_base" alt="" coords="7,81,196,108">
<area shape="rect" href="$classtlm_1_1tlm__extension.html" title="tlm::tlm_extension\&lt; T \&gt;" alt="" coords="361,5,551,32">
<area shape="rect" href="$classtlm_1_1tlm__extension.html" title="tlm::tlm_extension\&lt; instance_specific_extension_carrier \&gt;" alt="" coords="245,56,667,83">
<area shape="rect" href="$classtlm_1_1tlm__extension.html" title="tlm::tlm_extension\&lt; mm_end_event_ext \&gt;" alt="" coords="297,107,615,133">
<area shape="rect" href="$classtlm_1_1tlm__extension.html" title="tlm::tlm_extension\&lt; tlm_endian_context \&gt;" alt="" coords="297,169,615,196">
<area shape="rect" href="$classtlm__utils_1_1instance__specific__extension__carrier.html" title="tlm_utils::instance_specific_extension_carrier" alt="" coords="1177,43,1505,69">
<area shape="rect" href="$structtlm__utils_1_1simple__target__socket_1_1fw__process_1_1mm__end__event__ext.html" title="tlm_utils::simple_target_socket\&lt; MODULE, BUSWIDTH, TYPES \&gt;::simple_target_socket::fw_process::simple_target_socket::fw_process::mm_end_event_ext" alt="" coords="797,93,1885,120">
<area shape="rect" href="$structtlm__utils_1_1simple__target__socket__tagged_1_1fw__process_1_1mm__end__event__ext.html" title="tlm_utils::simple_target_socket_tagged\&lt; MODULE, BUSWIDTH, TYPES \&gt;::simple_target_socket_tagged::fw_process::simple_target_socket_tagged::fw_process::mm_end_event_ext" alt="" coords="715,144,1968,171">
<area shape="rect" href="$classtlm_1_1tlm__endian__context.html" title="tlm::tlm_endian_context" alt="" coords="1247,195,1436,221">
