<area shape="rect" href="$classtlm_1_1tlm__base__initiator__socket__b.html" title="tlm::tlm_base_initiator_socket_b\&lt; BUSWIDTH, FW_IF, BW_IF \&gt;" alt="" coords="7,31,412,57">
<area shape="rect" href="$classtlm_1_1tlm__base__initiator__socket.html" title="tlm::tlm_base_initiator_socket\&lt; BUSWIDTH, FW_IF, BW_IF, N, POL \&gt;" alt="" coords="463,31,905,57">
<area shape="rect" href="$classtlm_1_1tlm__initiator__socket.html" title="tlm::tlm_initiator_socket\&lt; BUSWIDTH, TYPES, N, POL \&gt;" alt="" coords="955,5,1317,32">
<area shape="rect" href="$classtlm_1_1tlm__initiator__socket.html" title="tlm::tlm_initiator_socket\&lt; BUSWIDTH, TYPES \&gt;" alt="" coords="981,56,1291,83">
<area shape="rect" href="$classtlm__utils_1_1multi__init__base.html" title="tlm_utils::multi_init_base\&lt; BUSWIDTH, TYPES, N, POL \&gt;" alt="" coords="1419,5,1787,32">
<area shape="rect" href="$classtlm__utils_1_1multi__passthrough__initiator__socket.html" title="tlm_utils::multi_passthrough_initiator_socket\&lt; MODULE, BUSWIDTH, TYPES, N, POL \&gt;" alt="" coords="1888,5,2437,32">
<area shape="rect" href="$classtlm__utils_1_1simple__initiator__socket.html" title="tlm_utils::simple_initiator_socket\&lt; MODULE, BUSWIDTH, TYPES \&gt;" alt="" coords="1389,56,1816,83">
<area shape="rect" href="$classtlm__utils_1_1simple__initiator__socket__tagged.html" title="tlm_utils::simple_initiator_socket_tagged\&lt; MODULE, BUSWIDTH, TYPES \&gt;" alt="" coords="1365,107,1840,133">
