<area shape="rect" href="$classsc__core_1_1sc__interface.html" title="sc_interface" alt="" coords="7,685,100,712">
<area shape="rect" href="$classtlm_1_1analysis__if.html" title="tlm::analysis_if\&lt; tlm::analysis_triple\&lt; T \&gt; \&gt;" alt="" coords="157,100,432,127">
<area shape="rect" href="$classtlm_1_1analysis__if.html" title="tlm::analysis_if\&lt; tlm::tlm_tag\&lt; T \&gt; * \&gt;" alt="" coords="172,151,417,177">
<area shape="rect" href="$classtlm_1_1tlm__blocking__get__if.html" title="tlm::tlm_blocking_get_if\&lt; GET_DATA \&gt;" alt="" coords="167,451,423,477">
<area shape="rect" href="$classtlm_1_1tlm__blocking__get__if.html" title="tlm::tlm_blocking_get_if\&lt; REQ \&gt;" alt="" coords="187,919,403,945">
<area shape="rect" href="$classtlm_1_1tlm__blocking__get__if.html" title="tlm::tlm_blocking_get_if\&lt; RSP \&gt;" alt="" coords="188,1375,401,1401">
<area shape="rect" href="$classtlm_1_1tlm__blocking__peek__if.html" title="tlm::tlm_blocking_peek_if\&lt; GET_DATA \&gt;" alt="" coords="161,527,428,553">
<area shape="rect" href="$classtlm_1_1tlm__blocking__peek__if.html" title="tlm::tlm_blocking_peek_if\&lt; REQ \&gt;" alt="" coords="181,780,408,807">
<area shape="rect" href="$classtlm_1_1tlm__blocking__peek__if.html" title="tlm::tlm_blocking_peek_if\&lt; RSP \&gt;" alt="" coords="183,1236,407,1263">
<area shape="rect" href="$classtlm_1_1tlm__blocking__put__if.html" title="tlm::tlm_blocking_put_if\&lt; PUT_DATA \&gt;" alt="" coords="167,201,423,228">
<area shape="rect" href="$classtlm_1_1tlm__blocking__put__if.html" title="tlm::tlm_blocking_put_if\&lt; REQ \&gt;" alt="" coords="553,1084,769,1111">
<area shape="rect" href="$classtlm_1_1tlm__blocking__put__if.html" title="tlm::tlm_blocking_put_if\&lt; RSP \&gt;" alt="" coords="555,628,768,655">
<area shape="rect" href="$classtlm_1_1tlm__nonblocking__get__if.html" title="tlm::tlm_nonblocking_get_if\&lt; GET_DATA \&gt;" alt="" coords="155,331,435,357">
<area shape="rect" href="$classtlm_1_1tlm__nonblocking__get__if.html" title="tlm::tlm_nonblocking_get_if\&lt; REQ \&gt;" alt="" coords="176,843,413,869">
<area shape="rect" href="$classtlm_1_1tlm__nonblocking__get__if.html" title="tlm::tlm_nonblocking_get_if\&lt; RSP \&gt;" alt="" coords="177,1312,412,1339">
<area shape="rect" href="$classtlm_1_1tlm__nonblocking__peek__if.html" title="tlm::tlm_nonblocking_peek_if\&lt; GET_DATA \&gt;" alt="" coords="149,388,440,415">
<area shape="rect" href="$classtlm_1_1tlm__nonblocking__peek__if.html" title="tlm::tlm_nonblocking_peek_if\&lt; REQ \&gt;" alt="" coords="171,717,419,744">
<area shape="rect" href="$classtlm_1_1tlm__nonblocking__peek__if.html" title="tlm::tlm_nonblocking_peek_if\&lt; RSP \&gt;" alt="" coords="172,1160,417,1187">
<area shape="rect" href="$classtlm_1_1tlm__nonblocking__put__if.html" title="tlm::tlm_nonblocking_put_if\&lt; PUT_DATA \&gt;" alt="" coords="156,252,433,279">
<area shape="rect" href="$classtlm_1_1tlm__nonblocking__put__if.html" title="tlm::tlm_nonblocking_put_if\&lt; REQ \&gt;" alt="" coords="543,1033,780,1060">
<area shape="rect" href="$classtlm_1_1tlm__nonblocking__put__if.html" title="tlm::tlm_nonblocking_put_if\&lt; RSP \&gt;" alt="" coords="544,577,779,604">
<area shape="rect" href="$classtlm_1_1tlm__annotated__get__if.html" title="tlm::tlm_annotated_get_if\&lt; GET_DATA \&gt;" alt="" coords="941,273,1208,300">
<area shape="rect" href="$classtlm_1_1tlm__blocking__get__peek__if.html" title="tlm::tlm_blocking_get_peek_if\&lt; GET_DATA \&gt;" alt="" coords="515,527,808,553">
<area shape="rect" href="$classtlm_1_1tlm__get__if.html" title="tlm::tlm_get_if\&lt; GET_DATA \&gt;" alt="" coords="561,375,761,401">
<area shape="rect" href="$classtlm_1_1tlm__annotated__get__peek__if.html" title="tlm::tlm_annotated_get_peek_if\&lt; GET_DATA \&gt;" alt="" coords="1344,312,1648,339">
<area shape="rect" href="$classtlm_1_1tlm__annotated__put__get__imp.html" title="tlm::tlm_annotated_put_get_imp\&lt; PUT_DATA, GET_DATA \&gt;" alt="" coords="1725,211,2112,237">
<area shape="rect" href="$classtlm_1_1tlm__get__peek__if.html" title="tlm::tlm_get_peek_if\&lt; GET_DATA \&gt;" alt="" coords="956,324,1193,351">
<area shape="rect" href="$classtlm_1_1tlm__put__get__imp.html" title="tlm::tlm_put_get_imp\&lt; PUT_DATA, GET_DATA \&gt;" alt="" coords="1336,211,1656,237">
<area shape="rect" href="$classtlm_1_1tlm__annotated__get__if.html" title="tlm::tlm_annotated_get_if\&lt; REQ \&gt;" alt="" coords="961,932,1188,959">
<area shape="rect" href="$classtlm_1_1tlm__blocking__get__peek__if.html" title="tlm::tlm_blocking_get_peek_if\&lt; REQ \&gt;" alt="" coords="536,831,787,857">
<area shape="rect" href="$classtlm_1_1tlm__get__if.html" title="tlm::tlm_get_if\&lt; REQ \&gt;" alt="" coords="581,932,741,959">
<area shape="rect" href="$classtlm_1_1tlm__annotated__get__peek__if.html" title="tlm::tlm_annotated_get_peek_if\&lt; REQ \&gt;" alt="" coords="1365,780,1627,807">
<area shape="rect" href="$classtlm_1_1tlm__annotated__put__get__imp.html" title="tlm::tlm_annotated_put_get_imp\&lt; RSP, REQ \&gt;" alt="" coords="1768,704,2069,731">
<area shape="rect" href="$classtlm_1_1tlm__annotated__slave__if.html" title="tlm::tlm_annotated_slave_if\&lt; REQ, RSP \&gt;" alt="" coords="1781,603,2056,629">
<area shape="rect" href="$classtlm_1_1tlm__annotated__slave__imp.html" title="tlm::tlm_annotated_slave_imp\&lt; REQ, RSP \&gt;" alt="" coords="2165,653,2453,680">
<area shape="rect" href="$classtlm_1_1tlm__blocking__slave__if.html" title="tlm::tlm_blocking_slave_if\&lt; REQ, RSP \&gt;" alt="" coords="943,679,1207,705">
<area shape="rect" href="$classtlm_1_1tlm__get__peek__if.html" title="tlm::tlm_get_peek_if\&lt; REQ \&gt;" alt="" coords="977,780,1172,807">
<area shape="rect" href="$classtlm_1_1tlm__slave__if.html" title="tlm::tlm_slave_if\&lt; REQ, RSP \&gt;" alt="" coords="1392,653,1600,680">
<area shape="rect" href="$classtlm_1_1tlm__slave__imp.html" title="tlm::tlm_slave_imp\&lt; REQ, RSP \&gt;" alt="" coords="1808,653,2029,680">
<area shape="rect" href="$classtlm_1_1tlm__put__get__imp.html" title="tlm::tlm_put_get_imp\&lt; RSP, REQ \&gt;" alt="" coords="1379,704,1613,731">
<area shape="rect" href="$classtlm_1_1tlm__annotated__get__if.html" title="tlm::tlm_annotated_get_if\&lt; RSP \&gt;" alt="" coords="963,1439,1187,1465">
<area shape="rect" href="$classtlm_1_1tlm__blocking__get__peek__if.html" title="tlm::tlm_blocking_get_peek_if\&lt; RSP \&gt;" alt="" coords="536,1287,787,1313">
<area shape="rect" href="$classtlm_1_1tlm__get__if.html" title="tlm::tlm_get_if\&lt; RSP \&gt;" alt="" coords="583,1388,740,1415">
<area shape="rect" href="$classtlm_1_1tlm__annotated__get__peek__if.html" title="tlm::tlm_annotated_get_peek_if\&lt; RSP \&gt;" alt="" coords="1365,1287,1627,1313">
<area shape="rect" href="$classtlm_1_1tlm__annotated__master__if.html" title="tlm::tlm_annotated_master_if\&lt; REQ, RSP \&gt;" alt="" coords="1777,1109,2060,1136">
<area shape="rect" href="$classtlm_1_1tlm__annotated__put__get__imp.html" title="tlm::tlm_annotated_put_get_imp\&lt; REQ, RSP \&gt;" alt="" coords="1768,1211,2069,1237">
<area shape="rect" href="$classtlm_1_1tlm__annotated__master__imp.html" title="tlm::tlm_annotated_master_imp\&lt; REQ, RSP \&gt;" alt="" coords="2160,1160,2459,1187">
<area shape="rect" href="$classtlm_1_1tlm__blocking__master__if.html" title="tlm::tlm_blocking_master_if\&lt; REQ, RSP \&gt;" alt="" coords="939,1185,1211,1212">
<area shape="rect" href="$classtlm_1_1tlm__get__peek__if.html" title="tlm::tlm_get_peek_if\&lt; RSP \&gt;" alt="" coords="977,1287,1172,1313">
<area shape="rect" href="$classtlm_1_1tlm__master__if.html" title="tlm::tlm_master_if\&lt; REQ, RSP \&gt;" alt="" coords="1388,1160,1604,1187">
<area shape="rect" href="$classtlm_1_1tlm__master__imp.html" title="tlm::tlm_master_imp\&lt; REQ, RSP \&gt;" alt="" coords="1803,1160,2035,1187">
<area shape="rect" href="$classtlm_1_1tlm__put__get__imp.html" title="tlm::tlm_put_get_imp\&lt; REQ, RSP \&gt;" alt="" coords="1379,1211,1613,1237">
<area shape="rect" href="$classtlm_1_1tlm__peek__if.html" title="tlm::tlm_peek_if\&lt; GET_DATA \&gt;" alt="" coords="556,476,767,503">
<area shape="rect" href="$classtlm_1_1tlm__peek__if.html" title="tlm::tlm_peek_if\&lt; REQ \&gt;" alt="" coords="576,780,747,807">
<area shape="rect" href="$classtlm_1_1tlm__peek__if.html" title="tlm::tlm_peek_if\&lt; RSP \&gt;" alt="" coords="577,1236,745,1263">
<area shape="rect" href="$classtlm_1_1tlm__annotated__put__if.html" title="tlm::tlm_annotated_put_if\&lt; PUT_DATA \&gt;" alt="" coords="941,121,1208,148">
<area shape="rect" href="$classtlm_1_1tlm__put__if.html" title="tlm::tlm_put_if\&lt; PUT_DATA \&gt;" alt="" coords="561,172,761,199">
<area shape="rect" href="$classtlm_1_1tlm__annotated__put__if.html" title="tlm::tlm_annotated_put_if\&lt; REQ \&gt;" alt="" coords="1383,1059,1609,1085">
<area shape="rect" href="$classtlm_1_1tlm__put__if.html" title="tlm::tlm_put_if\&lt; REQ \&gt;" alt="" coords="995,1135,1155,1161">
<area shape="rect" href="$classtlm_1_1tlm__annotated__put__if.html" title="tlm::tlm_annotated_put_if\&lt; RSP \&gt;" alt="" coords="1384,552,1608,579">
<area shape="rect" href="$classtlm_1_1tlm__put__if.html" title="tlm::tlm_put_if\&lt; RSP \&gt;" alt="" coords="996,628,1153,655">
<area shape="rect" href="$classtlm_1_1tlm__annotated__nonblocking__get__if.html" title="tlm::tlm_annotated_nonblocking_get_if\&lt; GET_DATA \&gt;" alt="" coords="488,223,835,249">
<area shape="rect" href="$classtlm_1_1tlm__nonblocking__get__peek__if.html" title="tlm::tlm_nonblocking_get_peek_if\&lt; GET_DATA \&gt;" alt="" coords="504,324,819,351">
<area shape="rect" href="$classtlm_1_1tlm__annotated__nonblocking__get__peek__if.html" title="tlm::tlm_annotated_nonblocking_get_peek_if\&lt; GET_DATA \&gt;" alt="" coords="884,223,1265,249">
<area shape="rect" href="$classtlm_1_1tlm__annotated__nonblocking__get__if.html" title="tlm::tlm_annotated_nonblocking_get_if\&lt; REQ \&gt;" alt="" coords="509,881,813,908">
<area shape="rect" href="$classtlm_1_1tlm__nonblocking__get__peek__if.html" title="tlm::tlm_nonblocking_get_peek_if\&lt; REQ \&gt;" alt="" coords="524,729,799,756">
<area shape="rect" href="$classtlm_1_1tlm__annotated__nonblocking__get__peek__if.html" title="tlm::tlm_annotated_nonblocking_get_peek_if\&lt; REQ \&gt;" alt="" coords="905,729,1244,756">
<area shape="rect" href="$classtlm_1_1tlm__annotated__nonblocking__slave__if.html" title="tlm::tlm_annotated_nonblocking_slave_if\&lt; REQ, RSP \&gt;" alt="" coords="1320,603,1672,629">
<area shape="rect" href="$classtlm_1_1tlm__nonblocking__slave__if.html" title="tlm::tlm_nonblocking_slave_if\&lt; REQ, RSP \&gt;" alt="" coords="932,577,1217,604">
<area shape="rect" href="$classtlm_1_1tlm__annotated__nonblocking__get__if.html" title="tlm::tlm_annotated_nonblocking_get_if\&lt; RSP \&gt;" alt="" coords="511,1337,812,1364">
<area shape="rect" href="$classtlm_1_1tlm__nonblocking__get__peek__if.html" title="tlm::tlm_nonblocking_get_peek_if\&lt; RSP \&gt;" alt="" coords="525,1185,797,1212">
<area shape="rect" href="$classtlm_1_1tlm__annotated__nonblocking__get__peek__if.html" title="tlm::tlm_annotated_nonblocking_get_peek_if\&lt; RSP \&gt;" alt="" coords="905,1236,1244,1263">
<area shape="rect" href="$classtlm_1_1tlm__annotated__nonblocking__master__if.html" title="tlm::tlm_annotated_nonblocking_master_if\&lt; REQ, RSP \&gt;" alt="" coords="1315,1109,1677,1136">
<area shape="rect" href="$classtlm_1_1tlm__nonblocking__master__if.html" title="tlm::tlm_nonblocking_master_if\&lt; REQ, RSP \&gt;" alt="" coords="927,1084,1223,1111">
<area shape="rect" href="$classtlm_1_1tlm__annotated__nonblocking__put__if.html" title="tlm::tlm_annotated_nonblocking_put_if\&lt; PUT_DATA \&gt;" alt="" coords="489,121,833,148">
<area shape="rect" href="$classtlm_1_1tlm__annotated__nonblocking__put__if.html" title="tlm::tlm_annotated_nonblocking_put_if\&lt; REQ \&gt;" alt="" coords="923,983,1227,1009">
<area shape="rect" href="$classtlm_1_1tlm__annotated__nonblocking__put__if.html" title="tlm::tlm_annotated_nonblocking_put_if\&lt; RSP \&gt;" alt="" coords="924,476,1225,503">
