<area shape="rect" href="$multi__socket__bases_8h.html" title="multi_socket_bases.h" alt="" coords="3231,80,3380,107">
<area shape="rect" href="$tlm_8h.html" title="tlm.h" alt="" coords="2368,155,2419,181">
<area shape="rect" href="$tlm__version_8h.html" title="tlm_h/tlm_version.h" alt="" coords="1869,229,2008,256">
<area shape="rect" href="$tlm__analysis_8h.html" title="tlm_h/tlm_analysis/tlm_analysis.h" alt="" coords="109,229,331,256">
<area shape="rect" href="$tlm__quantum_8h.html" title="tlm_h/tlm_quantum/tlm_quantum.h" alt="" coords="2032,229,2261,256">
<area shape="rect" href="$tlm__req__rsp_8h.html" title="tlm_h/tlm_req_rsp/tlm_req_rsp.h" alt="" coords="2285,229,2501,256">
<area shape="rect" href="$tlm__trans_8h.html" title="tlm_h/tlm_trans/tlm_trans.h" alt="" coords="2641,229,2825,256">
<area shape="rect" href="$tlm__write__if_8h.html" title="tlm_write_if.h" alt="" coords="225,453,327,480">
<area shape="rect" href="$tlm__analysis__if_8h.html" title="tlm_analysis_if.h" alt="" coords="215,379,337,405">
<area shape="rect" href="$tlm__analysis__triple_8h.html" title="tlm_analysis_triple.h" alt="" coords="47,379,191,405">
<area shape="rect" href="$tlm__analysis__port_8h.html" title="tlm_analysis_port.h" alt="" coords="309,304,448,331">
<area shape="rect" href="$tlm__analysis__fifo_8h.html" title="tlm_analysis_fifo.h" alt="" coords="101,304,235,331">
<area shape="rect" href="$tlm__fifo_8h.html" title="tlm_h/tlm_req_rsp/tlm_channels/tlm_fifo/tlm_fifo.h" alt="" coords="895,379,1212,405">
<area shape="rect" href="$tlm__fifo__ifs_8h.html" title="tlm_h/tlm_req_rsp/tlm_1_interfaces/tlm_fifo_ifs.h" alt="" coords="899,453,1208,480">
<area shape="rect" href="$circular__buffer_8h.html" title="tlm_h/tlm_req_rsp/tlm_channels/tlm_fifo/circular_buffer.h" alt="" coords="981,528,1339,555">
<area shape="rect" href="$tlm__fifo__put__get_8h.html" title="tlm_h/tlm_req_rsp/tlm_channels/tlm_fifo/tlm_fifo_put_get.h" alt="" coords="1232,453,1600,480">
<area shape="rect" href="$tlm__fifo__peek_8h.html" title="tlm_h/tlm_req_rsp/tlm_channels/tlm_fifo/tlm_fifo_peek.h" alt="" coords="1624,453,1979,480">
<area shape="rect" href="$tlm__fifo__resize_8h.html" title="tlm_h/tlm_req_rsp/tlm_channels/tlm_fifo/tlm_fifo_resize.h" alt="" coords="464,453,824,480">
<area shape="rect" href="$tlm__core__ifs_8h.html" title="tlm_h/tlm_req_rsp/tlm_1_interfaces/tlm_core_ifs.h" alt="" coords="1915,528,2232,555">
<area shape="rect" href="$tlm__tag_8h.html" title="tlm_h/tlm_req_rsp/tlm_1_interfaces/tlm_tag.h" alt="" coords="2095,603,2385,629">
<area shape="rect" href="$tlm__global__quantum_8h.html" title="tlm_global_quantum.h" alt="" coords="1381,752,1536,779">
<area shape="rect" href="$tlm__master__slave__ifs_8h.html" title="tlm_1_interfaces/tlm_master_slave_ifs.h" alt="" coords="2053,453,2315,480">
<area shape="rect" href="$tlm__req__rsp__channels_8h.html" title="tlm_channels/tlm_req_rsp_channels/tlm_req_rsp_channels.h" alt="" coords="1791,304,2172,331">
<area shape="rect" href="$tlm__nonblocking__port_8h.html" title="tlm_ports/tlm_nonblocking_port.h" alt="" coords="2339,453,2557,480">
<area shape="rect" href="$tlm__adapters_8h.html" title="tlm_h/tlm_req_rsp/tlm_adapters/tlm_adapters.h" alt="" coords="2052,379,2356,405">
<area shape="rect" href="$tlm__put__get__imp_8h.html" title="tlm_h/tlm_req_rsp/tlm_channels/tlm_req_rsp_channels/tlm_put_get_imp.h" alt="" coords="1567,379,2028,405">
<area shape="rect" href="$tlm__event__finder_8h.html" title="tlm_h/tlm_req_rsp/tlm_ports/tlm_event_finder.h" alt="" coords="2256,528,2557,555">
<area shape="rect" href="$tlm__2__interfaces_8h.html" title="tlm_2_interfaces/tlm_2_interfaces.h" alt="" coords="2481,379,2716,405">
<area shape="rect" href="$tlm__generic__payload_8h.html" title="tlm_h/tlm_trans/tlm_generic_payload/tlm_generic_payload.h" alt="" coords="2736,528,3115,555">
<area shape="rect" href="$tlm__sockets_8h.html" title="tlm_sockets/tlm_sockets.h" alt="" coords="2725,304,2904,331">
<area shape="rect" href="$tlm__dmi_8h.html" title="tlm_dmi.h" alt="" coords="2528,752,2608,779">
<area shape="rect" href="$tlm__fw__bw__ifs_8h.html" title="tlm_fw_bw_ifs.h" alt="" coords="2696,453,2813,480">
<area shape="rect" href="$tlm__phase_8h.html" title="tlm_phase.h" alt="" coords="2683,603,2779,629">
<area shape="rect" href="$tlm__helpers_8h.html" title="tlm_helpers.h" alt="" coords="2960,603,3064,629">
<area shape="rect" href="$tlm__gp_8h.html" title="tlm_gp.h" alt="" coords="3021,677,3096,704">
<area shape="rect" href="$tlm__endian__conv_8h.html" title="tlm_endian_conv.h" alt="" coords="2803,603,2936,629">
<area shape="rect" href="$tlm__array_8h.html" title="tlm_array.h" alt="" coords="3240,752,3331,779">
<area shape="rect" href="$tlm__initiator__socket_8h.html" title="tlm_initiator_socket.h" alt="" coords="2740,379,2889,405">
<area shape="rect" href="$tlm__target__socket_8h.html" title="tlm_target_socket.h" alt="" coords="2913,379,3052,405">
