<area shape="rect" href="$tlm_8h.html" title="tlm.h" alt="" coords="1228,84,1284,111">
<area shape="rect" href="$tlm__version_8h.html" title="tlm_h/tlm_version.h" alt="" coords="1576,161,1728,188">
<area shape="rect" href="$tlm__analysis_8h.html" title="tlm_1/tlm_analysis/tlm_analysis.h" alt="" coords="184,161,427,188">
<area shape="rect" href="$tlm__req__rsp_8h.html" title="tlm_1/tlm_req_rsp/tlm_req_rsp.h" alt="" coords="2749,161,2987,188">
<area shape="rect" href="$tlm__2__interfaces_8h.html" title="tlm_h/tlm_2_interfaces/tlm_2_interfaces.h" alt="" coords="536,239,843,265">
<area shape="rect" href="$tlm__generic__payload_8h.html" title="tlm_h/tlm_generic_payload/tlm_generic_payload.h" alt="" coords="427,393,781,420">
<area shape="rect" href="$tlm__sockets_8h.html" title="tlm_h/tlm_sockets/tlm_sockets.h" alt="" coords="973,161,1219,188">
<area shape="rect" href="$tlm__quantum_8h.html" title="tlm_h/tlm_quantum/tlm_quantum.h" alt="" coords="1293,161,1552,188">
<area shape="rect" href="$tlm__write__if_8h.html" title="tlm_write_if.h" alt="" coords="128,393,240,420">
<area shape="rect" href="$tlm__analysis__if_8h.html" title="tlm_analysis_if.h" alt="" coords="209,316,337,343">
<area shape="rect" href="$tlm__analysis__triple_8h.html" title="tlm_analysis_triple.h" alt="" coords="361,316,519,343">
<area shape="rect" href="$tlm__analysis__port_8h.html" title="tlm_analysis_port.h" alt="" coords="93,239,243,265">
<area shape="rect" href="$tlm__analysis__fifo_8h.html" title="tlm_analysis_fifo.h" alt="" coords="368,239,512,265">
<area shape="rect" href="$tlm__fifo_8h.html" title="tlm_1/tlm_req_rsp/tlm_channels/tlm_fifo/tlm_fifo.h" alt="" coords="1491,316,1848,343">
<area shape="rect" href="$tlm__fifo__ifs_8h.html" title="tlm_1/tlm_req_rsp/tlm_1_interfaces/tlm_fifo_ifs.h" alt="" coords="2200,393,2549,420">
<area shape="rect" href="$circular__buffer_8h.html" title="tlm_1/tlm_req_rsp/tlm_channels/tlm_fifo/circular_buffer.h" alt="" coords="1265,471,1665,497">
<area shape="rect" href="$tlm__fifo__put__get_8h.html" title="tlm_1/tlm_req_rsp/tlm_channels/tlm_fifo/tlm_fifo_put_get.h" alt="" coords="1707,393,2125,420">
<area shape="rect" href="$tlm__fifo__peek_8h.html" title="tlm_1/tlm_req_rsp/tlm_channels/tlm_fifo/tlm_fifo_peek.h" alt="" coords="805,393,1203,420">
<area shape="rect" href="$tlm__fifo__resize_8h.html" title="tlm_1/tlm_req_rsp/tlm_channels/tlm_fifo/tlm_fifo_resize.h" alt="" coords="1227,393,1632,420">
<area shape="rect" href="$tlm__core__ifs_8h.html" title="tlm_1/tlm_req_rsp/tlm_1_interfaces/tlm_core_ifs.h" alt="" coords="2525,471,2883,497">
<area shape="rect" href="$tlm__tag_8h.html" title="tlm_1/tlm_req_rsp/tlm_1_interfaces/tlm_tag.h" alt="" coords="2727,548,3055,575">
<area shape="rect" href="$tlm__master__slave__ifs_8h.html" title="tlm_1_interfaces/tlm_master_slave_ifs.h" alt="" coords="2573,393,2867,420">
<area shape="rect" href="$tlm__req__rsp__channels_8h.html" title="tlm_channels/tlm_req_rsp_channels/tlm_req_rsp_channels.h" alt="" coords="2157,239,2576,265">
<area shape="rect" href="$tlm__nonblocking__port_8h.html" title="tlm_ports/tlm_nonblocking_port.h" alt="" coords="2956,393,3199,420">
<area shape="rect" href="$tlm__adapters_8h.html" title="tlm_1/tlm_req_rsp/tlm_adapters/tlm_adapters.h" alt="" coords="1951,316,2292,343">
<area shape="rect" href="$tlm__put__get__imp_8h.html" title="tlm_1/tlm_req_rsp/tlm_channels/tlm_req_rsp_channels/tlm_put_get_imp.h" alt="" coords="2316,316,2831,343">
<area shape="rect" href="$tlm__event__finder_8h.html" title="tlm_1/tlm_req_rsp/tlm_ports/tlm_event_finder.h" alt="" coords="2907,471,3248,497">
<area shape="rect" href="$tlm__dmi_8h.html" title="tlm_dmi.h" alt="" coords="264,393,352,420">
<area shape="rect" href="$tlm__fw__bw__ifs_8h.html" title="tlm_fw_bw_ifs.h" alt="" coords="609,316,737,343">
<area shape="rect" href="$tlm__helpers_8h.html" title="tlm_helpers.h" alt="" coords="773,471,885,497">
<area shape="rect" href="$tlm__phase_8h.html" title="tlm_phase.h" alt="" coords="645,471,749,497">
<area shape="rect" href="$tlm__gp_8h.html" title="tlm_gp.h" alt="" coords="507,548,587,575">
<area shape="rect" href="$tlm__endian__conv_8h.html" title="tlm_endian_conv.h" alt="" coords="427,471,571,497">
<area shape="rect" href="$tlm__array_8h.html" title="tlm_array.h" alt="" coords="528,625,624,652">
<area shape="rect" href="$tlm__initiator__socket_8h.html" title="tlm_initiator_socket.h" alt="" coords="867,239,1035,265">
<area shape="rect" href="$tlm__target__socket_8h.html" title="tlm_target_socket.h" alt="" coords="1059,239,1219,265">
<area shape="rect" href="$tlm__global__quantum_8h.html" title="tlm_global_quantum.h" alt="" coords="1364,625,1532,652">
