<area shape="rect" href="$classtlm_1_1tlm__endian__context.html#e291fca8f514174828d9d17b3adbe4ba" title="tlm::tlm_endian_context::establish_bebuf" alt="" coords="307,5,611,32">
<area shape="rect" href="$namespacetlm.html#3d28c3714f7375334465f92755ed3e36" title="tlm::establish_context" alt="" coords="371,56,547,83">
<area shape="rect" href="$classtlm_1_1tlm__endian__context.html#e667b8c79527e2ac2fe5355e1e5854d5" title="tlm::tlm_endian_context::establish_dbuf" alt="" coords="311,107,607,133">
<area shape="rect" href="$classtlm_1_1tlm__generic__payload.html#56d9cf62de27f45e93a45bf5c144c288" title="tlm::tlm_generic_payload::get_address" alt="" coords="316,157,601,184">
<area shape="rect" href="$classtlm_1_1tlm__generic__payload.html#38b031e6dcbb51db9f368b494c4ff091" title="tlm::tlm_generic_payload::get_byte_enable_ptr" alt="" coords="287,208,631,235">
<area shape="rect" href="$classtlm_1_1tlm__generic__payload.html#e1e9ec21a8dddd5fbf612d41814f54d7" title="tlm::tlm_generic_payload::get_data_length" alt="" coords="301,259,616,285">
<area shape="rect" href="$classtlm_1_1tlm__generic__payload.html#195859527e5438cd8260d28eef1eb076" title="tlm::tlm_generic_payload::get_data_ptr" alt="" coords="313,309,604,336">
<area shape="rect" href="$classtlm_1_1tlm__generic__payload.html#a99b26718e52fd5a49ab8475b44b8dac" title="tlm::tlm_generic_payload::is_read" alt="" coords="335,360,583,387">
<area shape="rect" href="$namespacetlm.html#2c4671fae3a52f0d9250c56535776cce" title="tlm::loop_word1" alt="" coords="395,411,523,437">
<area shape="rect" href="$classtlm_1_1tlm__generic__payload.html#486d7746584d058f148f6b3d6aab55c4" title="tlm::tlm_generic_payload::set_address" alt="" coords="317,461,600,488">
<area shape="rect" href="$classtlm_1_1tlm__generic__payload.html#465e5b08194660aa0b66d4e8219fa887" title="tlm::tlm_generic_payload::set_byte_enable_length" alt="" coords="276,512,641,539">
<area shape="rect" href="$classtlm_1_1tlm__generic__payload.html#ef1f7d2a2d743aaa304a85d361e880db" title="tlm::tlm_generic_payload::set_byte_enable_ptr" alt="" coords="287,563,631,589">
<area shape="rect" href="$classtlm_1_1tlm__generic__payload.html#8bb2743225851e7d2e8d5c3f0213f379" title="tlm::tlm_generic_payload::set_data_length" alt="" coords="303,613,615,640">
<area shape="rect" href="$classtlm_1_1tlm__generic__payload.html#03a1359e212624b834b64ac4b36a82ba" title="tlm::tlm_generic_payload::set_data_ptr" alt="" coords="313,664,604,691">
<area shape="rect" href="$classtlm_1_1tlm__generic__payload.html#bdd0e57c84918a6a1796248e577979f7" title="tlm::tlm_generic_payload::set_streaming_width" alt="" coords="287,715,631,741">
<area shape="rect" href="$classtlm_1_1tlm__generic__payload.html#57e1f088841057cd1c2717701c240396" title="tlm::tlm_generic_payload::get_extension" alt="" coords="692,5,991,32">
<area shape="rect" href="$classtlm_1_1tlm__endian__context__pool.html#a38c31e12f7ccc9a2610442de40074a8" title="tlm::tlm_endian_context_pool::pop" alt="" coords="712,56,971,83">
<area shape="rect" href="$classtlm_1_1tlm__generic__payload.html#736d6fe355b64be5280ba32386566163" title="tlm::tlm_generic_payload::set_extension" alt="" coords="692,107,991,133">
