<area shape="rect" href="$namespacetlm.html#3d28c3714f7375334465f92755ed3e36" title="tlm::establish_context" alt="" coords="345,31,497,57">
<area shape="rect" href="$classtlm_1_1tlm__buffer__pool.html#4f26fed0eba7796a462b4e13258488cc" title="tlm::tlm_buffer_pool::get_a_buffer" alt="" coords="309,81,533,108">
<area shape="rect" href="$classtlm_1_1tlm__generic__payload.html#38b031e6dcbb51db9f368b494c4ff091" title="tlm::tlm_generic_payload::get_byte_enable_ptr" alt="" coords="272,132,571,159">
<area shape="rect" href="$classtlm_1_1tlm__generic__payload.html#e1e9ec21a8dddd5fbf612d41814f54d7" title="tlm::tlm_generic_payload::get_data_length" alt="" coords="284,183,559,209">
<area shape="rect" href="$classtlm_1_1tlm__generic__payload.html#195859527e5438cd8260d28eef1eb076" title="tlm::tlm_generic_payload::get_data_ptr" alt="" coords="295,233,548,260">
<area shape="rect" href="$classtlm_1_1tlm__generic__payload.html#234bd44edb3ccb706b7ba030c3a2200d" title="tlm::tlm_generic_payload::is_write" alt="" coords="309,284,533,311">
<area shape="rect" href="$classtlm_1_1tlm__generic__payload.html#465e5b08194660aa0b66d4e8219fa887" title="tlm::tlm_generic_payload::set_byte_enable_length" alt="" coords="261,335,581,361">
<area shape="rect" href="$classtlm_1_1tlm__generic__payload.html#ef1f7d2a2d743aaa304a85d361e880db" title="tlm::tlm_generic_payload::set_byte_enable_ptr" alt="" coords="272,385,571,412">
<area shape="rect" href="$classtlm_1_1tlm__generic__payload.html#03a1359e212624b834b64ac4b36a82ba" title="tlm::tlm_generic_payload::set_data_ptr" alt="" coords="295,436,548,463">
<area shape="rect" href="$classtlm_1_1tlm__generic__payload.html#57e1f088841057cd1c2717701c240396" title="tlm::tlm_generic_payload::get_extension" alt="" coords="631,5,892,32">
<area shape="rect" href="$classtlm_1_1tlm__generic__payload.html#736d6fe355b64be5280ba32386566163" title="tlm::tlm_generic_payload::set_extension" alt="" coords="631,56,892,83">
