<area shape="rect" href="$namespacetlm.html#3d28c3714f7375334465f92755ed3e36" title="tlm::establish_context" alt="" coords="349,31,501,57">
<area shape="rect" href="$classtlm_1_1tlm__buffer__pool.html#4f26fed0eba7796a462b4e13258488cc" title="tlm::tlm_buffer_pool::get_a_buffer" alt="" coords="313,81,537,108">
<area shape="rect" href="$classtlm_1_1tlm__generic__payload.html#56d9cf62de27f45e93a45bf5c144c288" title="tlm::tlm_generic_payload::get_address" alt="" coords="300,132,551,159">
<area shape="rect" href="$classtlm_1_1tlm__generic__payload.html#76711646a3572d111dc6d80769e55158" title="tlm::tlm_generic_payload::get_byte_enable_length" alt="" coords="265,183,585,209">
<area shape="rect" href="$classtlm_1_1tlm__generic__payload.html#38b031e6dcbb51db9f368b494c4ff091" title="tlm::tlm_generic_payload::get_byte_enable_ptr" alt="" coords="276,233,575,260">
<area shape="rect" href="$classtlm_1_1tlm__generic__payload.html#e1e9ec21a8dddd5fbf612d41814f54d7" title="tlm::tlm_generic_payload::get_data_length" alt="" coords="288,284,563,311">
<area shape="rect" href="$classtlm_1_1tlm__generic__payload.html#195859527e5438cd8260d28eef1eb076" title="tlm::tlm_generic_payload::get_data_ptr" alt="" coords="299,335,552,361">
<area shape="rect" href="$classtlm_1_1tlm__generic__payload.html#8cc2025a351f5fa8cf3e91a03a089a81" title="tlm::tlm_generic_payload::get_streaming_width" alt="" coords="275,385,576,412">
<area shape="rect" href="$classtlm_1_1tlm__generic__payload.html#234bd44edb3ccb706b7ba030c3a2200d" title="tlm::tlm_generic_payload::is_write" alt="" coords="313,436,537,463">
<area shape="rect" href="$classtlm_1_1tlm__generic__payload.html#486d7746584d058f148f6b3d6aab55c4" title="tlm::tlm_generic_payload::set_address" alt="" coords="300,487,551,513">
<area shape="rect" href="$classtlm_1_1tlm__generic__payload.html#465e5b08194660aa0b66d4e8219fa887" title="tlm::tlm_generic_payload::set_byte_enable_length" alt="" coords="265,537,585,564">
<area shape="rect" href="$classtlm_1_1tlm__generic__payload.html#ef1f7d2a2d743aaa304a85d361e880db" title="tlm::tlm_generic_payload::set_byte_enable_ptr" alt="" coords="276,588,575,615">
<area shape="rect" href="$classtlm_1_1tlm__generic__payload.html#8bb2743225851e7d2e8d5c3f0213f379" title="tlm::tlm_generic_payload::set_data_length" alt="" coords="288,639,563,665">
<area shape="rect" href="$classtlm_1_1tlm__generic__payload.html#03a1359e212624b834b64ac4b36a82ba" title="tlm::tlm_generic_payload::set_data_ptr" alt="" coords="299,689,552,716">
<area shape="rect" href="$classtlm_1_1tlm__generic__payload.html#bdd0e57c84918a6a1796248e577979f7" title="tlm::tlm_generic_payload::set_streaming_width" alt="" coords="275,740,576,767">
<area shape="rect" href="$classtlm_1_1tlm__generic__payload.html#57e1f088841057cd1c2717701c240396" title="tlm::tlm_generic_payload::get_extension" alt="" coords="636,5,897,32">
<area shape="rect" href="$classtlm_1_1tlm__generic__payload.html#736d6fe355b64be5280ba32386566163" title="tlm::tlm_generic_payload::set_extension" alt="" coords="636,56,897,83">
