<area shape="rect" href="$tlm_8h.html" title="tlm.h" alt="" coords="2388,80,2439,107">
<area shape="rect" href="$peq__with__get_8h.html" title="peq_with_get.h" alt="" coords="2933,80,3045,107">
<area shape="rect" href="$tlm__version_8h.html" title="tlm_h/tlm_version.h" alt="" coords="1731,155,1869,181">
<area shape="rect" href="$tlm__analysis_8h.html" title="tlm_h/tlm_analysis/tlm_analysis.h" alt="" coords="175,155,396,181">
<area shape="rect" href="$tlm__quantum_8h.html" title="tlm_h/tlm_quantum/tlm_quantum.h" alt="" coords="2723,229,2952,256">
<area shape="rect" href="$tlm__req__rsp_8h.html" title="tlm_h/tlm_req_rsp/tlm_req_rsp.h" alt="" coords="1893,155,2109,181">
<area shape="rect" href="$tlm__trans_8h.html" title="tlm_h/tlm_trans/tlm_trans.h" alt="" coords="2321,155,2505,181">
<area shape="rect" href="$tlm__write__if_8h.html" title="tlm_write_if.h" alt="" coords="5,379,107,405">
<area shape="rect" href="$tlm__analysis__if_8h.html" title="tlm_analysis_if.h" alt="" coords="100,304,223,331">
<area shape="rect" href="$tlm__analysis__triple_8h.html" title="tlm_analysis_triple.h" alt="" coords="320,304,464,331">
<area shape="rect" href="$tlm__analysis__port_8h.html" title="tlm_analysis_port.h" alt="" coords="33,229,172,256">
<area shape="rect" href="$tlm__analysis__fifo_8h.html" title="tlm_analysis_fifo.h" alt="" coords="348,229,481,256">
<area shape="rect" href="$tlm__fifo_8h.html" title="tlm_h/tlm_req_rsp/tlm_channels/tlm_fifo/tlm_fifo.h" alt="" coords="592,304,909,331">
<area shape="rect" href="$tlm__fifo__ifs_8h.html" title="tlm_h/tlm_req_rsp/tlm_1_interfaces/tlm_fifo_ifs.h" alt="" coords="1336,379,1645,405">
<area shape="rect" href="$circular__buffer_8h.html" title="tlm_h/tlm_req_rsp/tlm_channels/tlm_fifo/circular_buffer.h" alt="" coords="849,453,1207,480">
<area shape="rect" href="$tlm__fifo__put__get_8h.html" title="tlm_h/tlm_req_rsp/tlm_channels/tlm_fifo/tlm_fifo_put_get.h" alt="" coords="181,379,549,405">
<area shape="rect" href="$tlm__fifo__peek_8h.html" title="tlm_h/tlm_req_rsp/tlm_channels/tlm_fifo/tlm_fifo_peek.h" alt="" coords="573,379,928,405">
<area shape="rect" href="$tlm__fifo__resize_8h.html" title="tlm_h/tlm_req_rsp/tlm_channels/tlm_fifo/tlm_fifo_resize.h" alt="" coords="952,379,1312,405">
<area shape="rect" href="$tlm__core__ifs_8h.html" title="tlm_h/tlm_req_rsp/tlm_1_interfaces/tlm_core_ifs.h" alt="" coords="1483,453,1800,480">
<area shape="rect" href="$tlm__tag_8h.html" title="tlm_h/tlm_req_rsp/tlm_1_interfaces/tlm_tag.h" alt="" coords="1663,528,1953,555">
<area shape="rect" href="$tlm__global__quantum_8h.html" title="tlm_global_quantum.h" alt="" coords="2760,677,2915,704">
<area shape="rect" href="$tlm__master__slave__ifs_8h.html" title="tlm_1_interfaces/tlm_master_slave_ifs.h" alt="" coords="1669,379,1931,405">
<area shape="rect" href="$tlm__req__rsp__channels_8h.html" title="tlm_channels/tlm_req_rsp_channels/tlm_req_rsp_channels.h" alt="" coords="1373,229,1755,256">
<area shape="rect" href="$tlm__nonblocking__port_8h.html" title="tlm_ports/tlm_nonblocking_port.h" alt="" coords="2005,379,2224,405">
<area shape="rect" href="$tlm__adapters_8h.html" title="tlm_h/tlm_req_rsp/tlm_adapters/tlm_adapters.h" alt="" coords="1635,304,1939,331">
<area shape="rect" href="$tlm__put__get__imp_8h.html" title="tlm_h/tlm_req_rsp/tlm_channels/tlm_req_rsp_channels/tlm_put_get_imp.h" alt="" coords="1149,304,1611,331">
<area shape="rect" href="$tlm__event__finder_8h.html" title="tlm_h/tlm_req_rsp/tlm_ports/tlm_event_finder.h" alt="" coords="1824,453,2125,480">
<area shape="rect" href="$tlm__2__interfaces_8h.html" title="tlm_2_interfaces/tlm_2_interfaces.h" alt="" coords="2451,304,2685,331">
<area shape="rect" href="$tlm__generic__payload_8h.html" title="tlm_h/tlm_trans/tlm_generic_payload/tlm_generic_payload.h" alt="" coords="2251,453,2629,480">
<area shape="rect" href="$tlm__sockets_8h.html" title="tlm_sockets/tlm_sockets.h" alt="" coords="2197,229,2376,256">
<area shape="rect" href="$tlm__dmi_8h.html" title="tlm_dmi.h" alt="" coords="2605,677,2685,704">
<area shape="rect" href="$tlm__fw__bw__ifs_8h.html" title="tlm_fw_bw_ifs.h" alt="" coords="2248,379,2365,405">
<area shape="rect" href="$tlm__phase_8h.html" title="tlm_phase.h" alt="" coords="2203,528,2299,555">
<area shape="rect" href="$tlm__helpers_8h.html" title="tlm_helpers.h" alt="" coords="2531,528,2635,555">
<area shape="rect" href="$tlm__gp_8h.html" title="tlm_gp.h" alt="" coords="2456,603,2531,629">
<area shape="rect" href="$tlm__endian__conv_8h.html" title="tlm_endian_conv.h" alt="" coords="2373,528,2507,555">
<area shape="rect" href="$tlm__array_8h.html" title="tlm_array.h" alt="" coords="2035,677,2125,704">
<area shape="rect" href="$tlm__initiator__socket_8h.html" title="tlm_initiator_socket.h" alt="" coords="2064,304,2213,331">
<area shape="rect" href="$tlm__target__socket_8h.html" title="tlm_target_socket.h" alt="" coords="2237,304,2376,331">
