<area shape="rect" href="$instance__specific__extensions_8h.html" title="C:/ESLX/projects/TLMWG/tlm2/include/tlm/tlm_utils/instance_specific_extensions.h" alt="" coords="5,80,520,107">
<area shape="rect" href="$multi__socket__bases_8h.html" title="C:/ESLX/projects/TLMWG/tlm2/include/tlm/tlm_utils/multi_socket_bases.h" alt="" coords="544,80,1003,107">
<area shape="rect" href="$passthrough__target__socket_8h.html" title="C:/ESLX/projects/TLMWG/tlm2/include/tlm/tlm_utils/passthrough_target_socket.h" alt="" coords="1027,80,1531,107">
<area shape="rect" href="$peq__with__cb__and__phase_8h.html" title="C:/ESLX/projects/TLMWG/tlm2/include/tlm/tlm_utils/peq_with_cb_and_phase.h" alt="" coords="1555,80,2045,107">
<area shape="rect" href="$simple__initiator__socket_8h.html" title="C:/ESLX/projects/TLMWG/tlm2/include/tlm/tlm_utils/simple_initiator_socket.h" alt="" coords="2069,80,2547,107">
<area shape="rect" href="$simple__target__socket_8h.html" title="C:/ESLX/projects/TLMWG/tlm2/include/tlm/tlm_utils/simple_target_socket.h" alt="" coords="2571,80,3040,107">
<area shape="rect" href="$multi__passthrough__initiator__socket_8h.html" title="C:/ESLX/projects/TLMWG/tlm2/include/tlm/tlm_utils/multi_passthrough_initiator_socket.h" alt="" coords="216,155,763,181">
<area shape="rect" href="$multi__passthrough__target__socket_8h.html" title="C:/ESLX/projects/TLMWG/tlm2/include/tlm/tlm_utils/multi_passthrough_target_socket.h" alt="" coords="787,155,1325,181">
