<area shape="rect" href="$tlm__initiator__socket_8h.html" title="tlm_initiator_socket.h" alt="" coords="271,80,420,107">
<area shape="rect" href="$tlm__target__socket_8h.html" title="tlm_target_socket.h" alt="" coords="444,80,583,107">
<area shape="rect" href="$tlm__fw__bw__ifs_8h.html" title="tlm_h/tlm_annotated/tlm_fw_bw_ifs/tlm_fw_bw_ifs.h" alt="" coords="264,155,595,181">
<area shape="rect" href="$tlm__generic__payload_8h.html" title="tlm_h/tlm_generic_payload/tlm_generic_payload.h" alt="" coords="152,229,472,256">
<area shape="rect" href="$tlm__helpers_8h.html" title="tlm_helpers.h" alt="" coords="191,379,295,405">
<area shape="rect" href="$tlm__gp_8h.html" title="tlm_gp.h" alt="" coords="5,304,80,331">
<area shape="rect" href="$tlm__data__serializers_8h.html" title="tlm_data_serializers.h" alt="" coords="104,304,256,331">
<area shape="rect" href="$tlm__dmi_8h.html" title="tlm_dmi.h" alt="" coords="331,304,411,331">
<area shape="rect" href="$tlm__debug__payload_8h.html" title="tlm_debug_payload.h" alt="" coords="369,379,519,405">
<area shape="rect" href="$tlm__array_8h.html" title="tlm_array.h" alt="" coords="13,379,104,405">
