<area shape="rect" href="$tlm__core__ifs_8h.html" title="tlm_1_interfaces/tlm_core_ifs.h" alt="" coords="1937,304,2145,331">
<area shape="rect" href="$tlm__master__slave__ifs_8h.html" title="tlm_1_interfaces/tlm_master_slave_ifs.h" alt="" coords="5,229,267,256">
<area shape="rect" href="$tlm__req__rsp__channels_8h.html" title="tlm_channels/tlm_req_rsp_channels/tlm_req_rsp_channels.h" alt="" coords="816,80,1197,107">
<area shape="rect" href="$tlm__nonblocking__port_8h.html" title="tlm_ports/tlm_nonblocking_port.h" alt="" coords="2211,229,2429,256">
<area shape="rect" href="$tlm__tag_8h.html" title="tlm_h/tlm_req_rsp/tlm_1_interfaces/tlm_tag.h" alt="" coords="2035,379,2325,405">
<area shape="rect" href="$tlm__adapters_8h.html" title="tlm_h/tlm_req_rsp/tlm_adapters/tlm_adapters.h" alt="" coords="685,155,989,181">
<area shape="rect" href="$tlm__fifo_8h.html" title="tlm_h/tlm_req_rsp/tlm_channels/tlm_fifo/tlm_fifo.h" alt="" coords="1017,155,1335,181">
<area shape="rect" href="$tlm__put__get__imp_8h.html" title="tlm_h/tlm_req_rsp/tlm_channels/tlm_req_rsp_channels/tlm_put_get_imp.h" alt="" coords="192,155,653,181">
<area shape="rect" href="$tlm__fifo__ifs_8h.html" title="tlm_h/tlm_req_rsp/tlm_1_interfaces/tlm_fifo_ifs.h" alt="" coords="1051,229,1360,256">
<area shape="rect" href="$circular__buffer_8h.html" title="tlm_h/tlm_req_rsp/tlm_channels/tlm_fifo/circular_buffer.h" alt="" coords="669,229,1027,256">
<area shape="rect" href="$tlm__fifo__put__get_8h.html" title="tlm_h/tlm_req_rsp/tlm_channels/tlm_fifo/tlm_fifo_put_get.h" alt="" coords="1768,229,2136,256">
<area shape="rect" href="$tlm__fifo__peek_8h.html" title="tlm_h/tlm_req_rsp/tlm_channels/tlm_fifo/tlm_fifo_peek.h" alt="" coords="291,229,645,256">
<area shape="rect" href="$tlm__fifo__resize_8h.html" title="tlm_h/tlm_req_rsp/tlm_channels/tlm_fifo/tlm_fifo_resize.h" alt="" coords="1384,229,1744,256">
<area shape="rect" href="$tlm__event__finder_8h.html" title="tlm_h/tlm_req_rsp/tlm_ports/tlm_event_finder.h" alt="" coords="2169,304,2471,331">
