<area shape="rect" href="$tlm__gp_8h.html" title="include/tlm/tlm_h/tlm_generic_payload/tlm_gp.h" alt="" coords="1113,84,1455,111">
<area shape="rect" href="$tlm__generic__payload_8h.html" title="include/tlm/tlm_h/tlm_generic_payload/tlm_generic_payload.h" alt="" coords="1068,239,1500,265">
<area shape="rect" href="$tlm__endian__conv_8h.html" title="include/tlm/tlm_h/tlm_generic_payload/tlm_endian_conv.h" alt="" coords="1201,161,1609,188">
<area shape="rect" href="$tlm__fw__bw__ifs_8h.html" title="include/tlm/tlm_h/tlm_2_interfaces/tlm_fw_bw_ifs.h" alt="" coords="793,316,1159,343">
<area shape="rect" href="$tlm_8h.html" title="include/tlm/tlm.h" alt="" coords="1029,548,1163,575">
<area shape="rect" href="$tlm__2__interfaces_8h.html" title="include/tlm/tlm_h/tlm_2_interfaces/tlm_2_interfaces.h" alt="" coords="465,471,849,497">
<area shape="rect" href="$tlm__initiator__socket_8h.html" title="include/tlm/tlm_h/tlm_sockets/tlm_initiator_socket.h" alt="" coords="633,393,1009,420">
<area shape="rect" href="$tlm__target__socket_8h.html" title="include/tlm/tlm_h/tlm_sockets/tlm_target_socket.h" alt="" coords="1033,393,1401,420">
<area shape="rect" href="$instance__specific__extensions_8h.html" title="include/tlm/tlm_utils/instance_specific_extensions.h" alt="" coords="5,625,376,652">
<area shape="rect" href="$multi__socket__bases_8h.html" title="include/tlm/tlm_utils/multi_socket_bases.h" alt="" coords="400,625,707,652">
<area shape="rect" href="$passthrough__target__socket_8h.html" title="include/tlm/tlm_utils/passthrough_target_socket.h" alt="" coords="731,625,1091,652">
<area shape="rect" href="$peq__with__cb__and__phase_8h.html" title="include/tlm/tlm_utils/peq_with_cb_and_phase.h" alt="" coords="1115,625,1451,652">
<area shape="rect" href="$simple__initiator__socket_8h.html" title="include/tlm/tlm_utils/simple_initiator_socket.h" alt="" coords="1475,625,1803,652">
<area shape="rect" href="$simple__target__socket_8h.html" title="include/tlm/tlm_utils/simple_target_socket.h" alt="" coords="1827,625,2147,652">
<area shape="rect" href="$multi__passthrough__initiator__socket_8h.html" title="include/tlm/tlm_utils/multi_passthrough_initiator_socket.h" alt="" coords="135,703,543,729">
<area shape="rect" href="$multi__passthrough__target__socket_8h.html" title="include/tlm/tlm_utils/multi_passthrough_target_socket.h" alt="" coords="567,703,967,729">
<area shape="rect" href="$tlm__sockets_8h.html" title="include/tlm/tlm_h/tlm_sockets/tlm_sockets.h" alt="" coords="935,471,1257,497">
