<area shape="rect" href="$tlm__initiator__socket_8h.html" title="tlm_initiator_socket.h" alt="" coords="112,80,261,107">
<area shape="rect" href="$tlm__target__socket_8h.html" title="tlm_target_socket.h" alt="" coords="285,80,424,107">
<area shape="rect" href="$tlm__fw__bw__ifs_8h.html" title="tlm_h/tlm_trans/tlm_2_interfaces/tlm_fw_bw_ifs.h" alt="" coords="113,155,428,181">
<area shape="rect" href="$tlm__generic__payload_8h.html" title="tlm_h/tlm_trans/tlm_generic_payload/tlm_generic_payload.h" alt="" coords="308,229,687,256">
<area shape="rect" href="$tlm__phase_8h.html" title="tlm_phase.h" alt="" coords="259,304,355,331">
<area shape="rect" href="$tlm__helpers_8h.html" title="tlm_helpers.h" alt="" coords="544,304,648,331">
<area shape="rect" href="$tlm__gp_8h.html" title="tlm_gp.h" alt="" coords="529,379,604,405">
<area shape="rect" href="$tlm__endian__conv_8h.html" title="tlm_endian_conv.h" alt="" coords="387,304,520,331">
<area shape="rect" href="$tlm__array_8h.html" title="tlm_array.h" alt="" coords="551,453,641,480">
