<area shape="rect" href="$tlm__adapters_8h.html" title="tlm_h/tlm_core/tlm_adapters/tlm_adapters.h" alt="" coords="33,80,316,107">
<area shape="rect" href="$tlm__fifo_8h.html" title="tlm_h/tlm_core/tlm_fifo/tlm_fifo.h" alt="" coords="832,80,1048,107">
<area shape="rect" href="$tlm__put__get__imp_8h.html" title="tlm_h/tlm_core/tlm_req_rsp/tlm_put_get_imp.h" alt="" coords="340,80,639,107">
<area shape="rect" href="$tlm__master__slave__ifs_8h.html" title="tlm_h/tlm_core/tlm_interfaces/tlm_master_slave_ifs.h" alt="" coords="5,155,344,181">
<area shape="rect" href="$tlm__core__ifs_8h.html" title="tlm_h/tlm_core/tlm_interfaces/tlm_core_ifs.h" alt="" coords="199,229,484,256">
<area shape="rect" href="$tlm__tag_8h.html" title="tlm_h/tlm_core/tlm_interfaces/tlm_tag.h" alt="" coords="213,304,469,331">
<area shape="rect" href="$tlm__fifo__ifs_8h.html" title="tlm_h/tlm_core/tlm_interfaces/tlm_fifo_ifs.h" alt="" coords="368,155,645,181">
<area shape="rect" href="$circular__buffer_8h.html" title="tlm_h/tlm_core/tlm_fifo/circular_buffer.h" alt="" coords="669,155,925,181">
<area shape="rect" href="$tlm__fifo__put__get_8h.html" title="tlm_h/tlm_core/tlm_fifo/tlm_fifo_put_get.h" alt="" coords="949,155,1216,181">
<area shape="rect" href="$tlm__fifo__peek_8h.html" title="tlm_h/tlm_core/tlm_fifo/tlm_fifo_peek.h" alt="" coords="1240,155,1491,181">
<area shape="rect" href="$tlm__fifo__resize_8h.html" title="tlm_h/tlm_core/tlm_fifo/tlm_fifo_resize.h" alt="" coords="1515,155,1773,181">
