<area shape="rect" href="$tlm__core__ifs_8h.html" title="tlm_interfaces/tlm_core_ifs.h" alt="" coords="1508,304,1700,331">
<area shape="rect" href="$tlm__master__slave__ifs_8h.html" title="tlm_interfaces/tlm_master_slave_ifs.h" alt="" coords="5,229,251,256">
<area shape="rect" href="$tlm__req__rsp__channels_8h.html" title="tlm_req_rsp/tlm_req_rsp_channels.h" alt="" coords="677,80,917,107">
<area shape="rect" href="$tlm__nonblocking__port_8h.html" title="tlm_event_finder/tlm_nonblocking_port.h" alt="" coords="1755,229,2019,256">
<area shape="rect" href="$tlm__tag_8h.html" title="tlm_h/tlm_core/tlm_interfaces/tlm_tag.h" alt="" coords="1617,379,1873,405">
<area shape="rect" href="$tlm__adapters_8h.html" title="tlm_h/tlm_core/tlm_adapters/tlm_adapters.h" alt="" coords="517,155,800,181">
<area shape="rect" href="$tlm__fifo_8h.html" title="tlm_h/tlm_core/tlm_fifo/tlm_fifo.h" alt="" coords="828,155,1044,181">
<area shape="rect" href="$tlm__put__get__imp_8h.html" title="tlm_h/tlm_core/tlm_req_rsp/tlm_put_get_imp.h" alt="" coords="187,155,485,181">
<area shape="rect" href="$tlm__fifo__ifs_8h.html" title="tlm_h/tlm_core/tlm_interfaces/tlm_fifo_ifs.h" alt="" coords="829,229,1107,256">
<area shape="rect" href="$circular__buffer_8h.html" title="tlm_h/tlm_core/tlm_fifo/circular_buffer.h" alt="" coords="549,229,805,256">
<area shape="rect" href="$tlm__fifo__put__get_8h.html" title="tlm_h/tlm_core/tlm_fifo/tlm_fifo_put_get.h" alt="" coords="1413,229,1680,256">
<area shape="rect" href="$tlm__fifo__peek_8h.html" title="tlm_h/tlm_core/tlm_fifo/tlm_fifo_peek.h" alt="" coords="275,229,525,256">
<area shape="rect" href="$tlm__fifo__resize_8h.html" title="tlm_h/tlm_core/tlm_fifo/tlm_fifo_resize.h" alt="" coords="1131,229,1389,256">
<area shape="rect" href="$tlm__event__finder_8h.html" title="tlm_h/tlm_core/tlm_event_finder/tlm_event_finder.h" alt="" coords="1724,304,2049,331">
