<area shape="rect" href="$tlm__annotated__fifo_8h.html" title="tlm_h/tlm_annotated/tlm_annotated_channels/tlm_annotated_fifo.h" alt="" coords="1055,155,1473,181">
<area shape="rect" href="$tlm__annotated__put__get__imp_8h.html" title="tlm_h/tlm_annotated/tlm_annotated_channels/tlm_annotated_put_get_imp.h" alt="" coords="1443,80,1915,107">
<area shape="rect" href="$tlm__fifo_8h.html" title="tlm_h/tlm_core/tlm_fifo/tlm_fifo.h" alt="" coords="865,453,1081,480">
<area shape="rect" href="$tlm__annotated__ifs_8h.html" title="tlm_h/tlm_annotated/tlm_annotated_ifs/tlm_annotated_ifs.h" alt="" coords="1508,229,1881,256">
<area shape="rect" href="$tlm__peq_8h.html" title="tlm_peq.h" alt="" coords="1225,229,1308,256">
<area shape="rect" href="$tlm__fifo__ifs_8h.html" title="tlm_h/tlm_core/tlm_interfaces/tlm_fifo_ifs.h" alt="" coords="1133,528,1411,555">
<area shape="rect" href="$circular__buffer_8h.html" title="tlm_h/tlm_core/tlm_fifo/circular_buffer.h" alt="" coords="563,528,819,555">
<area shape="rect" href="$tlm__fifo__put__get_8h.html" title="tlm_h/tlm_core/tlm_fifo/tlm_fifo_put_get.h" alt="" coords="843,528,1109,555">
<area shape="rect" href="$tlm__fifo__peek_8h.html" title="tlm_h/tlm_core/tlm_fifo/tlm_fifo_peek.h" alt="" coords="5,528,256,555">
<area shape="rect" href="$tlm__fifo__resize_8h.html" title="tlm_h/tlm_core/tlm_fifo/tlm_fifo_resize.h" alt="" coords="280,528,539,555">
<area shape="rect" href="$tlm__core__ifs_8h.html" title="tlm_h/tlm_core/tlm_interfaces/tlm_core_ifs.h" alt="" coords="1595,603,1880,629">
<area shape="rect" href="$tlm__tag_8h.html" title="tlm_h/tlm_core/tlm_interfaces/tlm_tag.h" alt="" coords="1773,677,2029,704">
<area shape="rect" href="$tlm__core_8h.html" title="tlm_h/tlm_core/tlm_core.h" alt="" coords="1607,304,1783,331">
<area shape="rect" href="$tlm__master__slave__ifs_8h.html" title="tlm_interfaces/tlm_master_slave_ifs.h" alt="" coords="1640,528,1885,555">
<area shape="rect" href="$tlm__req__rsp__channels_8h.html" title="tlm_req_rsp/tlm_req_rsp_channels.h" alt="" coords="1511,379,1751,405">
<area shape="rect" href="$tlm__nonblocking__port_8h.html" title="tlm_event_finder/tlm_nonblocking_port.h" alt="" coords="1935,528,2199,555">
<area shape="rect" href="$tlm__adapters_8h.html" title="tlm_h/tlm_core/tlm_adapters/tlm_adapters.h" alt="" coords="1485,453,1768,480">
<area shape="rect" href="$tlm__put__get__imp_8h.html" title="tlm_h/tlm_core/tlm_req_rsp/tlm_put_get_imp.h" alt="" coords="1792,453,2091,480">
<area shape="rect" href="$tlm__event__finder_8h.html" title="tlm_h/tlm_core/tlm_event_finder/tlm_event_finder.h" alt="" coords="1904,603,2229,629">
<area shape="rect" href="$tlm__analysis__if_8h.html" title="tlm_h/tlm_analysis/tlm_analysis_if.h" alt="" coords="1011,379,1245,405">
<area shape="rect" href="$tlm__analysis__port_8h.html" title="tlm_h/tlm_analysis/tlm_analysis_port.h" alt="" coords="1157,304,1408,331">
<area shape="rect" href="$tlm__annotated__master__slave__ifs_8h.html" title="tlm_h/tlm_annotated/tlm_annotated_ifs/tlm_annotated_master_slave_ifs.h" alt="" coords="1497,155,1956,181">
