<area shape="rect" href="$tlm__fw__bw__ifs_8h.html" title="tlm_2_interfaces/tlm_fw_bw_ifs.h" alt="" coords="447,229,665,256">
<area shape="rect" href="$tlm__generic__payload_8h.html" title="tlm_h/tlm_trans/tlm_generic_payload/tlm_generic_payload.h" alt="" coords="99,304,477,331">
<area shape="rect" href="$tlm__sockets_8h.html" title="tlm_sockets/tlm_sockets.h" alt="" coords="387,80,565,107">
<area shape="rect" href="$tlm__helpers_8h.html" title="tlm_helpers.h" alt="" coords="344,453,448,480">
<area shape="rect" href="$tlm__gp_8h.html" title="tlm_gp.h" alt="" coords="63,379,137,405">
<area shape="rect" href="$tlm__data__serializers_8h.html" title="tlm_data_serializers.h" alt="" coords="212,379,364,405">
<area shape="rect" href="$tlm__dmi_8h.html" title="tlm_dmi.h" alt="" coords="439,379,519,405">
<area shape="rect" href="$tlm__debug__payload_8h.html" title="tlm_debug_payload.h" alt="" coords="171,453,320,480">
<area shape="rect" href="$tlm__array_8h.html" title="tlm_array.h" alt="" coords="5,453,96,480">
<area shape="rect" href="$tlm__initiator__socket_8h.html" title="tlm_initiator_socket.h" alt="" coords="320,155,469,181">
<area shape="rect" href="$tlm__target__socket_8h.html" title="tlm_target_socket.h" alt="" coords="493,155,632,181">
