<area shape="rect" href="$tlm__initiator__port_8h.html" title="tlm_initiator_port.h" alt="" coords="93,80,227,107">
<area shape="rect" href="$tlm__target__port_8h.html" title="tlm_target_port.h" alt="" coords="240,155,363,181">
<area shape="rect" href="$tlm__initiator__socket_8h.html" title="tlm_initiator_socket.h" alt="" coords="331,80,480,107">
<area shape="rect" href="$tlm__target__socket_8h.html" title="tlm_target_socket.h" alt="" coords="504,80,643,107">
<area shape="rect" href="$tlm__initiator__port__base_8h.html" title="tlm_initiator_port_base.h" alt="" coords="48,155,216,181">
<area shape="rect" href="$tlm__target__port__base_8h.html" title="tlm_target_port_base.h" alt="" coords="104,229,264,256">
<area shape="rect" href="$tlm__fw__bw__ifs_8h.html" title="tlm_h/tlm_annotated/tlm_fw_bw_ifs/tlm_fw_bw_ifs.h" alt="" coords="393,155,724,181">
<area shape="rect" href="$tlm__generic__payload_8h.html" title="tlm_h/tlm_generic_payload/tlm_generic_payload.h" alt="" coords="569,229,889,256">
<area shape="rect" href="$tlm__helpers_8h.html" title="tlm_helpers.h" alt="" coords="589,379,693,405">
<area shape="rect" href="$tlm__gp_8h.html" title="tlm_gp.h" alt="" coords="873,304,948,331">
<area shape="rect" href="$tlm__data__serializers_8h.html" title="tlm_data_serializers.h" alt="" coords="596,304,748,331">
<area shape="rect" href="$tlm__dmi_8h.html" title="tlm_dmi.h" alt="" coords="492,304,572,331">
<area shape="rect" href="$tlm__debug__payload_8h.html" title="tlm_debug_payload.h" alt="" coords="717,379,867,405">
<area shape="rect" href="$tlm__array_8h.html" title="tlm_array.h" alt="" coords="941,379,1032,405">
