<area shape="rect" href="$tlm__gp_8h.html" title="C:/ESLX/projects/TLMWG/tlm2/include/tlm_h/tlm_generic_payload/tlm_gp.h" alt="" coords="783,80,1252,107">
<area shape="rect" href="$tlm__generic__payload_8h.html" title="C:/ESLX/projects/TLMWG/tlm2/include/tlm_h/tlm_generic_payload/tlm_generic_payload.h" alt="" coords="741,155,1293,181">
<area shape="rect" href="$tlm__fw__bw__ifs_8h.html" title="C:/ESLX/projects/TLMWG/tlm2/include/tlm_h/tlm_annotated/tlm_fw_bw_ifs/tlm_fw_bw_ifs.h" alt="" coords="353,229,916,256">
<area shape="rect" href="$tlm_8h.html" title="C:/ESLX/projects/TLMWG/tlm2/include/tlm.h" alt="" coords="721,453,1007,480">
<area shape="rect" href="$tlm__annotated_8h.html" title="C:/ESLX/projects/TLMWG/tlm2/include/tlm_h/tlm_annotated/tlm_annotated.h" alt="" coords="5,379,483,405">
<area shape="rect" href="$tlm__master__socket_8h.html" title="C:/ESLX/projects/TLMWG/tlm2/include/tlm_h/tlm_ports/tlm_master_socket.h" alt="" coords="207,304,681,331">
<area shape="rect" href="$tlm__slave__socket_8h.html" title="C:/ESLX/projects/TLMWG/tlm2/include/tlm_h/tlm_ports/tlm_slave_socket.h" alt="" coords="705,304,1172,331">
<area shape="rect" href="$tlm__ports_8h.html" title="C:/ESLX/projects/TLMWG/tlm2/include/tlm_h/tlm_ports/tlm_ports.h" alt="" coords="655,379,1073,405">
