<area shape="rect" href="$tlm__write__if_8h.html" title="tlm_write_if.h" alt="" coords="5,239,117,265">
<area shape="rect" href="$tlm__analysis__if_8h.html" title="tlm_analysis_if.h" alt="" coords="444,161,572,188">
<area shape="rect" href="$tlm__analysis__triple_8h.html" title="tlm_analysis_triple.h" alt="" coords="977,161,1135,188">
<area shape="rect" href="$tlm__analysis__port_8h.html" title="tlm_analysis_port.h" alt="" coords="385,84,535,111">
<area shape="rect" href="$tlm__analysis__fifo_8h.html" title="tlm_analysis_fifo.h" alt="" coords="656,84,800,111">
<area shape="rect" href="$tlm__fifo_8h.html" title="tlm_1/tlm_req_rsp/tlm_channels/tlm_fifo/tlm_fifo.h" alt="" coords="596,161,953,188">
<area shape="rect" href="$tlm__fifo__ifs_8h.html" title="tlm_1/tlm_req_rsp/tlm_1_interfaces/tlm_fifo_ifs.h" alt="" coords="1859,239,2208,265">
<area shape="rect" href="$circular__buffer_8h.html" title="tlm_1/tlm_req_rsp/tlm_channels/tlm_fifo/circular_buffer.h" alt="" coords="141,239,541,265">
<area shape="rect" href="$tlm__fifo__put__get_8h.html" title="tlm_1/tlm_req_rsp/tlm_channels/tlm_fifo/tlm_fifo_put_get.h" alt="" coords="565,239,984,265">
<area shape="rect" href="$tlm__fifo__peek_8h.html" title="tlm_1/tlm_req_rsp/tlm_channels/tlm_fifo/tlm_fifo_peek.h" alt="" coords="1008,239,1405,265">
<area shape="rect" href="$tlm__fifo__resize_8h.html" title="tlm_1/tlm_req_rsp/tlm_channels/tlm_fifo/tlm_fifo_resize.h" alt="" coords="1429,239,1835,265">
<area shape="rect" href="$tlm__core__ifs_8h.html" title="tlm_1/tlm_req_rsp/tlm_1_interfaces/tlm_core_ifs.h" alt="" coords="1855,316,2212,343">
<area shape="rect" href="$tlm__tag_8h.html" title="tlm_1/tlm_req_rsp/tlm_1_interfaces/tlm_tag.h" alt="" coords="1869,393,2197,420">
