<area shape="rect" href="$tlm__initiator__port_8h.html" title="tlm_initiator_port.h" alt="" coords="95,80,228,107">
<area shape="rect" href="$tlm__target__port_8h.html" title="tlm_target_port.h" alt="" coords="240,155,363,181">
<area shape="rect" href="$tlm__master__socket_8h.html" title="tlm_master_socket.h" alt="" coords="332,80,479,107">
<area shape="rect" href="$tlm__slave__socket_8h.html" title="tlm_slave_socket.h" alt="" coords="503,80,639,107">
<area shape="rect" href="$tlm__initiator__port__base_8h.html" title="tlm_initiator_port_base.h" alt="" coords="48,155,216,181">
<area shape="rect" href="$tlm__target__port__base_8h.html" title="tlm_target_port_base.h" alt="" coords="104,229,264,256">
<area shape="rect" href="$tlm__fw__bw__ifs_8h.html" title="tlm_h/tlm_annotated/tlm_fw_bw_ifs/tlm_fw_bw_ifs.h" alt="" coords="393,155,724,181">
<area shape="rect" href="$tlm__generic__payload_8h.html" title="tlm_h/tlm_generic_payload/tlm_generic_payload.h" alt="" coords="368,229,688,256">
<area shape="rect" href="$tlm__helpers_8h.html" title="tlm_helpers.h" alt="" coords="209,379,313,405">
<area shape="rect" href="$tlm__gp_8h.html" title="tlm_gp.h" alt="" coords="453,304,528,331">
<area shape="rect" href="$tlm__data__serializers_8h.html" title="tlm_data_serializers.h" alt="" coords="277,304,429,331">
<area shape="rect" href="$tlm__dmi_8h.html" title="tlm_dmi.h" alt="" coords="525,379,605,405">
<area shape="rect" href="$tlm__debug__payload_8h.html" title="tlm_debug_payload.h" alt="" coords="629,379,779,405">
<area shape="rect" href="$tlm__array_8h.html" title="tlm_array.h" alt="" coords="360,379,451,405">
