<area shape="rect" href="$tlm__analysis__fifo_8h.html" title="C:/ESLX/projects/TLMWG/tlm2/include/tlm/tlm_h/tlm_analysis/tlm_analysis_fifo.h" alt="" coords="965,80,1467,107">
<area shape="rect" href="$tlm__req__rsp__channels_8h.html" title="C:/ESLX/projects/TLMWG/tlm2/include/tlm/tlm_h/tlm_req_rsp/tlm_channels/tlm_req_rsp_channels/tlm_req_rsp_channels.h" alt="" coords="1491,80,2237,107">
<area shape="rect" href="$tlm__analysis_8h.html" title="C:/ESLX/projects/TLMWG/tlm2/include/tlm/tlm_h/tlm_analysis/tlm_analysis.h" alt="" coords="1015,155,1492,181">
<area shape="rect" href="$tlm_8h.html" title="C:/ESLX/projects/TLMWG/tlm2/include/tlm/tlm.h" alt="" coords="1385,229,1692,256">
<area shape="rect" href="$instance__specific__extensions_8h.html" title="C:/ESLX/projects/TLMWG/tlm2/include/tlm/tlm_utils/instance_specific_extensions.h" alt="" coords="5,304,520,331">
<area shape="rect" href="$multi__socket__bases_8h.html" title="C:/ESLX/projects/TLMWG/tlm2/include/tlm/tlm_utils/multi_socket_bases.h" alt="" coords="544,304,1003,331">
<area shape="rect" href="$passthrough__target__socket_8h.html" title="C:/ESLX/projects/TLMWG/tlm2/include/tlm/tlm_utils/passthrough_target_socket.h" alt="" coords="1027,304,1531,331">
<area shape="rect" href="$peq__with__cb__and__phase_8h.html" title="C:/ESLX/projects/TLMWG/tlm2/include/tlm/tlm_utils/peq_with_cb_and_phase.h" alt="" coords="1555,304,2045,331">
<area shape="rect" href="$simple__initiator__socket_8h.html" title="C:/ESLX/projects/TLMWG/tlm2/include/tlm/tlm_utils/simple_initiator_socket.h" alt="" coords="2069,304,2547,331">
<area shape="rect" href="$simple__target__socket_8h.html" title="C:/ESLX/projects/TLMWG/tlm2/include/tlm/tlm_utils/simple_target_socket.h" alt="" coords="2571,304,3040,331">
<area shape="rect" href="$multi__passthrough__initiator__socket_8h.html" title="C:/ESLX/projects/TLMWG/tlm2/include/tlm/tlm_utils/multi_passthrough_initiator_socket.h" alt="" coords="216,379,763,405">
<area shape="rect" href="$multi__passthrough__target__socket_8h.html" title="C:/ESLX/projects/TLMWG/tlm2/include/tlm/tlm_utils/multi_passthrough_target_socket.h" alt="" coords="787,379,1325,405">
<area shape="rect" href="$tlm__req__rsp_8h.html" title="C:/ESLX/projects/TLMWG/tlm2/include/tlm/tlm_h/tlm_req_rsp/tlm_req_rsp.h" alt="" coords="1591,155,2060,181">
