<area shape="rect" href="$tlm_8h.html" title="C:/ESLX/projects/TLMWG/tlm2/include/tlm/tlm.h" alt="" coords="1385,80,1692,107">
<area shape="rect" href="$instance__specific__extensions_8h.html" title="C:/ESLX/projects/TLMWG/tlm2/include/tlm/tlm_utils/instance_specific_extensions.h" alt="" coords="5,155,520,181">
<area shape="rect" href="$multi__socket__bases_8h.html" title="C:/ESLX/projects/TLMWG/tlm2/include/tlm/tlm_utils/multi_socket_bases.h" alt="" coords="544,155,1003,181">
<area shape="rect" href="$passthrough__target__socket_8h.html" title="C:/ESLX/projects/TLMWG/tlm2/include/tlm/tlm_utils/passthrough_target_socket.h" alt="" coords="1027,155,1531,181">
<area shape="rect" href="$peq__with__cb__and__phase_8h.html" title="C:/ESLX/projects/TLMWG/tlm2/include/tlm/tlm_utils/peq_with_cb_and_phase.h" alt="" coords="1555,155,2045,181">
<area shape="rect" href="$simple__initiator__socket_8h.html" title="C:/ESLX/projects/TLMWG/tlm2/include/tlm/tlm_utils/simple_initiator_socket.h" alt="" coords="2069,155,2547,181">
<area shape="rect" href="$simple__target__socket_8h.html" title="C:/ESLX/projects/TLMWG/tlm2/include/tlm/tlm_utils/simple_target_socket.h" alt="" coords="2571,155,3040,181">
<area shape="rect" href="$multi__passthrough__initiator__socket_8h.html" title="C:/ESLX/projects/TLMWG/tlm2/include/tlm/tlm_utils/multi_passthrough_initiator_socket.h" alt="" coords="216,229,763,256">
<area shape="rect" href="$multi__passthrough__target__socket_8h.html" title="C:/ESLX/projects/TLMWG/tlm2/include/tlm/tlm_utils/multi_passthrough_target_socket.h" alt="" coords="787,229,1325,256">
