<area shape="rect" href="$tlm__req__rsp_8h.html" title="include/tlm/tlm_1/tlm_req_rsp/tlm_req_rsp.h" alt="" coords="939,84,1253,111">
<area shape="rect" href="$tlm_8h.html" title="include/tlm/tlm.h" alt="" coords="1029,161,1163,188">
<area shape="rect" href="$instance__specific__extensions_8h.html" title="include/tlm/tlm_utils/instance_specific_extensions.h" alt="" coords="5,239,376,265">
<area shape="rect" href="$multi__socket__bases_8h.html" title="include/tlm/tlm_utils/multi_socket_bases.h" alt="" coords="400,239,707,265">
<area shape="rect" href="$passthrough__target__socket_8h.html" title="include/tlm/tlm_utils/passthrough_target_socket.h" alt="" coords="731,239,1091,265">
<area shape="rect" href="$peq__with__cb__and__phase_8h.html" title="include/tlm/tlm_utils/peq_with_cb_and_phase.h" alt="" coords="1115,239,1451,265">
<area shape="rect" href="$simple__initiator__socket_8h.html" title="include/tlm/tlm_utils/simple_initiator_socket.h" alt="" coords="1475,239,1803,265">
<area shape="rect" href="$simple__target__socket_8h.html" title="include/tlm/tlm_utils/simple_target_socket.h" alt="" coords="1827,239,2147,265">
<area shape="rect" href="$multi__passthrough__initiator__socket_8h.html" title="include/tlm/tlm_utils/multi_passthrough_initiator_socket.h" alt="" coords="135,316,543,343">
<area shape="rect" href="$multi__passthrough__target__socket_8h.html" title="include/tlm/tlm_utils/multi_passthrough_target_socket.h" alt="" coords="567,316,967,343">
