<area shape="rect" href="$tlm__gp_8h.html" title="C:/ESLX/projects/TLMWG/tlm2/include/tlm_h/tlm_generic_payload/tlm_gp.h" alt="" coords="787,80,1256,107">
<area shape="rect" href="$tlm__generic__payload_8h.html" title="C:/ESLX/projects/TLMWG/tlm2/include/tlm_h/tlm_generic_payload/tlm_generic_payload.h" alt="" coords="745,155,1297,181">
<area shape="rect" href="$tlm__fw__bw__ifs_8h.html" title="C:/ESLX/projects/TLMWG/tlm2/include/tlm_h/tlm_annotated/tlm_fw_bw_ifs/tlm_fw_bw_ifs.h" alt="" coords="356,229,919,256">
<area shape="rect" href="$tlm_8h.html" title="C:/ESLX/projects/TLMWG/tlm2/include/tlm.h" alt="" coords="724,453,1009,480">
<area shape="rect" href="$tlm__annotated_8h.html" title="C:/ESLX/projects/TLMWG/tlm2/include/tlm_h/tlm_annotated/tlm_annotated.h" alt="" coords="5,379,483,405">
<area shape="rect" href="$tlm__initiator__socket_8h.html" title="C:/ESLX/projects/TLMWG/tlm2/include/tlm_h/tlm_ports/tlm_initiator_socket.h" alt="" coords="207,304,684,331">
<area shape="rect" href="$tlm__target__socket_8h.html" title="C:/ESLX/projects/TLMWG/tlm2/include/tlm_h/tlm_ports/tlm_target_socket.h" alt="" coords="708,304,1177,331">
<area shape="rect" href="$tlm__ports_8h.html" title="C:/ESLX/projects/TLMWG/tlm2/include/tlm_h/tlm_ports/tlm_ports.h" alt="" coords="657,379,1076,405">
