<area shape="rect" href="$tlm__core__ifs_8h.html" title="C:/ESLX/projects/TLMWG/tlm2/include/tlm_h/tlm_core/tlm_interfaces/tlm_core_ifs.h" alt="" coords="785,80,1303,107">
<area shape="rect" href="$tlm__event__finder_8h.html" title="C:/ESLX/projects/TLMWG/tlm2/include/tlm_h/tlm_core/tlm_event_finder/tlm_event_finder.h" alt="" coords="1331,80,1891,107">
<area shape="rect" href="$tlm__core_8h.html" title="C:/ESLX/projects/TLMWG/tlm2/include/tlm_h/tlm_core/tlm_core.h" alt="" coords="128,379,539,405">
<area shape="rect" href="$tlm__master__slave__ifs_8h.html" title="C:/ESLX/projects/TLMWG/tlm2/include/tlm_h/tlm_core/tlm_interfaces/tlm_master_slave_ifs.h" alt="" coords="100,155,671,181">
<area shape="rect" href="$tlm__nonblocking__port_8h.html" title="C:/ESLX/projects/TLMWG/tlm2/include/tlm_h/tlm_core/tlm_event_finder/tlm_nonblocking_port.h" alt="" coords="1323,155,1909,181">
<area shape="rect" href="$tlm__fifo__ifs_8h.html" title="C:/ESLX/projects/TLMWG/tlm2/include/tlm_h/tlm_core/tlm_interfaces/tlm_fifo_ifs.h" alt="" coords="789,155,1299,181">
<area shape="rect" href="$tlm_8h.html" title="C:/ESLX/projects/TLMWG/tlm2/include/tlm.h" alt="" coords="173,603,459,629">
<area shape="rect" href="$tlm__annotated__ifs_8h.html" title="C:/ESLX/projects/TLMWG/tlm2/include/tlm_h/tlm_annotated/tlm_annotated_ifs/tlm_annotated_ifs.h" alt="" coords="200,453,808,480">
<area shape="rect" href="$tlm__annotated_8h.html" title="C:/ESLX/projects/TLMWG/tlm2/include/tlm_h/tlm_annotated/tlm_annotated.h" alt="" coords="232,528,709,555">
<area shape="rect" href="$tlm__adapters_8h.html" title="C:/ESLX/projects/TLMWG/tlm2/include/tlm_h/tlm_core/tlm_adapters/tlm_adapters.h" alt="" coords="80,229,597,256">
<area shape="rect" href="$tlm__put__get__imp_8h.html" title="C:/ESLX/projects/TLMWG/tlm2/include/tlm_h/tlm_core/tlm_req_rsp/tlm_put_get_imp.h" alt="" coords="621,229,1152,256">
<area shape="rect" href="$tlm__req__rsp__channels_8h.html" title="C:/ESLX/projects/TLMWG/tlm2/include/tlm_h/tlm_core/tlm_req_rsp/tlm_req_rsp_channels.h" alt="" coords="343,304,908,331">
<area shape="rect" href="$tlm__fifo_8h.html" title="C:/ESLX/projects/TLMWG/tlm2/include/tlm_h/tlm_core/tlm_fifo/tlm_fifo.h" alt="" coords="1176,229,1627,256">
