<area shape="rect" href="$tlm__analysis__if_8h.html" title="tlm_analysis_if.h" alt="" coords="1281,379,1404,405">
<area shape="rect" href="$tlm__analysis__triple_8h.html" title="tlm_analysis_triple.h" alt="" coords="1437,155,1581,181">
<area shape="rect" href="$tlm__analysis__port_8h.html" title="tlm_analysis_port.h" alt="" coords="1101,304,1240,331">
<area shape="rect" href="$tlm__analysis__fifo_8h.html" title="tlm_analysis_fifo.h" alt="" coords="1335,80,1468,107">
<area shape="rect" href="$tlm__annotated__fifo_8h.html" title="tlm_h/tlm_annotated/tlm_annotated_channels/tlm_annotated_fifo.h" alt="" coords="944,155,1363,181">
<area shape="rect" href="$tlm__fifo_8h.html" title="tlm_h/tlm_core/tlm_fifo/tlm_fifo.h" alt="" coords="1055,453,1271,480">
<area shape="rect" href="$tlm__annotated__ifs_8h.html" title="tlm_h/tlm_annotated/tlm_annotated_ifs/tlm_annotated_ifs.h" alt="" coords="300,229,673,256">
<area shape="rect" href="$tlm__peq_8h.html" title="tlm_peq.h" alt="" coords="1183,229,1265,256">
<area shape="rect" href="$tlm__fifo__ifs_8h.html" title="tlm_h/tlm_core/tlm_interfaces/tlm_fifo_ifs.h" alt="" coords="644,528,921,555">
<area shape="rect" href="$circular__buffer_8h.html" title="tlm_h/tlm_core/tlm_fifo/circular_buffer.h" alt="" coords="1503,528,1759,555">
<area shape="rect" href="$tlm__fifo__put__get_8h.html" title="tlm_h/tlm_core/tlm_fifo/tlm_fifo_put_get.h" alt="" coords="1783,528,2049,555">
<area shape="rect" href="$tlm__fifo__peek_8h.html" title="tlm_h/tlm_core/tlm_fifo/tlm_fifo_peek.h" alt="" coords="945,528,1196,555">
<area shape="rect" href="$tlm__fifo__resize_8h.html" title="tlm_h/tlm_core/tlm_fifo/tlm_fifo_resize.h" alt="" coords="1220,528,1479,555">
<area shape="rect" href="$tlm__core__ifs_8h.html" title="tlm_h/tlm_core/tlm_interfaces/tlm_core_ifs.h" alt="" coords="355,603,640,629">
<area shape="rect" href="$tlm__tag_8h.html" title="tlm_h/tlm_core/tlm_interfaces/tlm_tag.h" alt="" coords="204,677,460,704">
<area shape="rect" href="$tlm__core_8h.html" title="tlm_h/tlm_core/tlm_core.h" alt="" coords="300,304,476,331">
<area shape="rect" href="$tlm__master__slave__ifs_8h.html" title="tlm_interfaces/tlm_master_slave_ifs.h" alt="" coords="375,528,620,555">
<area shape="rect" href="$tlm__req__rsp__channels_8h.html" title="tlm_req_rsp/tlm_req_rsp_channels.h" alt="" coords="604,379,844,405">
<area shape="rect" href="$tlm__nonblocking__port_8h.html" title="tlm_event_finder/tlm_nonblocking_port.h" alt="" coords="36,528,300,555">
<area shape="rect" href="$tlm__adapters_8h.html" title="tlm_h/tlm_core/tlm_adapters/tlm_adapters.h" alt="" coords="425,453,708,480">
<area shape="rect" href="$tlm__put__get__imp_8h.html" title="tlm_h/tlm_core/tlm_req_rsp/tlm_put_get_imp.h" alt="" coords="732,453,1031,480">
<area shape="rect" href="$tlm__event__finder_8h.html" title="tlm_h/tlm_core/tlm_event_finder/tlm_event_finder.h" alt="" coords="5,603,331,629">
