<area shape="rect" href="$tlm__analysis_8h.html" title="include/tlm/tlm_1/tlm_analysis/tlm_analysis.h" alt="" coords="936,161,1256,188">
<area shape="rect" href="$tlm__analysis__port_8h.html" title="include/tlm/tlm_1/tlm_analysis/tlm_analysis_port.h" alt="" coords="919,84,1273,111">
<area shape="rect" href="$tlm__analysis__fifo_8h.html" title="include/tlm/tlm_1/tlm_analysis/tlm_analysis_fifo.h" alt="" coords="1297,84,1647,111">
<area shape="rect" href="$tlm_8h.html" title="include/tlm/tlm.h" alt="" coords="1029,239,1163,265">
<area shape="rect" href="$instance__specific__extensions_8h.html" title="include/tlm/tlm_utils/instance_specific_extensions.h" alt="" coords="5,316,376,343">
<area shape="rect" href="$multi__socket__bases_8h.html" title="include/tlm/tlm_utils/multi_socket_bases.h" alt="" coords="400,316,707,343">
<area shape="rect" href="$passthrough__target__socket_8h.html" title="include/tlm/tlm_utils/passthrough_target_socket.h" alt="" coords="731,316,1091,343">
<area shape="rect" href="$peq__with__cb__and__phase_8h.html" title="include/tlm/tlm_utils/peq_with_cb_and_phase.h" alt="" coords="1115,316,1451,343">
<area shape="rect" href="$simple__initiator__socket_8h.html" title="include/tlm/tlm_utils/simple_initiator_socket.h" alt="" coords="1475,316,1803,343">
<area shape="rect" href="$simple__target__socket_8h.html" title="include/tlm/tlm_utils/simple_target_socket.h" alt="" coords="1827,316,2147,343">
<area shape="rect" href="$multi__passthrough__initiator__socket_8h.html" title="include/tlm/tlm_utils/multi_passthrough_initiator_socket.h" alt="" coords="135,393,543,420">
<area shape="rect" href="$multi__passthrough__target__socket_8h.html" title="include/tlm/tlm_utils/multi_passthrough_target_socket.h" alt="" coords="567,393,967,420">
