<area shape="rect" href="$tlm__core__ifs_8h.html" title="C:/ESLX/projects/TLMWG/tlm2/include/tlm_h/tlm_core/tlm_interfaces/tlm_core_ifs.h" alt="" coords="643,80,1160,107">
<area shape="rect" href="$tlm__event__finder_8h.html" title="C:/ESLX/projects/TLMWG/tlm2/include/tlm_h/tlm_core/tlm_event_finder/tlm_event_finder.h" alt="" coords="39,80,599,107">
<area shape="rect" href="$tlm__core_8h.html" title="C:/ESLX/projects/TLMWG/tlm2/include/tlm_h/tlm_core/tlm_core.h" alt="" coords="169,379,580,405">
<area shape="rect" href="$tlm__master__slave__ifs_8h.html" title="C:/ESLX/projects/TLMWG/tlm2/include/tlm_h/tlm_core/tlm_interfaces/tlm_master_slave_ifs.h" alt="" coords="616,155,1187,181">
<area shape="rect" href="$tlm__nonblocking__port_8h.html" title="C:/ESLX/projects/TLMWG/tlm2/include/tlm_h/tlm_core/tlm_event_finder/tlm_nonblocking_port.h" alt="" coords="5,155,592,181">
<area shape="rect" href="$tlm__fifo__ifs_8h.html" title="C:/ESLX/projects/TLMWG/tlm2/include/tlm_h/tlm_core/tlm_interfaces/tlm_fifo_ifs.h" alt="" coords="1275,155,1784,181">
<area shape="rect" href="$tlm_8h.html" title="C:/ESLX/projects/TLMWG/tlm2/include/tlm.h" alt="" coords="232,453,517,480">
<area shape="rect" href="$tlm__adapters_8h.html" title="C:/ESLX/projects/TLMWG/tlm2/include/tlm_h/tlm_core/tlm_adapters/tlm_adapters.h" alt="" coords="816,229,1333,256">
<area shape="rect" href="$tlm__put__get__imp_8h.html" title="C:/ESLX/projects/TLMWG/tlm2/include/tlm_h/tlm_core/tlm_req_rsp/tlm_put_get_imp.h" alt="" coords="261,229,792,256">
<area shape="rect" href="$tlm__req__rsp__channels_8h.html" title="C:/ESLX/projects/TLMWG/tlm2/include/tlm_h/tlm_core/tlm_req_rsp/tlm_req_rsp_channels.h" alt="" coords="252,304,817,331">
<area shape="rect" href="$tlm__fifo_8h.html" title="C:/ESLX/projects/TLMWG/tlm2/include/tlm_h/tlm_core/tlm_fifo/tlm_fifo.h" alt="" coords="1367,229,1817,256">
<area shape="rect" href="$tlm__fifo__peek_8h.html" title="C:/ESLX/projects/TLMWG/tlm2/include/tlm_h/tlm_core/tlm_fifo/tlm_fifo_peek.h" alt="" coords="841,304,1327,331">
<area shape="rect" href="$tlm__fifo__put__get_8h.html" title="C:/ESLX/projects/TLMWG/tlm2/include/tlm_h/tlm_core/tlm_fifo/tlm_fifo_put_get.h" alt="" coords="1351,304,1852,331">
<area shape="rect" href="$tlm__fifo__resize_8h.html" title="C:/ESLX/projects/TLMWG/tlm2/include/tlm_h/tlm_core/tlm_fifo/tlm_fifo_resize.h" alt="" coords="1876,304,2369,331">
