<area shape="rect" href="$tlm__fw__bw__ifs_8h.html" title="C:/ESLX/projects/TLMWG/tlm2/include/tlm/tlm_h/tlm_trans/tlm_2_interfaces/tlm_fw_bw_ifs.h" alt="" coords="972,80,1543,107">
<area shape="rect" href="$tlm__trans_8h.html" title="C:/ESLX/projects/TLMWG/tlm2/include/tlm/tlm_h/tlm_trans/tlm_trans.h" alt="" coords="1319,304,1759,331">
<area shape="rect" href="$tlm__2__interfaces_8h.html" title="C:/ESLX/projects/TLMWG/tlm2/include/tlm/tlm_h/tlm_trans/tlm_2_interfaces/tlm_2_interfaces.h" alt="" coords="497,229,1081,256">
<area shape="rect" href="$tlm__initiator__socket_8h.html" title="C:/ESLX/projects/TLMWG/tlm2/include/tlm/tlm_h/tlm_trans/tlm_sockets/tlm_initiator_socket.h" alt="" coords="743,155,1316,181">
<area shape="rect" href="$tlm__target__socket_8h.html" title="C:/ESLX/projects/TLMWG/tlm2/include/tlm/tlm_h/tlm_trans/tlm_sockets/tlm_target_socket.h" alt="" coords="1340,155,1905,181">
<area shape="rect" href="$tlm_8h.html" title="C:/ESLX/projects/TLMWG/tlm2/include/tlm/tlm.h" alt="" coords="1385,379,1692,405">
<area shape="rect" href="$instance__specific__extensions_8h.html" title="C:/ESLX/projects/TLMWG/tlm2/include/tlm/tlm_utils/instance_specific_extensions.h" alt="" coords="5,453,520,480">
<area shape="rect" href="$multi__socket__bases_8h.html" title="C:/ESLX/projects/TLMWG/tlm2/include/tlm/tlm_utils/multi_socket_bases.h" alt="" coords="544,453,1003,480">
<area shape="rect" href="$passthrough__target__socket_8h.html" title="C:/ESLX/projects/TLMWG/tlm2/include/tlm/tlm_utils/passthrough_target_socket.h" alt="" coords="1027,453,1531,480">
<area shape="rect" href="$peq__with__cb__and__phase_8h.html" title="C:/ESLX/projects/TLMWG/tlm2/include/tlm/tlm_utils/peq_with_cb_and_phase.h" alt="" coords="1555,453,2045,480">
<area shape="rect" href="$simple__initiator__socket_8h.html" title="C:/ESLX/projects/TLMWG/tlm2/include/tlm/tlm_utils/simple_initiator_socket.h" alt="" coords="2069,453,2547,480">
<area shape="rect" href="$simple__target__socket_8h.html" title="C:/ESLX/projects/TLMWG/tlm2/include/tlm/tlm_utils/simple_target_socket.h" alt="" coords="2571,453,3040,480">
<area shape="rect" href="$multi__passthrough__initiator__socket_8h.html" title="C:/ESLX/projects/TLMWG/tlm2/include/tlm/tlm_utils/multi_passthrough_initiator_socket.h" alt="" coords="216,528,763,555">
<area shape="rect" href="$multi__passthrough__target__socket_8h.html" title="C:/ESLX/projects/TLMWG/tlm2/include/tlm/tlm_utils/multi_passthrough_target_socket.h" alt="" coords="787,528,1325,555">
<area shape="rect" href="$tlm__sockets_8h.html" title="C:/ESLX/projects/TLMWG/tlm2/include/tlm/tlm_h/tlm_trans/tlm_sockets/tlm_sockets.h" alt="" coords="1273,229,1804,256">
