<area shape="rect" href="$tlm__write__if_8h.html" title="tlm_write_if.h" alt="" coords="5,229,107,256">
<area shape="rect" href="$tlm__analysis__if_8h.html" title="tlm_analysis_if.h" alt="" coords="391,155,513,181">
<area shape="rect" href="$tlm__analysis__triple_8h.html" title="tlm_analysis_triple.h" alt="" coords="879,155,1023,181">
<area shape="rect" href="$tlm__analysis__port_8h.html" title="tlm_analysis_port.h" alt="" coords="337,80,476,107">
<area shape="rect" href="$tlm__analysis__fifo_8h.html" title="tlm_analysis_fifo.h" alt="" coords="589,80,723,107">
<area shape="rect" href="$tlm__fifo_8h.html" title="tlm_h/tlm_req_rsp/tlm_channels/tlm_fifo/tlm_fifo.h" alt="" coords="537,155,855,181">
<area shape="rect" href="$tlm__fifo__ifs_8h.html" title="tlm_h/tlm_req_rsp/tlm_1_interfaces/tlm_fifo_ifs.h" alt="" coords="1667,229,1976,256">
<area shape="rect" href="$circular__buffer_8h.html" title="tlm_h/tlm_req_rsp/tlm_channels/tlm_fifo/circular_buffer.h" alt="" coords="131,229,488,256">
<area shape="rect" href="$tlm__fifo__put__get_8h.html" title="tlm_h/tlm_req_rsp/tlm_channels/tlm_fifo/tlm_fifo_put_get.h" alt="" coords="512,229,880,256">
<area shape="rect" href="$tlm__fifo__peek_8h.html" title="tlm_h/tlm_req_rsp/tlm_channels/tlm_fifo/tlm_fifo_peek.h" alt="" coords="904,229,1259,256">
<area shape="rect" href="$tlm__fifo__resize_8h.html" title="tlm_h/tlm_req_rsp/tlm_channels/tlm_fifo/tlm_fifo_resize.h" alt="" coords="1283,229,1643,256">
<area shape="rect" href="$tlm__core__ifs_8h.html" title="tlm_h/tlm_req_rsp/tlm_1_interfaces/tlm_core_ifs.h" alt="" coords="1663,304,1980,331">
<area shape="rect" href="$tlm__tag_8h.html" title="tlm_h/tlm_req_rsp/tlm_1_interfaces/tlm_tag.h" alt="" coords="1676,379,1967,405">
