<area shape="rect" href="$tlm__generic__payload_8h.html" title="C:/ESLX/projects/TLMWG/tlm2/include/tlm_h/tlm_generic_payload/tlm_generic_payload.h" alt="" coords="744,155,1296,181">
<area shape="rect" href="$tlm__data__serializers_8h.html" title="C:/ESLX/projects/TLMWG/tlm2/include/tlm_h/tlm_generic_payload/tlm_data_serializers.h" alt="" coords="745,80,1295,107">
<area shape="rect" href="$tlm__dmi_8h.html" title="C:/ESLX/projects/TLMWG/tlm2/include/tlm_h/tlm_generic_payload/tlm_dmi.h" alt="" coords="1319,80,1796,107">
<area shape="rect" href="$tlm__fw__bw__ifs_8h.html" title="C:/ESLX/projects/TLMWG/tlm2/include/tlm_h/tlm_annotated/tlm_fw_bw_ifs/tlm_fw_bw_ifs.h" alt="" coords="355,229,917,256">
<area shape="rect" href="$tlm_8h.html" title="C:/ESLX/projects/TLMWG/tlm2/include/tlm.h" alt="" coords="648,453,933,480">
<area shape="rect" href="$tlm__annotated_8h.html" title="C:/ESLX/projects/TLMWG/tlm2/include/tlm_h/tlm_annotated/tlm_annotated.h" alt="" coords="5,379,483,405">
<area shape="rect" href="$tlm__initiator__socket_8h.html" title="C:/ESLX/projects/TLMWG/tlm2/include/tlm_h/tlm_ports/tlm_initiator_socket.h" alt="" coords="205,304,683,331">
<area shape="rect" href="$tlm__target__socket_8h.html" title="C:/ESLX/projects/TLMWG/tlm2/include/tlm_h/tlm_ports/tlm_target_socket.h" alt="" coords="707,304,1176,331">
<area shape="rect" href="$tlm__ports_8h.html" title="C:/ESLX/projects/TLMWG/tlm2/include/tlm_h/tlm_ports/tlm_ports.h" alt="" coords="581,379,1000,405">
