<area shape="rect" href="$tlm__fifo_8h.html" title="C:/ESLX/projects/TLMWG/tlm2/include/tlm_h/tlm_core/tlm_fifo/tlm_fifo.h" alt="" coords="672,80,1123,107">
<area shape="rect" href="$tlm__req__rsp__channels_8h.html" title="C:/ESLX/projects/TLMWG/tlm2/include/tlm_h/tlm_core/tlm_req_rsp/tlm_req_rsp_channels.h" alt="" coords="365,155,931,181">
<area shape="rect" href="$tlm__annotated__fifo_8h.html" title="C:/ESLX/projects/TLMWG/tlm2/include/tlm_h/tlm_annotated/tlm_annotated_channels/tlm_annotated_fifo.h" alt="" coords="875,453,1525,480">
<area shape="rect" href="$tlm__core_8h.html" title="C:/ESLX/projects/TLMWG/tlm2/include/tlm_h/tlm_core/tlm_core.h" alt="" coords="263,229,673,256">
<area shape="rect" href="$tlm_8h.html" title="C:/ESLX/projects/TLMWG/tlm2/include/tlm.h" alt="" coords="247,677,532,704">
<area shape="rect" href="$tlm__annotated__ifs_8h.html" title="C:/ESLX/projects/TLMWG/tlm2/include/tlm_h/tlm_annotated/tlm_annotated_ifs/tlm_annotated_ifs.h" alt="" coords="164,304,772,331">
<area shape="rect" href="$tlm__annotated_8h.html" title="C:/ESLX/projects/TLMWG/tlm2/include/tlm_h/tlm_annotated/tlm_annotated.h" alt="" coords="151,603,628,629">
<area shape="rect" href="$tlm__annotated__master__slave__ifs_8h.html" title="C:/ESLX/projects/TLMWG/tlm2/include/tlm_h/tlm_annotated/tlm_annotated_ifs/tlm_annotated_master_slave_ifs.h" alt="" coords="121,379,815,405">
<area shape="rect" href="$tlm__annotated__put__get__imp_8h.html" title="C:/ESLX/projects/TLMWG/tlm2/include/tlm_h/tlm_annotated/tlm_annotated_channels/tlm_annotated_put_get_imp.h" alt="" coords="144,453,851,480">
<area shape="rect" href="$tlm__annotated__req__rsp_8h.html" title="C:/ESLX/projects/TLMWG/tlm2/include/tlm_h/tlm_annotated/tlm_annotated_channels/tlm_annotated_req_rsp.h" alt="" coords="159,528,836,555">
<area shape="rect" href="$tlm__analysis__fifo_8h.html" title="C:/ESLX/projects/TLMWG/tlm2/include/tlm_h/tlm_analysis/tlm_analysis_fifo.h" alt="" coords="947,528,1427,555">
<area shape="rect" href="$tlm__analysis_8h.html" title="C:/ESLX/projects/TLMWG/tlm2/include/tlm_h/tlm_analysis/tlm_analysis.h" alt="" coords="805,603,1259,629">
