<area shape="rect" href="$tlm__generic__payload_8h.html" title="include/tlm/tlm_h/tlm_generic_payload/tlm_generic_payload.h" alt="" coords="1068,161,1500,188">
<area shape="rect" href="$tlm__endian__conv_8h.html" title="include/tlm/tlm_h/tlm_generic_payload/tlm_endian_conv.h" alt="" coords="1201,84,1609,111">
<area shape="rect" href="$tlm__fw__bw__ifs_8h.html" title="include/tlm/tlm_h/tlm_2_interfaces/tlm_fw_bw_ifs.h" alt="" coords="793,239,1159,265">
<area shape="rect" href="$tlm_8h.html" title="include/tlm/tlm.h" alt="" coords="1029,471,1163,497">
<area shape="rect" href="$tlm__2__interfaces_8h.html" title="include/tlm/tlm_h/tlm_2_interfaces/tlm_2_interfaces.h" alt="" coords="465,393,849,420">
<area shape="rect" href="$tlm__initiator__socket_8h.html" title="include/tlm/tlm_h/tlm_sockets/tlm_initiator_socket.h" alt="" coords="633,316,1009,343">
<area shape="rect" href="$tlm__target__socket_8h.html" title="include/tlm/tlm_h/tlm_sockets/tlm_target_socket.h" alt="" coords="1033,316,1401,343">
<area shape="rect" href="$instance__specific__extensions_8h.html" title="include/tlm/tlm_utils/instance_specific_extensions.h" alt="" coords="5,548,376,575">
<area shape="rect" href="$multi__socket__bases_8h.html" title="include/tlm/tlm_utils/multi_socket_bases.h" alt="" coords="400,548,707,575">
<area shape="rect" href="$passthrough__target__socket_8h.html" title="include/tlm/tlm_utils/passthrough_target_socket.h" alt="" coords="731,548,1091,575">
<area shape="rect" href="$peq__with__cb__and__phase_8h.html" title="include/tlm/tlm_utils/peq_with_cb_and_phase.h" alt="" coords="1115,548,1451,575">
<area shape="rect" href="$simple__initiator__socket_8h.html" title="include/tlm/tlm_utils/simple_initiator_socket.h" alt="" coords="1475,548,1803,575">
<area shape="rect" href="$simple__target__socket_8h.html" title="include/tlm/tlm_utils/simple_target_socket.h" alt="" coords="1827,548,2147,575">
<area shape="rect" href="$multi__passthrough__initiator__socket_8h.html" title="include/tlm/tlm_utils/multi_passthrough_initiator_socket.h" alt="" coords="135,625,543,652">
<area shape="rect" href="$multi__passthrough__target__socket_8h.html" title="include/tlm/tlm_utils/multi_passthrough_target_socket.h" alt="" coords="567,625,967,652">
<area shape="rect" href="$tlm__sockets_8h.html" title="include/tlm/tlm_h/tlm_sockets/tlm_sockets.h" alt="" coords="935,393,1257,420">
