<area shape="rect" href="$tlm__quantum_8h.html" title="C:/ESLX/projects/TLMWG/tlm2/include/tlm/tlm_h/tlm_quantum/tlm_quantum.h" alt="" coords="1297,80,1780,107">
<area shape="rect" href="$tlm__quantumkeeper_8h.html" title="C:/ESLX/projects/TLMWG/tlm2/include/tlm/tlm_utils/tlm_quantumkeeper.h" alt="" coords="1804,80,2263,107">
<area shape="rect" href="$tlm_8h.html" title="C:/ESLX/projects/TLMWG/tlm2/include/tlm/tlm.h" alt="" coords="1385,155,1692,181">
<area shape="rect" href="$instance__specific__extensions_8h.html" title="C:/ESLX/projects/TLMWG/tlm2/include/tlm/tlm_utils/instance_specific_extensions.h" alt="" coords="5,229,520,256">
<area shape="rect" href="$multi__socket__bases_8h.html" title="C:/ESLX/projects/TLMWG/tlm2/include/tlm/tlm_utils/multi_socket_bases.h" alt="" coords="544,229,1003,256">
<area shape="rect" href="$passthrough__target__socket_8h.html" title="C:/ESLX/projects/TLMWG/tlm2/include/tlm/tlm_utils/passthrough_target_socket.h" alt="" coords="1027,229,1531,256">
<area shape="rect" href="$peq__with__cb__and__phase_8h.html" title="C:/ESLX/projects/TLMWG/tlm2/include/tlm/tlm_utils/peq_with_cb_and_phase.h" alt="" coords="1555,229,2045,256">
<area shape="rect" href="$simple__initiator__socket_8h.html" title="C:/ESLX/projects/TLMWG/tlm2/include/tlm/tlm_utils/simple_initiator_socket.h" alt="" coords="2069,229,2547,256">
<area shape="rect" href="$simple__target__socket_8h.html" title="C:/ESLX/projects/TLMWG/tlm2/include/tlm/tlm_utils/simple_target_socket.h" alt="" coords="2571,229,3040,256">
<area shape="rect" href="$multi__passthrough__initiator__socket_8h.html" title="C:/ESLX/projects/TLMWG/tlm2/include/tlm/tlm_utils/multi_passthrough_initiator_socket.h" alt="" coords="216,304,763,331">
<area shape="rect" href="$multi__passthrough__target__socket_8h.html" title="C:/ESLX/projects/TLMWG/tlm2/include/tlm/tlm_utils/multi_passthrough_target_socket.h" alt="" coords="787,304,1325,331">
