<area shape="rect" href="$tlm__req__rsp__channels_8h.html" title="C:/ESLX/projects/TLMWG/tlm2/include/tlm_h/tlm_core/tlm_req_rsp/tlm_req_rsp_channels.h" alt="" coords="5,80,571,107">
<area shape="rect" href="$tlm__core_8h.html" title="C:/ESLX/projects/TLMWG/tlm2/include/tlm_h/tlm_core/tlm_core.h" alt="" coords="83,155,493,181">
<area shape="rect" href="$tlm_8h.html" title="C:/ESLX/projects/TLMWG/tlm2/include/tlm.h" alt="" coords="336,603,621,629">
<area shape="rect" href="$tlm__annotated__ifs_8h.html" title="C:/ESLX/projects/TLMWG/tlm2/include/tlm_h/tlm_annotated/tlm_annotated_ifs/tlm_annotated_ifs.h" alt="" coords="179,229,787,256">
<area shape="rect" href="$tlm__annotated_8h.html" title="C:/ESLX/projects/TLMWG/tlm2/include/tlm_h/tlm_annotated/tlm_annotated.h" alt="" coords="240,528,717,555">
<area shape="rect" href="$tlm__annotated__master__slave__ifs_8h.html" title="C:/ESLX/projects/TLMWG/tlm2/include/tlm_h/tlm_annotated/tlm_annotated_ifs/tlm_annotated_master_slave_ifs.h" alt="" coords="183,304,876,331">
<area shape="rect" href="$tlm__annotated__fifo_8h.html" title="C:/ESLX/projects/TLMWG/tlm2/include/tlm_h/tlm_annotated/tlm_annotated_channels/tlm_annotated_fifo.h" alt="" coords="964,379,1615,405">
<area shape="rect" href="$tlm__annotated__put__get__imp_8h.html" title="C:/ESLX/projects/TLMWG/tlm2/include/tlm_h/tlm_annotated/tlm_annotated_channels/tlm_annotated_put_get_imp.h" alt="" coords="233,379,940,405">
<area shape="rect" href="$tlm__annotated__req__rsp_8h.html" title="C:/ESLX/projects/TLMWG/tlm2/include/tlm_h/tlm_annotated/tlm_annotated_channels/tlm_annotated_req_rsp.h" alt="" coords="248,453,925,480">
<area shape="rect" href="$tlm__analysis__fifo_8h.html" title="C:/ESLX/projects/TLMWG/tlm2/include/tlm_h/tlm_analysis/tlm_analysis_fifo.h" alt="" coords="1036,453,1516,480">
<area shape="rect" href="$tlm__analysis_8h.html" title="C:/ESLX/projects/TLMWG/tlm2/include/tlm_h/tlm_analysis/tlm_analysis.h" alt="" coords="895,528,1348,555">
