<area shape="rect" href="$tlm__core_8h.html" title="C:/ESLX/projects/TLMWG/tlm2/include/tlm_h/tlm_core/tlm_core.h" alt="" coords="93,80,504,107">
<area shape="rect" href="$tlm_8h.html" title="C:/ESLX/projects/TLMWG/tlm2/include/tlm.h" alt="" coords="347,528,632,555">
<area shape="rect" href="$tlm__annotated__ifs_8h.html" title="C:/ESLX/projects/TLMWG/tlm2/include/tlm_h/tlm_annotated/tlm_annotated_ifs/tlm_annotated_ifs.h" alt="" coords="189,155,797,181">
<area shape="rect" href="$tlm__annotated_8h.html" title="C:/ESLX/projects/TLMWG/tlm2/include/tlm_h/tlm_annotated/tlm_annotated.h" alt="" coords="251,453,728,480">
<area shape="rect" href="$tlm__annotated__master__slave__ifs_8h.html" title="C:/ESLX/projects/TLMWG/tlm2/include/tlm_h/tlm_annotated/tlm_annotated_ifs/tlm_annotated_master_slave_ifs.h" alt="" coords="193,229,887,256">
<area shape="rect" href="$tlm__annotated__fifo_8h.html" title="C:/ESLX/projects/TLMWG/tlm2/include/tlm_h/tlm_annotated/tlm_annotated_channels/tlm_annotated_fifo.h" alt="" coords="975,304,1625,331">
<area shape="rect" href="$tlm__annotated__put__get__imp_8h.html" title="C:/ESLX/projects/TLMWG/tlm2/include/tlm_h/tlm_annotated/tlm_annotated_channels/tlm_annotated_put_get_imp.h" alt="" coords="244,304,951,331">
<area shape="rect" href="$tlm__annotated__req__rsp_8h.html" title="C:/ESLX/projects/TLMWG/tlm2/include/tlm_h/tlm_annotated/tlm_annotated_channels/tlm_annotated_req_rsp.h" alt="" coords="259,379,936,405">
<area shape="rect" href="$tlm__analysis__fifo_8h.html" title="C:/ESLX/projects/TLMWG/tlm2/include/tlm_h/tlm_analysis/tlm_analysis_fifo.h" alt="" coords="1047,379,1527,405">
<area shape="rect" href="$tlm__analysis_8h.html" title="C:/ESLX/projects/TLMWG/tlm2/include/tlm_h/tlm_analysis/tlm_analysis.h" alt="" coords="905,453,1359,480">
