<area shape="rect" href="$tlm__generic__payload_8h.html" title="include/tlm/tlm_h/tlm_generic_payload/tlm_generic_payload.h" alt="" coords="1008,84,1440,111">
<area shape="rect" href="$tlm__fw__bw__ifs_8h.html" title="include/tlm/tlm_h/tlm_2_interfaces/tlm_fw_bw_ifs.h" alt="" coords="733,161,1099,188">
<area shape="rect" href="$tlm_8h.html" title="include/tlm/tlm.h" alt="" coords="1029,393,1163,420">
<area shape="rect" href="$tlm__2__interfaces_8h.html" title="include/tlm/tlm_h/tlm_2_interfaces/tlm_2_interfaces.h" alt="" coords="405,316,789,343">
<area shape="rect" href="$tlm__initiator__socket_8h.html" title="include/tlm/tlm_h/tlm_sockets/tlm_initiator_socket.h" alt="" coords="573,239,949,265">
<area shape="rect" href="$tlm__target__socket_8h.html" title="include/tlm/tlm_h/tlm_sockets/tlm_target_socket.h" alt="" coords="973,239,1341,265">
<area shape="rect" href="$instance__specific__extensions_8h.html" title="include/tlm/tlm_utils/instance_specific_extensions.h" alt="" coords="5,471,376,497">
<area shape="rect" href="$multi__socket__bases_8h.html" title="include/tlm/tlm_utils/multi_socket_bases.h" alt="" coords="400,471,707,497">
<area shape="rect" href="$passthrough__target__socket_8h.html" title="include/tlm/tlm_utils/passthrough_target_socket.h" alt="" coords="731,471,1091,497">
<area shape="rect" href="$peq__with__cb__and__phase_8h.html" title="include/tlm/tlm_utils/peq_with_cb_and_phase.h" alt="" coords="1115,471,1451,497">
<area shape="rect" href="$simple__initiator__socket_8h.html" title="include/tlm/tlm_utils/simple_initiator_socket.h" alt="" coords="1475,471,1803,497">
<area shape="rect" href="$simple__target__socket_8h.html" title="include/tlm/tlm_utils/simple_target_socket.h" alt="" coords="1827,471,2147,497">
<area shape="rect" href="$multi__passthrough__initiator__socket_8h.html" title="include/tlm/tlm_utils/multi_passthrough_initiator_socket.h" alt="" coords="135,548,543,575">
<area shape="rect" href="$multi__passthrough__target__socket_8h.html" title="include/tlm/tlm_utils/multi_passthrough_target_socket.h" alt="" coords="567,548,967,575">
<area shape="rect" href="$tlm__sockets_8h.html" title="include/tlm/tlm_h/tlm_sockets/tlm_sockets.h" alt="" coords="935,316,1257,343">
