<area shape="rect" href="$tlm_8h.html" title="C:/ESLX/projects/TLMWG/tlm2/include/tlm.h" alt="" coords="276,453,561,480">
<area shape="rect" href="$tlm__annotated__ifs_8h.html" title="C:/ESLX/projects/TLMWG/tlm2/include/tlm_h/tlm_annotated/tlm_annotated_ifs/tlm_annotated_ifs.h" alt="" coords="119,80,727,107">
<area shape="rect" href="$tlm__annotated_8h.html" title="C:/ESLX/projects/TLMWG/tlm2/include/tlm_h/tlm_annotated/tlm_annotated.h" alt="" coords="180,379,657,405">
<area shape="rect" href="$tlm__annotated__master__slave__ifs_8h.html" title="C:/ESLX/projects/TLMWG/tlm2/include/tlm_h/tlm_annotated/tlm_annotated_ifs/tlm_annotated_master_slave_ifs.h" alt="" coords="123,155,816,181">
<area shape="rect" href="$tlm__annotated__fifo_8h.html" title="C:/ESLX/projects/TLMWG/tlm2/include/tlm_h/tlm_annotated/tlm_annotated_channels/tlm_annotated_fifo.h" alt="" coords="904,229,1555,256">
<area shape="rect" href="$tlm__annotated__put__get__imp_8h.html" title="C:/ESLX/projects/TLMWG/tlm2/include/tlm_h/tlm_annotated/tlm_annotated_channels/tlm_annotated_put_get_imp.h" alt="" coords="173,229,880,256">
<area shape="rect" href="$tlm__annotated__req__rsp_8h.html" title="C:/ESLX/projects/TLMWG/tlm2/include/tlm_h/tlm_annotated/tlm_annotated_channels/tlm_annotated_req_rsp.h" alt="" coords="188,304,865,331">
<area shape="rect" href="$tlm__analysis__fifo_8h.html" title="C:/ESLX/projects/TLMWG/tlm2/include/tlm_h/tlm_analysis/tlm_analysis_fifo.h" alt="" coords="976,304,1456,331">
<area shape="rect" href="$tlm__analysis_8h.html" title="C:/ESLX/projects/TLMWG/tlm2/include/tlm_h/tlm_analysis/tlm_analysis.h" alt="" coords="835,379,1288,405">
