<area shape="rect" href="$tlm__annotated__master__slave__ifs_8h.html" title="tlm_h/tlm_annotated/tlm_annotated_ifs/tlm_annotated_master_slave_ifs.h" alt="" coords="1028,80,1487,107">
<area shape="rect" href="$tlm__annotated__ifs_8h.html" title="tlm_h/tlm_annotated/tlm_annotated_ifs/tlm_annotated_ifs.h" alt="" coords="1071,155,1444,181">
<area shape="rect" href="$tlm__core_8h.html" title="tlm_h/tlm_core/tlm_core.h" alt="" coords="1169,229,1345,256">
<area shape="rect" href="$tlm__core__ifs_8h.html" title="tlm_interfaces/tlm_core_ifs.h" alt="" coords="1508,528,1700,555">
<area shape="rect" href="$tlm__master__slave__ifs_8h.html" title="tlm_interfaces/tlm_master_slave_ifs.h" alt="" coords="5,453,251,480">
<area shape="rect" href="$tlm__req__rsp__channels_8h.html" title="tlm_req_rsp/tlm_req_rsp_channels.h" alt="" coords="677,304,917,331">
<area shape="rect" href="$tlm__nonblocking__port_8h.html" title="tlm_event_finder/tlm_nonblocking_port.h" alt="" coords="1755,453,2019,480">
<area shape="rect" href="$tlm__tag_8h.html" title="tlm_h/tlm_core/tlm_interfaces/tlm_tag.h" alt="" coords="1617,603,1873,629">
<area shape="rect" href="$tlm__adapters_8h.html" title="tlm_h/tlm_core/tlm_adapters/tlm_adapters.h" alt="" coords="517,379,800,405">
<area shape="rect" href="$tlm__fifo_8h.html" title="tlm_h/tlm_core/tlm_fifo/tlm_fifo.h" alt="" coords="828,379,1044,405">
<area shape="rect" href="$tlm__put__get__imp_8h.html" title="tlm_h/tlm_core/tlm_req_rsp/tlm_put_get_imp.h" alt="" coords="187,379,485,405">
<area shape="rect" href="$tlm__fifo__ifs_8h.html" title="tlm_h/tlm_core/tlm_interfaces/tlm_fifo_ifs.h" alt="" coords="829,453,1107,480">
<area shape="rect" href="$circular__buffer_8h.html" title="tlm_h/tlm_core/tlm_fifo/circular_buffer.h" alt="" coords="549,453,805,480">
<area shape="rect" href="$tlm__fifo__put__get_8h.html" title="tlm_h/tlm_core/tlm_fifo/tlm_fifo_put_get.h" alt="" coords="1413,453,1680,480">
<area shape="rect" href="$tlm__fifo__peek_8h.html" title="tlm_h/tlm_core/tlm_fifo/tlm_fifo_peek.h" alt="" coords="275,453,525,480">
<area shape="rect" href="$tlm__fifo__resize_8h.html" title="tlm_h/tlm_core/tlm_fifo/tlm_fifo_resize.h" alt="" coords="1131,453,1389,480">
<area shape="rect" href="$tlm__event__finder_8h.html" title="tlm_h/tlm_core/tlm_event_finder/tlm_event_finder.h" alt="" coords="1724,528,2049,555">
