<area shape="rect" href="$tlm__2__interfaces_8h.html" title="tlm_2_interfaces/tlm_2_interfaces.h" alt="" coords="5,155,240,181">
<area shape="rect" href="$tlm__generic__payload_8h.html" title="tlm_h/tlm_trans/tlm_generic_payload/tlm_generic_payload.h" alt="" coords="424,304,803,331">
<area shape="rect" href="$tlm__sockets_8h.html" title="tlm_sockets/tlm_sockets.h" alt="" coords="320,80,499,107">
<area shape="rect" href="$tlm__dmi_8h.html" title="tlm_dmi.h" alt="" coords="49,304,129,331">
<area shape="rect" href="$tlm__fw__bw__ifs_8h.html" title="tlm_fw_bw_ifs.h" alt="" coords="301,229,419,256">
<area shape="rect" href="$tlm__phase_8h.html" title="tlm_phase.h" alt="" coords="255,379,351,405">
<area shape="rect" href="$tlm__helpers_8h.html" title="tlm_helpers.h" alt="" coords="701,379,805,405">
<area shape="rect" href="$tlm__gp_8h.html" title="tlm_gp.h" alt="" coords="477,453,552,480">
<area shape="rect" href="$tlm__endian__conv_8h.html" title="tlm_endian_conv.h" alt="" coords="544,379,677,405">
<area shape="rect" href="$tlm__array_8h.html" title="tlm_array.h" alt="" coords="476,528,567,555">
<area shape="rect" href="$tlm__initiator__socket_8h.html" title="tlm_initiator_socket.h" alt="" coords="427,155,576,181">
<area shape="rect" href="$tlm__target__socket_8h.html" title="tlm_target_socket.h" alt="" coords="264,155,403,181">
