<area shape="rect" id="node2" href="$classtlm_1_1tlm__get__if.html" title="tlm::tlm_get_if\&lt; T \&gt;" alt="" coords="525,5,659,33">
<area shape="rect" id="node4" href="$classtlm_1_1tlm__blocking__get__if.html" title="tlm::tlm_blocking_get_if\&lt; T \&gt;" alt="" coords="216,5,405,33">
<area shape="rect" id="node19" href="$classtlm_1_1tlm__blocking__get__peek__if.html" title="tlm::tlm_blocking_get_peek_if\&lt; T \&gt;" alt="" coords="480,55,704,83">
<area shape="rect" id="node6" href="$classsc__core_1_1sc__interface.html" title="sc_core::sc_interface" alt="" coords="7,81,151,109">
<area shape="rect" id="node8" href="$classtlm_1_1tlm__nonblocking__get__if.html" title="tlm::tlm_nonblocking_get_if\&lt; T \&gt;" alt="" coords="205,55,416,83">
<area shape="rect" id="node13" href="$classtlm_1_1tlm__blocking__peek__if.html" title="tlm::tlm_blocking_peek_if\&lt; T \&gt;" alt="" coords="211,106,411,134">
<area shape="rect" id="node16" href="$classtlm_1_1tlm__nonblocking__peek__if.html" title="tlm::tlm_nonblocking_peek_if\&lt; T \&gt;" alt="" coords="201,157,420,185">
<area shape="rect" id="node23" href="$classtlm_1_1tlm__nonblocking__get__peek__if.html" title="tlm::tlm_nonblocking_get_peek_if\&lt; T \&gt;" alt="" coords="469,106,715,134">
<area shape="rect" id="node11" href="$classtlm_1_1tlm__peek__if.html" title="tlm::tlm_peek_if\&lt; T \&gt;" alt="" coords="520,157,664,185">
