<area shape="rect" id="node2" href="$classtlm_1_1tlm__put__get__imp.html" title="tlm::tlm_put_get_imp\&lt; REQ, RSP \&gt;" alt="" coords="1191,185,1420,213">
<area shape="rect" id="node4" href="$classtlm_1_1tlm__put__if.html" title="tlm::tlm_put_if\&lt; REQ \&gt;" alt="" coords="877,63,1032,91">
<area shape="rect" id="node41" href="$classtlm_1_1tlm__master__if.html" title="tlm::tlm_master_if\&lt; REQ, RSP \&gt;" alt="" coords="1200,118,1411,146">
<area shape="rect" id="node6" href="$classtlm_1_1tlm__blocking__put__if.html" title="tlm::tlm_blocking_put_if\&lt; REQ \&gt;" alt="" coords="521,74,732,102">
<area shape="rect" id="node45" href="$classtlm_1_1tlm__blocking__master__if.html" title="tlm::tlm_blocking_master_if\&lt; REQ, RSP \&gt;" alt="" coords="821,130,1088,158">
<area shape="rect" id="node8" href="$classsc__core_1_1sc__interface.html" title="sc_core::sc_interface" alt="" coords="7,159,151,187">
<area shape="rect" id="node10" href="$classtlm_1_1tlm__nonblocking__put__if.html" title="tlm::tlm_nonblocking_put_if\&lt; REQ \&gt;" alt="" coords="511,23,743,51">
<area shape="rect" id="node17" href="$classtlm_1_1tlm__blocking__get__if.html" title="tlm::tlm_blocking_get_if\&lt; RSP \&gt;" alt="" coords="219,287,427,315">
<area shape="rect" id="node20" href="$classtlm_1_1tlm__nonblocking__get__if.html" title="tlm::tlm_nonblocking_get_if\&lt; RSP \&gt;" alt="" coords="208,131,437,159">
<area shape="rect" id="node25" href="$classtlm_1_1tlm__blocking__peek__if.html" title="tlm::tlm_blocking_peek_if\&lt; RSP \&gt;" alt="" coords="213,237,432,265">
<area shape="rect" id="node28" href="$classtlm_1_1tlm__nonblocking__peek__if.html" title="tlm::tlm_nonblocking_peek_if\&lt; RSP \&gt;" alt="" coords="203,182,443,210">
<area shape="rect" id="node49" href="$classtlm_1_1tlm__nonblocking__master__if.html" title="tlm::tlm_nonblocking_master_if\&lt; REQ, RSP \&gt;" alt="" coords="811,5,1099,33">
<area shape="rect" id="node13" href="$classtlm_1_1tlm__get__peek__if.html" title="tlm::tlm_get_peek_if\&lt; RSP \&gt;" alt="" coords="860,221,1049,249">
<area shape="rect" id="node15" href="$classtlm_1_1tlm__get__if.html" title="tlm::tlm_get_if\&lt; RSP \&gt;" alt="" coords="549,194,704,222">
<area shape="rect" id="node31" href="$classtlm_1_1tlm__blocking__get__peek__if.html" title="tlm::tlm_blocking_get_peek_if\&lt; RSP \&gt;" alt="" coords="505,305,748,333">
<area shape="rect" id="node35" href="$classtlm_1_1tlm__nonblocking__get__peek__if.html" title="tlm::tlm_nonblocking_get_peek_if\&lt; RSP \&gt;" alt="" coords="495,137,759,165">
<area shape="rect" id="node23" href="$classtlm_1_1tlm__peek__if.html" title="tlm::tlm_peek_if\&lt; RSP \&gt;" alt="" coords="545,245,708,273">
