<area shape="rect" id="node2" href="$classtlm_1_1tlm__put__get__imp.html" title="tlm::tlm_put_get_imp\&lt; RSP, REQ \&gt;" alt="" coords="1132,207,1361,235">
<area shape="rect" id="node4" href="$classtlm_1_1tlm__put__if.html" title="tlm::tlm_put_if\&lt; RSP \&gt;" alt="" coords="867,233,1021,261">
<area shape="rect" id="node39" href="$classtlm_1_1tlm__slave__if.html" title="tlm::tlm_slave_if\&lt; REQ, RSP \&gt;" alt="" coords="1147,157,1347,185">
<area shape="rect" id="node6" href="$classtlm_1_1tlm__blocking__put__if.html" title="tlm::tlm_blocking_put_if\&lt; RSP \&gt;" alt="" coords="520,258,728,286">
<area shape="rect" id="node43" href="$classtlm_1_1tlm__blocking__slave__if.html" title="tlm::tlm_blocking_slave_if\&lt; REQ, RSP \&gt;" alt="" coords="816,182,1072,210">
<area shape="rect" id="node8" href="$classsc__core_1_1sc__interface.html" title="sc_core::sc_interface" alt="" coords="7,131,151,159">
<area shape="rect" id="node10" href="$classtlm_1_1tlm__nonblocking__put__if.html" title="tlm::tlm_nonblocking_put_if\&lt; RSP \&gt;" alt="" coords="509,207,739,235">
<area shape="rect" id="node17" href="$classtlm_1_1tlm__blocking__get__if.html" title="tlm::tlm_blocking_get_if\&lt; REQ \&gt;" alt="" coords="216,106,427,134">
<area shape="rect" id="node20" href="$classtlm_1_1tlm__nonblocking__get__if.html" title="tlm::tlm_nonblocking_get_if\&lt; REQ \&gt;" alt="" coords="205,5,437,33">
<area shape="rect" id="node25" href="$classtlm_1_1tlm__blocking__peek__if.html" title="tlm::tlm_blocking_peek_if\&lt; REQ \&gt;" alt="" coords="212,157,431,185">
<area shape="rect" id="node28" href="$classtlm_1_1tlm__nonblocking__peek__if.html" title="tlm::tlm_nonblocking_peek_if\&lt; REQ \&gt;" alt="" coords="201,55,441,83">
<area shape="rect" id="node47" href="$classtlm_1_1tlm__nonblocking__slave__if.html" title="tlm::tlm_nonblocking_slave_if\&lt; REQ, RSP \&gt;" alt="" coords="805,131,1083,159">
<area shape="rect" id="node13" href="$classtlm_1_1tlm__get__peek__if.html" title="tlm::tlm_get_peek_if\&lt; REQ \&gt;" alt="" coords="849,81,1039,109">
<area shape="rect" id="node15" href="$classtlm_1_1tlm__get__if.html" title="tlm::tlm_get_if\&lt; REQ \&gt;" alt="" coords="547,5,701,33">
<area shape="rect" id="node31" href="$classtlm_1_1tlm__blocking__get__peek__if.html" title="tlm::tlm_blocking_get_peek_if\&lt; REQ \&gt;" alt="" coords="501,157,747,185">
<area shape="rect" id="node35" href="$classtlm_1_1tlm__nonblocking__get__peek__if.html" title="tlm::tlm_nonblocking_get_peek_if\&lt; REQ \&gt;" alt="" coords="491,55,757,83">
<area shape="rect" id="node23" href="$classtlm_1_1tlm__peek__if.html" title="tlm::tlm_peek_if\&lt; REQ \&gt;" alt="" coords="541,106,707,134">
