<area shape="rect" id="node3" href="$classtlm_1_1tlm__blocking__get__if.html" title="tlm::tlm_blocking_get_if\&lt; GET_DATA \&gt;" alt="" coords="305,115,553,143">
<area shape="rect" id="node9" href="$classtlm_1_1tlm__blocking__get__if.html" title="tlm::tlm_blocking_get_if\&lt; REQ \&gt;" alt="" coords="324,318,535,346">
<area shape="rect" id="node15" href="$classtlm_1_1tlm__blocking__get__if.html" title="tlm::tlm_blocking_get_if\&lt; RSP \&gt;" alt="" coords="325,571,533,599">
<area shape="rect" id="node24" href="$classtlm_1_1tlm__blocking__get__if.html" title="tlm::tlm_blocking_get_if\&lt; T \&gt;" alt="" coords="335,774,524,802">
<area shape="rect" id="node32" href="$classtlm_1_1tlm__blocking__peek__if.html" title="tlm::tlm_blocking_peek_if\&lt; GET_DATA \&gt;" alt="" coords="300,64,559,92">
<area shape="rect" id="node37" href="$classtlm_1_1tlm__blocking__peek__if.html" title="tlm::tlm_blocking_peek_if\&lt; REQ \&gt;" alt="" coords="320,267,539,295">
<area shape="rect" id="node42" href="$classtlm_1_1tlm__blocking__peek__if.html" title="tlm::tlm_blocking_peek_if\&lt; RSP \&gt;" alt="" coords="320,520,539,548">
<area shape="rect" id="node47" href="$classtlm_1_1tlm__blocking__peek__if.html" title="tlm::tlm_blocking_peek_if\&lt; T \&gt;" alt="" coords="329,723,529,751">
<area shape="rect" id="node54" href="$classtlm_1_1tlm__blocking__put__if.html" title="tlm::tlm_blocking_put_if\&lt; PUT_DATA \&gt;" alt="" coords="305,875,553,903">
<area shape="rect" id="node58" href="$classtlm_1_1tlm__blocking__put__if.html" title="tlm::tlm_blocking_put_if\&lt; REQ \&gt;" alt="" coords="797,419,1008,447">
<area shape="rect" id="node62" href="$classtlm_1_1tlm__blocking__put__if.html" title="tlm::tlm_blocking_put_if\&lt; RSP \&gt;" alt="" coords="325,976,533,1004">
<area shape="rect" id="node64" href="$classtlm_1_1tlm__blocking__put__if.html" title="tlm::tlm_blocking_put_if\&lt; T \&gt;" alt="" coords="335,1027,524,1055">
<area shape="rect" id="node66" href="$classtlm_1_1tlm__blocking__transport__if.html" title="tlm::tlm_blocking_transport_if\&lt; TYPES::tlm_payload_type \&gt;" alt="" coords="245,1078,613,1106">
<area shape="rect" id="node68" href="$classtlm_1_1tlm__bw__nonblocking__transport__if.html" title="tlm::tlm_bw_nonblocking_transport_if\&lt; TYPES::tlm_payload_type, TYPES::tlm_phase_type \&gt;" alt="" coords="148,1128,711,1156">
<area shape="rect" id="node70" href="$classtlm_1_1tlm__delayed__write__if.html" title="tlm::tlm_delayed_write_if\&lt; T \&gt;" alt="" coords="332,1179,527,1207">
<area shape="rect" id="node72" href="$classtlm_1_1tlm__fifo__debug__if.html" title="tlm::tlm_fifo_debug_if\&lt; T \&gt;" alt="" coords="343,1230,516,1258">
<area shape="rect" id="node74" href="$classtlm_1_1tlm__fw__direct__mem__if.html" title="tlm::tlm_fw_direct_mem_if\&lt; TYPES::tlm_payload_type \&gt;" alt="" coords="255,1280,604,1308">
<area shape="rect" id="node76" href="$classtlm_1_1tlm__fw__nonblocking__transport__if.html" title="tlm::tlm_fw_nonblocking_transport_if\&lt; TYPES::tlm_payload_type, TYPES::tlm_phase_type \&gt;" alt="" coords="149,1331,709,1359">
<area shape="rect" id="node78" href="$classtlm_1_1tlm__nonblocking__get__if.html" title="tlm::tlm_nonblocking_get_if\&lt; GET_DATA \&gt;" alt="" coords="295,166,564,194">
<area shape="rect" id="node81" href="$classtlm_1_1tlm__nonblocking__get__if.html" title="tlm::tlm_nonblocking_get_if\&lt; REQ \&gt;" alt="" coords="313,368,545,396">
<area shape="rect" id="node84" href="$classtlm_1_1tlm__nonblocking__get__if.html" title="tlm::tlm_nonblocking_get_if\&lt; RSP \&gt;" alt="" coords="315,622,544,650">
<area shape="rect" id="node87" href="$classtlm_1_1tlm__nonblocking__get__if.html" title="tlm::tlm_nonblocking_get_if\&lt; T \&gt;" alt="" coords="324,824,535,852">
<area shape="rect" id="node91" href="$classtlm_1_1tlm__nonblocking__peek__if.html" title="tlm::tlm_nonblocking_peek_if\&lt; GET_DATA \&gt;" alt="" coords="289,14,569,42">
<area shape="rect" id="node94" href="$classtlm_1_1tlm__nonblocking__peek__if.html" title="tlm::tlm_nonblocking_peek_if\&lt; REQ \&gt;" alt="" coords="309,216,549,244">
<area shape="rect" id="node97" href="$classtlm_1_1tlm__nonblocking__peek__if.html" title="tlm::tlm_nonblocking_peek_if\&lt; RSP \&gt;" alt="" coords="309,470,549,498">
<area shape="rect" id="node100" href="$classtlm_1_1tlm__nonblocking__peek__if.html" title="tlm::tlm_nonblocking_peek_if\&lt; T \&gt;" alt="" coords="320,672,539,700">
<area shape="rect" id="node104" href="$classtlm_1_1tlm__nonblocking__put__if.html" title="tlm::tlm_nonblocking_put_if\&lt; PUT_DATA \&gt;" alt="" coords="295,926,564,954">
<area shape="rect" id="node107" href="$classtlm_1_1tlm__nonblocking__put__if.html" title="tlm::tlm_nonblocking_put_if\&lt; REQ \&gt;" alt="" coords="313,1382,545,1410">
<area shape="rect" id="node109" href="$classtlm_1_1tlm__nonblocking__put__if.html" title="tlm::tlm_nonblocking_put_if\&lt; RSP \&gt;" alt="" coords="315,1432,544,1460">
<area shape="rect" id="node111" href="$classtlm_1_1tlm__nonblocking__put__if.html" title="tlm::tlm_nonblocking_put_if\&lt; T \&gt;" alt="" coords="324,1483,535,1511">
<area shape="rect" id="node113" href="$classtlm_1_1tlm__transport__dbg__if.html" title="tlm::tlm_transport_dbg_if\&lt; TYPES::tlm_payload_type \&gt;" alt="" coords="259,1534,600,1562">
<area shape="rect" id="node115" href="$classtlm_1_1tlm__transport__if.html" title="tlm::tlm_transport_if\&lt; REQ, RSP \&gt;" alt="" coords="317,1584,541,1612">
<area shape="rect" id="node117" href="$classtlm_1_1tlm__write__if.html" title="tlm::tlm_write_if\&lt; T \&gt;" alt="" coords="357,1635,501,1663">
<area shape="rect" id="node119" href="$classtlm_1_1tlm__write__if.html" title="tlm::tlm_write_if\&lt; tlm_analysis_triple\&lt; T \&gt; \&gt;" alt="" coords="292,1686,567,1714">
<area shape="rect" id="node5" href="$classtlm_1_1tlm__blocking__get__peek__if.html" title="tlm::tlm_blocking_get_peek_if\&lt; GET_DATA \&gt;" alt="" coords="761,83,1044,111">
<area shape="rect" id="node7" href="$classtlm_1_1tlm__get__if.html" title="tlm::tlm_get_if\&lt; GET_DATA \&gt;" alt="" coords="805,159,1000,187">
<area shape="rect" id="node11" href="$classtlm_1_1tlm__blocking__get__peek__if.html" title="tlm::tlm_blocking_get_peek_if\&lt; REQ \&gt;" alt="" coords="780,292,1025,320">
<area shape="rect" id="node13" href="$classtlm_1_1tlm__get__if.html" title="tlm::tlm_get_if\&lt; REQ \&gt;" alt="" coords="825,356,980,384">
<area shape="rect" id="node17" href="$classtlm_1_1tlm__blocking__get__peek__if.html" title="tlm::tlm_blocking_get_peek_if\&lt; RSP \&gt;" alt="" coords="781,520,1024,548">
<area shape="rect" id="node22" href="$classtlm_1_1tlm__get__if.html" title="tlm::tlm_get_if\&lt; RSP \&gt;" alt="" coords="825,596,980,624">
<area shape="rect" id="node19" href="$classtlm_1_1tlm__blocking__master__if.html" title="tlm::tlm_blocking_master_if\&lt; REQ, RSP \&gt;" alt="" coords="1095,470,1361,498">
<area shape="rect" id="node26" href="$classtlm_1_1tlm__blocking__get__peek__if.html" title="tlm::tlm_blocking_get_peek_if\&lt; T \&gt;" alt="" coords="791,748,1015,776">
<area shape="rect" id="node28" href="$classtlm_1_1tlm__get__if.html" title="tlm::tlm_get_if\&lt; T \&gt;" alt="" coords="836,812,969,840">
<area shape="rect" id="node35" href="$classtlm_1_1tlm__peek__if.html" title="tlm::tlm_peek_if\&lt; GET_DATA \&gt;" alt="" coords="801,20,1004,48">
<area shape="rect" id="node40" href="$classtlm_1_1tlm__peek__if.html" title="tlm::tlm_peek_if\&lt; REQ \&gt;" alt="" coords="820,228,985,256">
<area shape="rect" id="node45" href="$classtlm_1_1tlm__peek__if.html" title="tlm::tlm_peek_if\&lt; RSP \&gt;" alt="" coords="821,470,984,498">
<area shape="rect" id="node50" href="$classtlm_1_1tlm__peek__if.html" title="tlm::tlm_peek_if\&lt; T \&gt;" alt="" coords="831,684,975,712">
<area shape="rect" id="node56" href="$classtlm_1_1tlm__put__if.html" title="tlm::tlm_put_if\&lt; PUT_DATA \&gt;" alt="" coords="807,900,999,928">
