<area shape="rect" id="node2" href="$classtlm_1_1tlm__fifo.html" title="tlm::tlm_fifo\&lt; T \&gt;" alt="" coords="1339,258,1459,286">
<area shape="rect" id="node4" href="$classtlm_1_1tlm__fifo__get__if.html" title="tlm::tlm_fifo_get_if\&lt; T \&gt;" alt="" coords="1041,207,1199,235">
<area shape="rect" id="node6" href="$classtlm_1_1tlm__get__peek__if.html" title="tlm::tlm_get_peek_if\&lt; T \&gt;" alt="" coords="820,106,988,134">
<area shape="rect" id="node8" href="$classtlm_1_1tlm__get__if.html" title="tlm::tlm_get_if\&lt; T \&gt;" alt="" coords="581,106,715,134">
<area shape="rect" id="node10" href="$classtlm_1_1tlm__blocking__get__if.html" title="tlm::tlm_blocking_get_if\&lt; T \&gt;" alt="" coords="244,157,433,185">
<area shape="rect" id="node25" href="$classtlm_1_1tlm__blocking__get__peek__if.html" title="tlm::tlm_blocking_get_peek_if\&lt; T \&gt;" alt="" coords="536,157,760,185">
<area shape="rect" id="node12" href="$classsc__core_1_1sc__interface.html" title="sc_core::sc_interface" alt="" coords="7,207,151,235">
<area shape="rect" id="node14" href="$classtlm_1_1tlm__nonblocking__get__if.html" title="tlm::tlm_nonblocking_get_if\&lt; T \&gt;" alt="" coords="233,55,444,83">
<area shape="rect" id="node19" href="$classtlm_1_1tlm__blocking__peek__if.html" title="tlm::tlm_blocking_peek_if\&lt; T \&gt;" alt="" coords="239,106,439,134">
<area shape="rect" id="node22" href="$classtlm_1_1tlm__nonblocking__peek__if.html" title="tlm::tlm_nonblocking_peek_if\&lt; T \&gt;" alt="" coords="229,5,448,33">
<area shape="rect" id="node33" href="$classtlm_1_1tlm__fifo__debug__if.html" title="tlm::tlm_fifo_debug_if\&lt; T \&gt;" alt="" coords="561,207,735,235">
<area shape="rect" id="node40" href="$classtlm_1_1tlm__blocking__put__if.html" title="tlm::tlm_blocking_put_if\&lt; T \&gt;" alt="" coords="244,309,433,337">
<area shape="rect" id="node43" href="$classtlm_1_1tlm__nonblocking__put__if.html" title="tlm::tlm_nonblocking_put_if\&lt; T \&gt;" alt="" coords="233,258,444,286">
<area shape="rect" id="node49" href="$classtlm_1_1tlm__write__if.html" title="tlm::tlm_write_if\&lt; T \&gt;" alt="" coords="267,359,411,387">
<area shape="rect" id="node54" href="$classtlm_1_1tlm__write__if.html" title="tlm::tlm_write_if\&lt; tlm_analysis_triple\&lt; T \&gt; \&gt;" alt="" coords="201,410,476,438">
<area shape="rect" id="node29" href="$classtlm_1_1tlm__nonblocking__get__peek__if.html" title="tlm::tlm_nonblocking_get_peek_if\&lt; T \&gt;" alt="" coords="525,5,771,33">
<area shape="rect" id="node17" href="$classtlm_1_1tlm__peek__if.html" title="tlm::tlm_peek_if\&lt; T \&gt;" alt="" coords="576,55,720,83">
<area shape="rect" id="node36" href="$classtlm_1_1tlm__fifo__put__if.html" title="tlm::tlm_fifo_put_if\&lt; T \&gt;" alt="" coords="825,258,983,286">
<area shape="rect" id="node38" href="$classtlm_1_1tlm__put__if.html" title="tlm::tlm_put_if\&lt; T \&gt;" alt="" coords="581,258,715,286">
<area shape="rect" id="node47" href="$classtlm_1_1tlm__analysis__if.html" title="tlm::tlm_analysis_if\&lt; T \&gt;" alt="" coords="1039,359,1201,387">
<area shape="rect" id="node52" href="$classtlm_1_1tlm__analysis__if.html" title="tlm::tlm_analysis_if\&lt; tlm_analysis_triple\&lt; T \&gt; \&gt;" alt="" coords="1251,410,1547,438">
