<area shape="rect" id="node2" href="$classtlm_1_1tlm__initiator__socket.html" title="tlm::tlm_initiator_socket\&lt; BUSWIDTH, TYPES \&gt;" alt="" coords="1992,55,2296,83">
<area shape="rect" id="node4" href="$classtlm_1_1tlm__base__initiator__socket.html" title="tlm::tlm_base_initiator_socket\&lt; BUSWIDTH, tlm_fw_transport_if\&lt; TYPES \&gt;, tlm_bw_transport_if\&lt; TYPES \&gt;, 1,sc_core::SC_ONE_OR_MORE_BOUND \&gt;" alt="" coords="927,55,1833,83">
<area shape="rect" id="node6" href="$classtlm_1_1tlm__base__initiator__socket__b.html" title="tlm::tlm_base_initiator_socket_b\&lt; BUSWIDTH, tlm_fw_transport_if\&lt; TYPES \&gt;, tlm_bw_transport_if\&lt; TYPES \&gt; \&gt;" alt="" coords="203,5,875,33">
<area shape="rect" id="node8" href="$classsc__core_1_1sc__port.html" title="sc_core::sc_port\&lt;tlm_fw_transport_if\&lt; TYPES \&gt; , N , POL \&gt;" alt="" coords="353,55,724,83">
<area shape="rect" id="node12" href="$classtlm_1_1tlm__bw__transport__if.html" title="tlm::tlm_bw_transport_if\&lt; TYPES \&gt;" alt="" coords="1267,106,1493,134">
<area shape="rect" id="node14" href="$classtlm_1_1tlm__bw__nonblocking__transport__if.html" title="tlm::tlm_bw_nonblocking_transport_if\&lt; TYPES::tlm_payload_type, TYPES::tlm_phase_type \&gt;" alt="" coords="257,106,820,134">
<area shape="rect" id="node16" href="$classsc__core_1_1sc__interface.html" title="sc_core::sc_interface" alt="" coords="7,106,151,134">
<area shape="rect" id="node18" href="$classtlm_1_1tlm__bw__direct__mem__if.html" title="tlm::tlm_bw_direct_mem_if" alt="" coords="451,157,627,185">
