<area shape="rect" id="node3" href="$classtlm_1_1tlm__base__initiator__socket.html" title="tlm_base_initiator_socket\&lt; BUSWIDTH, tlm_fw_transport_if\&lt; TYPES \&gt;, tlm_bw_transport_if\&lt; TYPES \&gt;, 1,sc_core::SC_ONE_OR_MORE_BOUND \&gt;" alt="" coords="117,55,1000,83">
<area shape="rect" id="node11" href="$classtlm_1_1tlm__base__initiator__socket.html" title="tlm_base_initiator_socket\&lt; BUSWIDTH, tlm_fw_transport_if\&lt; TYPES \&gt;, tlm_bw_transport_if\&lt; TYPES \&gt;, N,POL \&gt;" alt="" coords="220,106,897,134">
<area shape="rect" id="node5" href="$classtlm_1_1tlm__initiator__socket.html" title="tlm::tlm_initiator_socket\&lt; BUSWIDTH, TYPES \&gt;" alt="" coords="1073,55,1377,83">
<area shape="rect" id="node7" href="$classtlm__utils_1_1simple__initiator__socket.html" title="tlm_utils::simple_initiator_socket\&lt; MODULE, BUSWIDTH, TYPES \&gt;" alt="" coords="1475,5,1891,33">
<area shape="rect" id="node9" href="$classtlm__utils_1_1simple__initiator__socket__tagged.html" title="tlm_utils::simple_initiator_socket_tagged\&lt; MODULE, BUSWIDTH, TYPES \&gt;" alt="" coords="1451,55,1915,83">
<area shape="rect" id="node13" href="$classtlm_1_1tlm__initiator__socket.html" title="tlm::tlm_initiator_socket\&lt; BUSWIDTH, TYPES, N, POL \&gt;" alt="" coords="1048,106,1403,134">
<area shape="rect" id="node15" href="$classtlm_1_1tlm__initiator__socket.html" title="tlm::tlm_initiator_socket\&lt; BUSWIDTH, TYPES, N,POL \&gt;" alt="" coords="1051,157,1400,185">
<area shape="rect" id="node17" href="$classtlm__utils_1_1multi__init__base.html" title="tlm_utils::multi_init_base\&lt; BUSWIDTH, TYPES, N,POL \&gt;" alt="" coords="1505,131,1860,159">
<area shape="rect" id="node21" href="$classtlm__utils_1_1multi__init__base.html" title="tlm_utils::multi_init_base\&lt; BUSWIDTH, TYPES, N, POL \&gt;" alt="" coords="1503,182,1863,210">
<area shape="rect" id="node19" href="$classtlm__utils_1_1multi__passthrough__initiator__socket.html" title="tlm_utils::multi_passthrough_initiator_socket\&lt; MODULE, BUSWIDTH, TYPES, N, POL \&gt;" alt="" coords="1963,131,2499,159">
