<area shape="rect" id="node1" href="$classsc__core_1_1sc__port.html" title="sc_port" alt="" coords="309,55,373,83">
<area shape="rect" id="node3" href="$classtlm_1_1tlm__base__initiator__socket.html" title="tlm::tlm_base_initiator_socket\&lt; BUSWIDTH, tlm_fw_transport_if\&lt; TYPES \&gt;, tlm_bw_transport_if\&lt; TYPES \&gt;, 1,sc_core::SC_ONE_OR_MORE_BOUND \&gt;" alt="" coords="727,55,1633,83">
<area shape="rect" id="node11" href="$classtlm_1_1tlm__base__initiator__socket.html" title="tlm::tlm_base_initiator_socket\&lt; BUSWIDTH, tlm_fw_transport_if\&lt; TYPES \&gt;, tlm_bw_transport_if\&lt; TYPES \&gt;, N,POL \&gt;" alt="" coords="828,106,1532,134">
<area shape="rect" id="node5" href="$classtlm_1_1tlm__initiator__socket.html" title="tlm::tlm_initiator_socket\&lt; BUSWIDTH, TYPES \&gt;" alt="" coords="1708,55,2012,83">
<area shape="rect" id="node7" href="$classtlm__utils_1_1simple__initiator__socket.html" title="tlm_utils::simple_initiator_socket\&lt; MODULE, BUSWIDTH, TYPES \&gt;" alt="" coords="2109,5,2525,33">
<area shape="rect" id="node9" href="$classtlm__utils_1_1simple__initiator__socket__tagged.html" title="tlm_utils::simple_initiator_socket_tagged\&lt; MODULE, BUSWIDTH, TYPES \&gt;" alt="" coords="2085,55,2549,83">
<area shape="rect" id="node13" href="$classtlm_1_1tlm__initiator__socket.html" title="tlm::tlm_initiator_socket\&lt; BUSWIDTH, TYPES, N, POL \&gt;" alt="" coords="1683,157,2037,185">
<area shape="rect" id="node15" href="$classtlm_1_1tlm__initiator__socket.html" title="tlm::tlm_initiator_socket\&lt; BUSWIDTH, TYPES, N,POL \&gt;" alt="" coords="1685,106,2035,134">
<area shape="rect" id="node17" href="$classtlm__utils_1_1multi__init__base.html" title="tlm_utils::multi_init_base\&lt; BUSWIDTH, TYPES, N,POL \&gt;" alt="" coords="2140,106,2495,134">
<area shape="rect" id="node21" href="$classtlm__utils_1_1multi__init__base.html" title="tlm_utils::multi_init_base\&lt; BUSWIDTH, TYPES, N, POL \&gt;" alt="" coords="2137,157,2497,185">
<area shape="rect" id="node19" href="$classtlm__utils_1_1multi__passthrough__initiator__socket.html" title="tlm_utils::multi_passthrough_initiator_socket\&lt; MODULE, BUSWIDTH, TYPES, N, POL \&gt;" alt="" coords="2597,106,3133,134">
<area shape="rect" id="node22" href="$classtlm_1_1tlm__base__initiator__socket__b.html" title="tlm::tlm_base_initiator_socket_b\&lt; BUSWIDTH, tlm_fw_transport_if\&lt; TYPES \&gt;, tlm_bw_transport_if\&lt; TYPES \&gt; \&gt;" alt="" coords="5,106,677,134">
