<area shape="rect" id="node1" href="$classsc__core_1_1sc__interface.html" title="sc_interface" alt="" coords="7,850,97,878">
<area shape="rect" id="node3" href="$classtlm_1_1tlm__blocking__get__if.html" title="tlm::tlm_blocking_get_if\&lt; GET_DATA \&gt;" alt="" coords="305,166,553,194">
<area shape="rect" id="node14" href="$classtlm_1_1tlm__blocking__get__if.html" title="tlm::tlm_blocking_get_if\&lt; REQ \&gt;" alt="" coords="324,520,535,548">
<area shape="rect" id="node38" href="$classtlm_1_1tlm__blocking__get__if.html" title="tlm::tlm_blocking_get_if\&lt; RSP \&gt;" alt="" coords="325,824,533,852">
<area shape="rect" id="node62" href="$classtlm_1_1tlm__blocking__get__if.html" title="tlm::tlm_blocking_get_if\&lt; T \&gt;" alt="" coords="335,1204,524,1232">
<area shape="rect" id="node86" href="$classtlm_1_1tlm__blocking__peek__if.html" title="tlm::tlm_blocking_peek_if\&lt; GET_DATA \&gt;" alt="" coords="300,267,559,295">
<area shape="rect" id="node92" href="$classtlm_1_1tlm__blocking__peek__if.html" title="tlm::tlm_blocking_peek_if\&lt; REQ \&gt;" alt="" coords="320,470,539,498">
<area shape="rect" id="node98" href="$classtlm_1_1tlm__blocking__peek__if.html" title="tlm::tlm_blocking_peek_if\&lt; RSP \&gt;" alt="" coords="320,774,539,802">
<area shape="rect" id="node104" href="$classtlm_1_1tlm__blocking__peek__if.html" title="tlm::tlm_blocking_peek_if\&lt; T \&gt;" alt="" coords="329,1154,529,1182">
<area shape="rect" id="node114" href="$classtlm_1_1tlm__blocking__put__if.html" title="tlm::tlm_blocking_put_if\&lt; PUT_DATA \&gt;" alt="" coords="305,318,553,346">
<area shape="rect" id="node119" href="$classtlm_1_1tlm__blocking__put__if.html" title="tlm::tlm_blocking_put_if\&lt; REQ \&gt;" alt="" coords="808,723,1019,751">
<area shape="rect" id="node128" href="$classtlm_1_1tlm__blocking__put__if.html" title="tlm::tlm_blocking_put_if\&lt; RSP \&gt;" alt="" coords="809,419,1017,447">
<area shape="rect" id="node137" href="$classtlm_1_1tlm__blocking__put__if.html" title="tlm::tlm_blocking_put_if\&lt; T \&gt;" alt="" coords="335,1432,524,1460">
<area shape="rect" id="node148" href="$classtlm_1_1tlm__blocking__transport__if.html" title="tlm::tlm_blocking_transport_if\&lt; TYPES::tlm_payload_type \&gt;" alt="" coords="245,1686,613,1714">
<area shape="rect" id="node156" href="$classtlm_1_1tlm__bw__nonblocking__transport__if.html" title="tlm::tlm_bw_nonblocking_transport_if\&lt; TYPES::tlm_payload_type, TYPES::tlm_phase_type \&gt;" alt="" coords="148,1787,711,1815">
<area shape="rect" id="node164" href="$classtlm_1_1tlm__delayed__write__if.html" title="tlm::tlm_delayed_write_if\&lt; T \&gt;" alt="" coords="332,14,527,42">
<area shape="rect" id="node168" href="$classtlm_1_1tlm__fifo__debug__if.html" title="tlm::tlm_fifo_debug_if\&lt; T \&gt;" alt="" coords="827,1635,1000,1663">
<area shape="rect" id="node174" href="$classtlm_1_1tlm__fw__direct__mem__if.html" title="tlm::tlm_fw_direct_mem_if\&lt; TYPES::tlm_payload_type \&gt;" alt="" coords="255,1736,604,1764">
<area shape="rect" id="node178" href="$classtlm_1_1tlm__fw__nonblocking__transport__if.html" title="tlm::tlm_fw_nonblocking_transport_if\&lt; TYPES::tlm_payload_type, TYPES::tlm_phase_type \&gt;" alt="" coords="149,1584,709,1612">
<area shape="rect" id="node182" href="$classtlm_1_1tlm__nonblocking__get__if.html" title="tlm::tlm_nonblocking_get_if\&lt; GET_DATA \&gt;" alt="" coords="295,115,564,143">
<area shape="rect" id="node188" href="$classtlm_1_1tlm__nonblocking__get__if.html" title="tlm::tlm_nonblocking_get_if\&lt; REQ \&gt;" alt="" coords="313,622,545,650">
<area shape="rect" id="node200" href="$classtlm_1_1tlm__nonblocking__get__if.html" title="tlm::tlm_nonblocking_get_if\&lt; RSP \&gt;" alt="" coords="315,926,544,954">
<area shape="rect" id="node212" href="$classtlm_1_1tlm__nonblocking__get__if.html" title="tlm::tlm_nonblocking_get_if\&lt; T \&gt;" alt="" coords="324,1382,535,1410">
<area shape="rect" id="node222" href="$classtlm_1_1tlm__nonblocking__peek__if.html" title="tlm::tlm_nonblocking_peek_if\&lt; GET_DATA \&gt;" alt="" coords="289,216,569,244">
<area shape="rect" id="node226" href="$classtlm_1_1tlm__nonblocking__peek__if.html" title="tlm::tlm_nonblocking_peek_if\&lt; REQ \&gt;" alt="" coords="309,571,549,599">
<area shape="rect" id="node230" href="$classtlm_1_1tlm__nonblocking__peek__if.html" title="tlm::tlm_nonblocking_peek_if\&lt; RSP \&gt;" alt="" coords="309,875,549,903">
<area shape="rect" id="node234" href="$classtlm_1_1tlm__nonblocking__peek__if.html" title="tlm::tlm_nonblocking_peek_if\&lt; T \&gt;" alt="" coords="320,1280,539,1308">
<area shape="rect" id="node240" href="$classtlm_1_1tlm__nonblocking__put__if.html" title="tlm::tlm_nonblocking_put_if\&lt; PUT_DATA \&gt;" alt="" coords="295,368,564,396">
<area shape="rect" id="node243" href="$classtlm_1_1tlm__nonblocking__put__if.html" title="tlm::tlm_nonblocking_put_if\&lt; REQ \&gt;" alt="" coords="797,976,1029,1004">
<area shape="rect" id="node248" href="$classtlm_1_1tlm__nonblocking__put__if.html" title="tlm::tlm_nonblocking_put_if\&lt; RSP \&gt;" alt="" coords="799,672,1028,700">
<area shape="rect" id="node253" href="$classtlm_1_1tlm__nonblocking__put__if.html" title="tlm::tlm_nonblocking_put_if\&lt; T \&gt;" alt="" coords="324,1483,535,1511">
<area shape="rect" id="node257" href="$classtlm_1_1tlm__transport__dbg__if.html" title="tlm::tlm_transport_dbg_if\&lt; TYPES::tlm_payload_type \&gt;" alt="" coords="259,1635,600,1663">
<area shape="rect" id="node261" href="$classtlm_1_1tlm__transport__if.html" title="tlm::tlm_transport_if\&lt; REQ, RSP \&gt;" alt="" coords="317,64,541,92">
<area shape="rect" id="node265" href="$classtlm_1_1tlm__write__if.html" title="tlm::tlm_write_if\&lt; T \&gt;" alt="" coords="357,1078,501,1106">
<area shape="rect" id="node272" href="$classtlm_1_1tlm__write__if.html" title="tlm::tlm_write_if\&lt; tlm_analysis_triple\&lt; T \&gt; \&gt;" alt="" coords="1468,1027,1743,1055">
<area shape="rect" id="node5" href="$classtlm_1_1tlm__blocking__get__peek__if.html" title="tlm::tlm_blocking_get_peek_if\&lt; GET_DATA \&gt;" alt="" coords="772,216,1055,244">
<area shape="rect" id="node11" href="$classtlm_1_1tlm__get__if.html" title="tlm::tlm_get_if\&lt; GET_DATA \&gt;" alt="" coords="816,115,1011,143">
<area shape="rect" id="node7" href="$classtlm_1_1tlm__get__peek__if.html" title="tlm::tlm_get_peek_if\&lt; GET_DATA \&gt;" alt="" coords="1144,216,1373,244">
<area shape="rect" id="node9" href="$classtlm_1_1tlm__put__get__imp.html" title="tlm::tlm_put_get_imp\&lt; PUT_DATA, GET_DATA \&gt;" alt="" coords="1452,255,1759,283">
<area shape="rect" id="node16" href="$classtlm_1_1tlm__blocking__get__peek__if.html" title="tlm::tlm_blocking_get_peek_if\&lt; REQ \&gt;" alt="" coords="791,470,1036,498">
<area shape="rect" id="node35" href="$classtlm_1_1tlm__get__if.html" title="tlm::tlm_get_if\&lt; REQ \&gt;" alt="" coords="836,571,991,599">
<area shape="rect" id="node18" href="$classtlm_1_1tlm__blocking__slave__if.html" title="tlm::tlm_blocking_slave_if\&lt; REQ, RSP \&gt;" alt="" coords="1131,419,1387,447">
<area shape="rect" id="node20" href="$classtlm_1_1tlm__blocking__slave__if.html" title="tlm::tlm_blocking_slave_if\&lt; REQ, RSP \&gt;" alt="" coords="1131,520,1387,548">
<area shape="rect" id="node28" href="$classtlm_1_1tlm__get__peek__if.html" title="tlm::tlm_get_peek_if\&lt; REQ \&gt;" alt="" coords="1164,571,1353,599">
<area shape="rect" id="node22" href="$classtlm_1_1tlm__slave__if.html" title="tlm::tlm_slave_if\&lt; REQ, RSP \&gt;" alt="" coords="1505,571,1705,599">
<area shape="rect" id="node24" href="$classtlm_1_1tlm__slave__if.html" title="tlm::tlm_slave_if\&lt; REQ, RSP \&gt;" alt="" coords="1505,520,1705,548">
<area shape="rect" id="node26" href="$classtlm_1_1tlm__slave__imp.html" title="tlm::tlm_slave_imp\&lt; REQ, RSP \&gt;" alt="" coords="1848,495,2064,523">
<area shape="rect" id="node31" href="$classtlm_1_1tlm__put__get__imp.html" title="tlm::tlm_put_get_imp\&lt; RSP, REQ \&gt;" alt="" coords="1491,470,1720,498">
<area shape="rect" id="node40" href="$classtlm_1_1tlm__blocking__get__peek__if.html" title="tlm::tlm_blocking_get_peek_if\&lt; RSP \&gt;" alt="" coords="792,774,1035,802">
<area shape="rect" id="node59" href="$classtlm_1_1tlm__get__if.html" title="tlm::tlm_get_if\&lt; RSP \&gt;" alt="" coords="836,875,991,903">
<area shape="rect" id="node42" href="$classtlm_1_1tlm__blocking__master__if.html" title="tlm::tlm_blocking_master_if\&lt; REQ, RSP \&gt;" alt="" coords="1125,723,1392,751">
<area shape="rect" id="node44" href="$classtlm_1_1tlm__blocking__master__if.html" title="tlm::tlm_blocking_master_if\&lt; REQ, RSP \&gt;" alt="" coords="1125,824,1392,852">
<area shape="rect" id="node52" href="$classtlm_1_1tlm__get__peek__if.html" title="tlm::tlm_get_peek_if\&lt; RSP \&gt;" alt="" coords="1164,875,1353,903">
<area shape="rect" id="node46" href="$classtlm_1_1tlm__master__if.html" title="tlm::tlm_master_if\&lt; REQ, RSP \&gt;" alt="" coords="1500,875,1711,903">
<area shape="rect" id="node48" href="$classtlm_1_1tlm__master__if.html" title="tlm::tlm_master_if\&lt; REQ, RSP \&gt;" alt="" coords="1500,824,1711,852">
<area shape="rect" id="node50" href="$classtlm_1_1tlm__master__imp.html" title="tlm::tlm_master_imp\&lt; REQ, RSP \&gt;" alt="" coords="1843,799,2069,827">
<area shape="rect" id="node56" href="$classtlm_1_1tlm__put__get__imp.html" title="tlm::tlm_put_get_imp\&lt; REQ, RSP \&gt;" alt="" coords="1491,774,1720,802">
<area shape="rect" id="node64" href="$classtlm_1_1tlm__blocking__get__peek__if.html" title="tlm::tlm_blocking_get_peek_if\&lt; T \&gt;" alt="" coords="801,1128,1025,1156">
<area shape="rect" id="node66" href="$classtlm_1_1tlm__get__if.html" title="tlm::tlm_get_if\&lt; T \&gt;" alt="" coords="847,1331,980,1359">
<area shape="rect" id="node68" href="$classtlm_1_1tlm__blocking__get__peek__if.html" title="tlm::tlm_blocking_get_peek_if\&lt; T \&gt;" alt="" coords="801,1179,1025,1207">
<area shape="rect" id="node82" href="$classtlm_1_1tlm__get__if.html" title="tlm::tlm_get_if\&lt; T \&gt;" alt="" coords="847,1382,980,1410">
<area shape="rect" id="node70" href="$classtlm_1_1tlm__get__peek__if.html" title="tlm::tlm_get_peek_if\&lt; T \&gt;" alt="" coords="1175,1306,1343,1334">
<area shape="rect" id="node72" href="$classtlm_1_1tlm__get__peek__if.html" title="tlm::tlm_get_peek_if\&lt; T \&gt;" alt="" coords="1175,1407,1343,1435">
<area shape="rect" id="node74" href="$classtlm_1_1tlm__fifo__get__if.html" title="tlm::tlm_fifo_get_if\&lt; T \&gt;" alt="" coords="1527,1610,1684,1638">
<area shape="rect" id="node76" href="$classtlm_1_1tlm__fifo__get__if.html" title="tlm::tlm_fifo_get_if\&lt; T \&gt;" alt="" coords="1527,1458,1684,1486">
<area shape="rect" id="node78" href="$classtlm_1_1tlm__fifo.html" title="tlm::tlm_fifo\&lt; T \&gt;" alt="" coords="1896,1407,2016,1435">
<area shape="rect" id="node80" href="$classtlm_1_1tlm__analysis__fifo.html" title="tlm::tlm_analysis_fifo\&lt; T \&gt;" alt="" coords="2153,1078,2327,1106">
<area shape="rect" id="node89" href="$classtlm_1_1tlm__peek__if.html" title="tlm::tlm_peek_if\&lt; GET_DATA \&gt;" alt="" coords="812,267,1015,295">
<area shape="rect" id="node95" href="$classtlm_1_1tlm__peek__if.html" title="tlm::tlm_peek_if\&lt; REQ \&gt;" alt="" coords="831,520,996,548">
<area shape="rect" id="node101" href="$classtlm_1_1tlm__peek__if.html" title="tlm::tlm_peek_if\&lt; RSP \&gt;" alt="" coords="832,824,995,852">
<area shape="rect" id="node107" href="$classtlm_1_1tlm__peek__if.html" title="tlm::tlm_peek_if\&lt; T \&gt;" alt="" coords="841,1230,985,1258">
<area shape="rect" id="node110" href="$classtlm_1_1tlm__peek__if.html" title="tlm::tlm_peek_if\&lt; T \&gt;" alt="" coords="841,1280,985,1308">
<area shape="rect" id="node116" href="$classtlm_1_1tlm__put__if.html" title="tlm::tlm_put_if\&lt; PUT_DATA \&gt;" alt="" coords="817,318,1009,346">
<area shape="rect" id="node123" href="$classtlm_1_1tlm__put__if.html" title="tlm::tlm_put_if\&lt; REQ \&gt;" alt="" coords="1181,774,1336,802">
<area shape="rect" id="node132" href="$classtlm_1_1tlm__put__if.html" title="tlm::tlm_put_if\&lt; RSP \&gt;" alt="" coords="1181,470,1336,498">
<area shape="rect" id="node139" href="$classtlm_1_1tlm__put__if.html" title="tlm::tlm_put_if\&lt; T \&gt;" alt="" coords="847,1584,980,1612">
<area shape="rect" id="node141" href="$classtlm_1_1tlm__put__if.html" title="tlm::tlm_put_if\&lt; T \&gt;" alt="" coords="847,1534,980,1562">
<area shape="rect" id="node143" href="$classtlm_1_1tlm__fifo__put__if.html" title="tlm::tlm_fifo_put_if\&lt; T \&gt;" alt="" coords="1180,1534,1337,1562">
<area shape="rect" id="node145" href="$classtlm_1_1tlm__fifo__put__if.html" title="tlm::tlm_fifo_put_if\&lt; T \&gt;" alt="" coords="1180,1483,1337,1511">
<area shape="rect" id="node150" href="$classtlm_1_1tlm__fw__transport__if.html" title="tlm::tlm_fw_transport_if\&lt; TYPES \&gt;" alt="" coords="803,1686,1024,1714">
<area shape="rect" id="node152" href="$classtlm_1_1tlm__fw__transport__if.html" title="tlm::tlm_fw_transport_if\&lt; TYPES \&gt;" alt="" coords="803,1736,1024,1764">
<area shape="rect" id="node154" href="$classtlm__utils_1_1callback__binder__fw.html" title="tlm_utils::callback_binder_fw\&lt; TYPES \&gt;" alt="" coords="1132,1736,1385,1764">
<area shape="rect" id="node158" href="$classtlm_1_1tlm__bw__transport__if.html" title="tlm::tlm_bw_transport_if\&lt; TYPES \&gt;" alt="" coords="800,1787,1027,1815">
<area shape="rect" id="node160" href="$classtlm_1_1tlm__bw__transport__if.html" title="tlm::tlm_bw_transport_if\&lt; TYPES \&gt;" alt="" coords="800,1838,1027,1866">
<area shape="rect" id="node162" href="$classtlm__utils_1_1callback__binder__bw.html" title="tlm_utils::callback_binder_bw\&lt; TYPES \&gt;" alt="" coords="1129,1838,1388,1866">
<area shape="rect" id="node166" href="$classtlm_1_1tlm__delayed__analysis__if.html" title="tlm::tlm_delayed_analysis_if\&lt; T \&gt;" alt="" coords="805,14,1021,42">
<area shape="rect" id="node185" href="$classtlm_1_1tlm__nonblocking__get__peek__if.html" title="tlm::tlm_nonblocking_get_peek_if\&lt; GET_DATA \&gt;" alt="" coords="761,166,1065,194">
<area shape="rect" id="node191" href="$classtlm_1_1tlm__nonblocking__get__peek__if.html" title="tlm::tlm_nonblocking_get_peek_if\&lt; REQ \&gt;" alt="" coords="780,622,1047,650">
<area shape="rect" id="node193" href="$classtlm_1_1tlm__nonblocking__slave__if.html" title="tlm::tlm_nonblocking_slave_if\&lt; REQ, RSP \&gt;" alt="" coords="1120,672,1397,700">
<area shape="rect" id="node196" href="$classtlm_1_1tlm__nonblocking__slave__if.html" title="tlm::tlm_nonblocking_slave_if\&lt; REQ, RSP \&gt;" alt="" coords="1120,622,1397,650">
<area shape="rect" id="node203" href="$classtlm_1_1tlm__nonblocking__get__peek__if.html" title="tlm::tlm_nonblocking_get_peek_if\&lt; RSP \&gt;" alt="" coords="781,926,1045,954">
<area shape="rect" id="node205" href="$classtlm_1_1tlm__nonblocking__master__if.html" title="tlm::tlm_nonblocking_master_if\&lt; REQ, RSP \&gt;" alt="" coords="1115,976,1403,1004">
<area shape="rect" id="node208" href="$classtlm_1_1tlm__nonblocking__master__if.html" title="tlm::tlm_nonblocking_master_if\&lt; REQ, RSP \&gt;" alt="" coords="1115,926,1403,954">
<area shape="rect" id="node215" href="$classtlm_1_1tlm__nonblocking__get__peek__if.html" title="tlm::tlm_nonblocking_get_peek_if\&lt; T \&gt;" alt="" coords="791,1432,1036,1460">
<area shape="rect" id="node218" href="$classtlm_1_1tlm__nonblocking__get__peek__if.html" title="tlm::tlm_nonblocking_get_peek_if\&lt; T \&gt;" alt="" coords="791,1483,1036,1511">
<area shape="rect" id="node263" href="$classtlm_1_1tlm__transport__to__master.html" title="tlm::tlm_transport_to_master\&lt; REQ, RSP \&gt;" alt="" coords="776,64,1051,92">
<area shape="rect" id="node267" href="$classtlm_1_1tlm__analysis__if.html" title="tlm::tlm_analysis_if\&lt; T \&gt;" alt="" coords="832,1078,995,1106">
<area shape="rect" id="node270" href="$classtlm_1_1tlm__analysis__port.html" title="tlm::tlm_analysis_port\&lt; T \&gt;" alt="" coords="1169,1128,1348,1156">
<area shape="rect" id="node274" href="$classtlm_1_1tlm__analysis__if.html" title="tlm::tlm_analysis_if\&lt; tlm_analysis_triple\&lt; T \&gt; \&gt;" alt="" coords="1808,1027,2104,1055">
<area shape="rect" id="node276" href="$classtlm_1_1tlm__bw__direct__mem__if.html" title="tlm::tlm_bw_direct_mem_if" alt="" coords="341,1838,517,1866">
