<area shape="rect" id="node3" href="$tlm_8h.html" title="tlm.h" alt="" coords="2353,83,2404,111">
<area shape="rect" id="node7" href="$tlm__version_8h.html" title="tlm_h/tlm_version.h" alt="" coords="1772,161,1905,189">
<area shape="rect" id="node9" href="$tlm__analysis_8h.html" title="tlm_1/tlm_analysis/tlm_analysis.h" alt="" coords="2139,161,2357,189">
<area shape="rect" id="node46" href="$tlm__req__rsp_8h.html" title="tlm_1/tlm_req_rsp/tlm_req_rsp.h" alt="" coords="259,161,467,189">
<area shape="rect" id="node67" href="$tlm__2__interfaces_8h.html" title="tlm_h/tlm_2_interfaces/tlm_2_interfaces.h" alt="" coords="2441,238,2703,266">
<area shape="rect" id="node75" href="$tlm__generic__payload_8h.html" title="tlm_h/tlm_generic_payload/tlm_generic_payload.h" alt="" coords="2776,393,3085,421">
<area shape="rect" id="node100" href="$tlm__sockets_8h.html" title="tlm_h/tlm_sockets/tlm_sockets.h" alt="" coords="2688,161,2901,189">
<area shape="rect" id="node108" href="$tlm__quantum_8h.html" title="tlm_h/tlm_quantum/tlm_quantum.h" alt="" coords="3105,161,3327,189">
<area shape="rect" id="node11" href="$tlm__write__if_8h.html" title="tlm_write_if.h" alt="" coords="2356,393,2452,421">
<area shape="rect" id="node14" href="$tlm__analysis__if_8h.html" title="tlm_analysis_if.h" alt="" coords="2143,315,2260,343">
<area shape="rect" id="node17" href="$tlm__analysis__triple_8h.html" title="tlm_analysis_triple.h" alt="" coords="1980,315,2119,343">
<area shape="rect" id="node19" href="$tlm__analysis__port_8h.html" title="tlm_analysis_port.h" alt="" coords="2233,238,2367,266">
<area shape="rect" id="node24" href="$tlm__analysis__fifo_8h.html" title="tlm_analysis_fifo.h" alt="" coords="1980,238,2108,266">
<area shape="rect" id="node26" href="$tlm__fifo_8h.html" title="tlm_1/tlm_req_rsp/tlm_channels/tlm_fifo/tlm_fifo.h" alt="" coords="1345,315,1652,343">
<area shape="rect" id="node28" href="$tlm__fifo__ifs_8h.html" title="tlm_1/tlm_req_rsp/tlm_1_interfaces/tlm_fifo_ifs.h" alt="" coords="624,393,923,421">
<area shape="rect" id="node34" href="$circular__buffer_8h.html" title="tlm_1/tlm_req_rsp/tlm_channels/tlm_fifo/circular_buffer.h" alt="" coords="1747,470,2093,498">
<area shape="rect" id="node38" href="$tlm__fifo__put__get_8h.html" title="tlm_1/tlm_req_rsp/tlm_channels/tlm_fifo/tlm_fifo_put_get.h" alt="" coords="1320,393,1677,421">
<area shape="rect" id="node40" href="$tlm__fifo__peek_8h.html" title="tlm_1/tlm_req_rsp/tlm_channels/tlm_fifo/tlm_fifo_peek.h" alt="" coords="1701,393,2043,421">
<area shape="rect" id="node42" href="$tlm__fifo__resize_8h.html" title="tlm_1/tlm_req_rsp/tlm_channels/tlm_fifo/tlm_fifo_resize.h" alt="" coords="947,393,1296,421">
<area shape="rect" id="node30" href="$tlm__core__ifs_8h.html" title="tlm_1/tlm_req_rsp/tlm_1_interfaces/tlm_core_ifs.h" alt="" coords="320,470,629,498">
<area shape="rect" id="node32" href="$tlm__tag_8h.html" title="tlm_1/tlm_req_rsp/tlm_1_interfaces/tlm_tag.h" alt="" coords="172,547,455,575">
<area shape="rect" id="node49" href="$tlm__master__slave__ifs_8h.html" title="tlm_1_interfaces/tlm_master_slave_ifs.h" alt="" coords="349,393,600,421">
<area shape="rect" id="node52" href="$tlm__req__rsp__channels_8h.html" title="tlm_channels/tlm_req_rsp_channels/tlm_req_rsp_channels.h" alt="" coords="577,238,948,266">
<area shape="rect" id="node61" href="$tlm__nonblocking__port_8h.html" title="tlm_ports/tlm_nonblocking_port.h" alt="" coords="61,393,275,421">
<area shape="rect" id="node54" href="$tlm__adapters_8h.html" title="tlm_1/tlm_req_rsp/tlm_adapters/tlm_adapters.h" alt="" coords="400,315,693,343">
<area shape="rect" id="node58" href="$tlm__put__get__imp_8h.html" title="tlm_1/tlm_req_rsp/tlm_channels/tlm_req_rsp_channels/tlm_put_get_imp.h" alt="" coords="717,315,1165,343">
<area shape="rect" id="node64" href="$tlm__event__finder_8h.html" title="tlm_1/tlm_req_rsp/tlm_ports/tlm_event_finder.h" alt="" coords="5,470,296,498">
<area shape="rect" id="node69" href="$tlm__dmi_8h.html" title="tlm_dmi.h" alt="" coords="2533,393,2611,421">
<area shape="rect" id="node72" href="$tlm__fw__bw__ifs_8h.html" title="tlm_fw_bw_ifs.h" alt="" coords="2675,315,2787,343">
<area shape="rect" id="node77" href="$tlm__helpers_8h.html" title="tlm_helpers.h" alt="" coords="2837,470,2936,498">
<area shape="rect" id="node79" href="$tlm__phase_8h.html" title="tlm_phase.h" alt="" coords="3011,470,3101,498">
<area shape="rect" id="node86" href="$tlm__gp_8h.html" title="tlm_gp.h" alt="" coords="2765,547,2837,575">
<area shape="rect" id="node94" href="$tlm__endian__conv_8h.html" title="tlm_endian_conv.h" alt="" coords="2685,470,2813,498">
<area shape="rect" id="node89" href="$tlm__array_8h.html" title="tlm_array.h" alt="" coords="2787,625,2872,653">
<area shape="rect" id="node102" href="$tlm__initiator__socket_8h.html" title="tlm_initiator_socket.h" alt="" coords="2887,238,3031,266">
<area shape="rect" id="node105" href="$tlm__target__socket_8h.html" title="tlm_target_socket.h" alt="" coords="2727,238,2863,266">
<area shape="rect" id="node110" href="$tlm__global__quantum_8h.html" title="tlm_global_quantum.h" alt="" coords="3007,625,3153,653">
