<area shape="rect" id="node3" href="$multi__socket__bases_8h.html" title="multi_socket_bases.h" alt="" coords="561,83,708,111">
<area shape="rect" id="node7" href="$tlm_8h.html" title="tlm.h" alt="" coords="637,161,688,189">
<area shape="rect" id="node10" href="$tlm__version_8h.html" title="tlm_h/tlm_version.h" alt="" coords="700,238,833,266">
<area shape="rect" id="node12" href="$tlm__analysis_8h.html" title="tlm_1/tlm_analysis/tlm_analysis.h" alt="" coords="2217,238,2436,266">
<area shape="rect" id="node49" href="$tlm__req__rsp_8h.html" title="tlm_1/tlm_req_rsp/tlm_req_rsp.h" alt="" coords="859,238,1067,266">
<area shape="rect" id="node70" href="$tlm__2__interfaces_8h.html" title="tlm_h/tlm_2_interfaces/tlm_2_interfaces.h" alt="" coords="613,315,875,343">
<area shape="rect" id="node78" href="$tlm__generic__payload_8h.html" title="tlm_h/tlm_generic_payload/tlm_generic_payload.h" alt="" coords="261,470,571,498">
<area shape="rect" id="node103" href="$tlm__sockets_8h.html" title="tlm_h/tlm_sockets/tlm_sockets.h" alt="" coords="411,238,624,266">
<area shape="rect" id="node111" href="$tlm__quantum_8h.html" title="tlm_h/tlm_quantum/tlm_quantum.h" alt="" coords="43,238,264,266">
<area shape="rect" id="node14" href="$tlm__write__if_8h.html" title="tlm_write_if.h" alt="" coords="2867,470,2963,498">
<area shape="rect" id="node17" href="$tlm__analysis__if_8h.html" title="tlm_analysis_if.h" alt="" coords="2268,393,2385,421">
<area shape="rect" id="node20" href="$tlm__analysis__triple_8h.html" title="tlm_analysis_triple.h" alt="" coords="2409,393,2548,421">
<area shape="rect" id="node22" href="$tlm__analysis__port_8h.html" title="tlm_analysis_port.h" alt="" coords="2105,315,2239,343">
<area shape="rect" id="node27" href="$tlm__analysis__fifo_8h.html" title="tlm_analysis_fifo.h" alt="" coords="2313,315,2441,343">
<area shape="rect" id="node29" href="$tlm__fifo_8h.html" title="tlm_1/tlm_req_rsp/tlm_channels/tlm_fifo/tlm_fifo.h" alt="" coords="1937,393,2244,421">
<area shape="rect" id="node31" href="$tlm__fifo__ifs_8h.html" title="tlm_1/tlm_req_rsp/tlm_1_interfaces/tlm_fifo_ifs.h" alt="" coords="1755,470,2053,498">
<area shape="rect" id="node37" href="$circular__buffer_8h.html" title="tlm_1/tlm_req_rsp/tlm_channels/tlm_fifo/circular_buffer.h" alt="" coords="1661,547,2008,575">
<area shape="rect" id="node41" href="$tlm__fifo__put__get_8h.html" title="tlm_1/tlm_req_rsp/tlm_channels/tlm_fifo/tlm_fifo_put_get.h" alt="" coords="1373,470,1731,498">
<area shape="rect" id="node43" href="$tlm__fifo__peek_8h.html" title="tlm_1/tlm_req_rsp/tlm_channels/tlm_fifo/tlm_fifo_peek.h" alt="" coords="2128,470,2469,498">
<area shape="rect" id="node45" href="$tlm__fifo__resize_8h.html" title="tlm_1/tlm_req_rsp/tlm_channels/tlm_fifo/tlm_fifo_resize.h" alt="" coords="2493,470,2843,498">
<area shape="rect" id="node33" href="$tlm__core__ifs_8h.html" title="tlm_1/tlm_req_rsp/tlm_1_interfaces/tlm_core_ifs.h" alt="" coords="1071,547,1380,575">
<area shape="rect" id="node35" href="$tlm__tag_8h.html" title="tlm_1/tlm_req_rsp/tlm_1_interfaces/tlm_tag.h" alt="" coords="968,625,1251,653">
<area shape="rect" id="node52" href="$tlm__master__slave__ifs_8h.html" title="tlm_1_interfaces/tlm_master_slave_ifs.h" alt="" coords="1099,470,1349,498">
<area shape="rect" id="node55" href="$tlm__req__rsp__channels_8h.html" title="tlm_channels/tlm_req_rsp_channels/tlm_req_rsp_channels.h" alt="" coords="1217,315,1588,343">
<area shape="rect" id="node64" href="$tlm__nonblocking__port_8h.html" title="tlm_ports/tlm_nonblocking_port.h" alt="" coords="861,470,1075,498">
<area shape="rect" id="node57" href="$tlm__adapters_8h.html" title="tlm_1/tlm_req_rsp/tlm_adapters/tlm_adapters.h" alt="" coords="1472,393,1765,421">
<area shape="rect" id="node61" href="$tlm__put__get__imp_8h.html" title="tlm_1/tlm_req_rsp/tlm_channels/tlm_req_rsp_channels/tlm_put_get_imp.h" alt="" coords="1000,393,1448,421">
<area shape="rect" id="node67" href="$tlm__event__finder_8h.html" title="tlm_1/tlm_req_rsp/tlm_ports/tlm_event_finder.h" alt="" coords="756,547,1047,575">
<area shape="rect" id="node72" href="$tlm__dmi_8h.html" title="tlm_dmi.h" alt="" coords="705,470,783,498">
<area shape="rect" id="node75" href="$tlm__fw__bw__ifs_8h.html" title="tlm_fw_bw_ifs.h" alt="" coords="528,393,640,421">
<area shape="rect" id="node80" href="$tlm__helpers_8h.html" title="tlm_helpers.h" alt="" coords="532,547,631,575">
<area shape="rect" id="node82" href="$tlm__phase_8h.html" title="tlm_phase.h" alt="" coords="417,547,508,575">
<area shape="rect" id="node89" href="$tlm__gp_8h.html" title="tlm_gp.h" alt="" coords="275,625,347,653">
<area shape="rect" id="node97" href="$tlm__endian__conv_8h.html" title="tlm_endian_conv.h" alt="" coords="265,547,393,575">
<area shape="rect" id="node92" href="$tlm__array_8h.html" title="tlm_array.h" alt="" coords="251,702,336,730">
<area shape="rect" id="node105" href="$tlm__initiator__socket_8h.html" title="tlm_initiator_socket.h" alt="" coords="445,315,589,343">
<area shape="rect" id="node108" href="$tlm__target__socket_8h.html" title="tlm_target_socket.h" alt="" coords="285,315,421,343">
<area shape="rect" id="node113" href="$tlm__global__quantum_8h.html" title="tlm_global_quantum.h" alt="" coords="80,702,227,730">
