<area shape="rect" id="node3" href="$tlm__fifo_8h.html" title="tlm_1/tlm_req_rsp/tlm_channels/tlm_fifo/tlm_fifo.h" alt="" coords="903,83,1209,111">
<area shape="rect" id="node21" href="$tlm__analysis__if_8h.html" title="tlm_1/tlm_analysis/tlm_analysis_if.h" alt="" coords="1581,83,1813,111">
<area shape="rect" id="node27" href="$tlm__analysis__triple_8h.html" title="tlm_1/tlm_analysis/tlm_analysis_triple.h" alt="" coords="1837,83,2091,111">
<area shape="rect" id="node5" href="$tlm__fifo__ifs_8h.html" title="tlm_1/tlm_req_rsp/tlm_1_interfaces/tlm_fifo_ifs.h" alt="" coords="11,161,309,189">
<area shape="rect" id="node11" href="$circular__buffer_8h.html" title="tlm_1/tlm_req_rsp/tlm_channels/tlm_fifo/circular_buffer.h" alt="" coords="333,161,680,189">
<area shape="rect" id="node15" href="$tlm__fifo__put__get_8h.html" title="tlm_1/tlm_req_rsp/tlm_channels/tlm_fifo/tlm_fifo_put_get.h" alt="" coords="704,161,1061,189">
<area shape="rect" id="node17" href="$tlm__fifo__peek_8h.html" title="tlm_1/tlm_req_rsp/tlm_channels/tlm_fifo/tlm_fifo_peek.h" alt="" coords="1085,161,1427,189">
<area shape="rect" id="node19" href="$tlm__fifo__resize_8h.html" title="tlm_1/tlm_req_rsp/tlm_channels/tlm_fifo/tlm_fifo_resize.h" alt="" coords="1451,161,1800,189">
<area shape="rect" id="node7" href="$tlm__core__ifs_8h.html" title="tlm_1/tlm_req_rsp/tlm_1_interfaces/tlm_core_ifs.h" alt="" coords="5,238,315,266">
<area shape="rect" id="node9" href="$tlm__tag_8h.html" title="tlm_1/tlm_req_rsp/tlm_1_interfaces/tlm_tag.h" alt="" coords="19,315,301,343">
<area shape="rect" id="node23" href="$tlm__write__if_8h.html" title="tlm_write_if.h" alt="" coords="1824,161,1920,189">
