<area shape="rect" id="node3" href="$tlm_8h.html" title="include/tlm/tlm.h" alt="" coords="901,83,1019,111">
<area shape="rect" id="node5" href="$instance__specific__extensions_8h.html" title="include/tlm/tlm_utils/instance_specific_extensions.h" alt="" coords="5,161,328,189">
<area shape="rect" id="node7" href="$multi__socket__bases_8h.html" title="include/tlm/tlm_utils/multi_socket_bases.h" alt="" coords="352,161,619,189">
<area shape="rect" id="node13" href="$passthrough__target__socket_8h.html" title="include/tlm/tlm_utils/passthrough_target_socket.h" alt="" coords="643,161,952,189">
<area shape="rect" id="node15" href="$peq__with__cb__and__phase_8h.html" title="include/tlm/tlm_utils/peq_with_cb_and_phase.h" alt="" coords="976,161,1269,189">
<area shape="rect" id="node17" href="$simple__initiator__socket_8h.html" title="include/tlm/tlm_utils/simple_initiator_socket.h" alt="" coords="1293,161,1579,189">
<area shape="rect" id="node19" href="$simple__target__socket_8h.html" title="include/tlm/tlm_utils/simple_target_socket.h" alt="" coords="1603,161,1877,189">
<area shape="rect" id="node9" href="$multi__passthrough__initiator__socket_8h.html" title="include/tlm/tlm_utils/multi_passthrough_initiator_socket.h" alt="" coords="123,238,475,266">
<area shape="rect" id="node11" href="$multi__passthrough__target__socket_8h.html" title="include/tlm/tlm_utils/multi_passthrough_target_socket.h" alt="" coords="499,238,843,266">
