<area shape="rect" id="node3" href="$tlm__fifo__ifs_8h.html" title="tlm_1/tlm_req_rsp/tlm_1_interfaces/tlm_fifo_ifs.h" alt="" coords="11,83,309,111">
<area shape="rect" id="node9" href="$circular__buffer_8h.html" title="tlm_1/tlm_req_rsp/tlm_channels/tlm_fifo/circular_buffer.h" alt="" coords="333,83,680,111">
<area shape="rect" id="node13" href="$tlm__fifo__put__get_8h.html" title="tlm_1/tlm_req_rsp/tlm_channels/tlm_fifo/tlm_fifo_put_get.h" alt="" coords="704,83,1061,111">
<area shape="rect" id="node15" href="$tlm__fifo__peek_8h.html" title="tlm_1/tlm_req_rsp/tlm_channels/tlm_fifo/tlm_fifo_peek.h" alt="" coords="1085,83,1427,111">
<area shape="rect" id="node17" href="$tlm__fifo__resize_8h.html" title="tlm_1/tlm_req_rsp/tlm_channels/tlm_fifo/tlm_fifo_resize.h" alt="" coords="1451,83,1800,111">
<area shape="rect" id="node5" href="$tlm__core__ifs_8h.html" title="tlm_1/tlm_req_rsp/tlm_1_interfaces/tlm_core_ifs.h" alt="" coords="5,161,315,189">
<area shape="rect" id="node7" href="$tlm__tag_8h.html" title="tlm_1/tlm_req_rsp/tlm_1_interfaces/tlm_tag.h" alt="" coords="19,238,301,266">
