<area shape="rect" id="node3" href="$tlm__generic__payload_8h.html" title="include/tlm/tlm_h/tlm_generic_payload/tlm_generic_payload.h" alt="" coords="939,161,1315,189">
<area shape="rect" id="node36" href="$tlm__endian__conv_8h.html" title="include/tlm/tlm_h/tlm_generic_payload/tlm_endian_conv.h" alt="" coords="1057,83,1412,111">
<area shape="rect" id="node5" href="$tlm__fw__bw__ifs_8h.html" title="include/tlm/tlm_h/tlm_2_interfaces/tlm_fw_bw_ifs.h" alt="" coords="701,238,1016,266">
<area shape="rect" id="node9" href="$tlm_8h.html" title="include/tlm/tlm.h" alt="" coords="901,470,1019,498">
<area shape="rect" id="node7" href="$tlm__2__interfaces_8h.html" title="include/tlm/tlm_h/tlm_2_interfaces/tlm_2_interfaces.h" alt="" coords="415,393,743,421">
<area shape="rect" id="node27" href="$tlm__initiator__socket_8h.html" title="include/tlm/tlm_h/tlm_sockets/tlm_initiator_socket.h" alt="" coords="563,315,885,343">
<area shape="rect" id="node32" href="$tlm__target__socket_8h.html" title="include/tlm/tlm_h/tlm_sockets/tlm_target_socket.h" alt="" coords="909,315,1224,343">
<area shape="rect" id="node11" href="$instance__specific__extensions_8h.html" title="include/tlm/tlm_utils/instance_specific_extensions.h" alt="" coords="5,547,328,575">
<area shape="rect" id="node13" href="$multi__socket__bases_8h.html" title="include/tlm/tlm_utils/multi_socket_bases.h" alt="" coords="352,547,619,575">
<area shape="rect" id="node19" href="$passthrough__target__socket_8h.html" title="include/tlm/tlm_utils/passthrough_target_socket.h" alt="" coords="643,547,952,575">
<area shape="rect" id="node21" href="$peq__with__cb__and__phase_8h.html" title="include/tlm/tlm_utils/peq_with_cb_and_phase.h" alt="" coords="976,547,1269,575">
<area shape="rect" id="node23" href="$simple__initiator__socket_8h.html" title="include/tlm/tlm_utils/simple_initiator_socket.h" alt="" coords="1293,547,1579,575">
<area shape="rect" id="node25" href="$simple__target__socket_8h.html" title="include/tlm/tlm_utils/simple_target_socket.h" alt="" coords="1603,547,1877,575">
<area shape="rect" id="node15" href="$multi__passthrough__initiator__socket_8h.html" title="include/tlm/tlm_utils/multi_passthrough_initiator_socket.h" alt="" coords="123,625,475,653">
<area shape="rect" id="node17" href="$multi__passthrough__target__socket_8h.html" title="include/tlm/tlm_utils/multi_passthrough_target_socket.h" alt="" coords="499,625,843,653">
<area shape="rect" id="node29" href="$tlm__sockets_8h.html" title="include/tlm/tlm_h/tlm_sockets/tlm_sockets.h" alt="" coords="820,393,1100,421">
