<area shape="rect" id="node3" href="$tlm__fw__bw__ifs_8h.html" title="include/tlm/tlm_h/tlm_2_interfaces/tlm_fw_bw_ifs.h" alt="" coords="648,83,963,111">
<area shape="rect" id="node7" href="$tlm_8h.html" title="include/tlm/tlm.h" alt="" coords="901,315,1019,343">
<area shape="rect" id="node5" href="$tlm__2__interfaces_8h.html" title="include/tlm/tlm_h/tlm_2_interfaces/tlm_2_interfaces.h" alt="" coords="361,238,689,266">
<area shape="rect" id="node25" href="$tlm__initiator__socket_8h.html" title="include/tlm/tlm_h/tlm_sockets/tlm_initiator_socket.h" alt="" coords="509,161,832,189">
<area shape="rect" id="node30" href="$tlm__target__socket_8h.html" title="include/tlm/tlm_h/tlm_sockets/tlm_target_socket.h" alt="" coords="856,161,1171,189">
<area shape="rect" id="node9" href="$instance__specific__extensions_8h.html" title="include/tlm/tlm_utils/instance_specific_extensions.h" alt="" coords="5,393,328,421">
<area shape="rect" id="node11" href="$multi__socket__bases_8h.html" title="include/tlm/tlm_utils/multi_socket_bases.h" alt="" coords="352,393,619,421">
<area shape="rect" id="node17" href="$passthrough__target__socket_8h.html" title="include/tlm/tlm_utils/passthrough_target_socket.h" alt="" coords="643,393,952,421">
<area shape="rect" id="node19" href="$peq__with__cb__and__phase_8h.html" title="include/tlm/tlm_utils/peq_with_cb_and_phase.h" alt="" coords="976,393,1269,421">
<area shape="rect" id="node21" href="$simple__initiator__socket_8h.html" title="include/tlm/tlm_utils/simple_initiator_socket.h" alt="" coords="1293,393,1579,421">
<area shape="rect" id="node23" href="$simple__target__socket_8h.html" title="include/tlm/tlm_utils/simple_target_socket.h" alt="" coords="1603,393,1877,421">
<area shape="rect" id="node13" href="$multi__passthrough__initiator__socket_8h.html" title="include/tlm/tlm_utils/multi_passthrough_initiator_socket.h" alt="" coords="123,470,475,498">
<area shape="rect" id="node15" href="$multi__passthrough__target__socket_8h.html" title="include/tlm/tlm_utils/multi_passthrough_target_socket.h" alt="" coords="499,470,843,498">
<area shape="rect" id="node27" href="$tlm__sockets_8h.html" title="include/tlm/tlm_h/tlm_sockets/tlm_sockets.h" alt="" coords="820,238,1100,266">
