<area shape="rect" id="node3" href="$tlm__analysis__fifo_8h.html" title="include/tlm/tlm_1/tlm_analysis/tlm_analysis_fifo.h" alt="" coords="583,83,889,111">
<area shape="rect" id="node25" href="$tlm__req__rsp__channels_8h.html" title="include/tlm/tlm_1/tlm_req_rsp/tlm_channels/tlm_req_rsp_channels/tlm_req_rsp_channels.h" alt="" coords="913,83,1460,111">
<area shape="rect" id="node5" href="$tlm__analysis_8h.html" title="include/tlm/tlm_1/tlm_analysis/tlm_analysis.h" alt="" coords="629,161,915,189">
<area shape="rect" id="node7" href="$tlm_8h.html" title="include/tlm/tlm.h" alt="" coords="901,238,1019,266">
<area shape="rect" id="node9" href="$instance__specific__extensions_8h.html" title="include/tlm/tlm_utils/instance_specific_extensions.h" alt="" coords="5,315,328,343">
<area shape="rect" id="node11" href="$multi__socket__bases_8h.html" title="include/tlm/tlm_utils/multi_socket_bases.h" alt="" coords="352,315,619,343">
<area shape="rect" id="node17" href="$passthrough__target__socket_8h.html" title="include/tlm/tlm_utils/passthrough_target_socket.h" alt="" coords="643,315,952,343">
<area shape="rect" id="node19" href="$peq__with__cb__and__phase_8h.html" title="include/tlm/tlm_utils/peq_with_cb_and_phase.h" alt="" coords="976,315,1269,343">
<area shape="rect" id="node21" href="$simple__initiator__socket_8h.html" title="include/tlm/tlm_utils/simple_initiator_socket.h" alt="" coords="1293,315,1579,343">
<area shape="rect" id="node23" href="$simple__target__socket_8h.html" title="include/tlm/tlm_utils/simple_target_socket.h" alt="" coords="1603,315,1877,343">
<area shape="rect" id="node13" href="$multi__passthrough__initiator__socket_8h.html" title="include/tlm/tlm_utils/multi_passthrough_initiator_socket.h" alt="" coords="123,393,475,421">
<area shape="rect" id="node15" href="$multi__passthrough__target__socket_8h.html" title="include/tlm/tlm_utils/multi_passthrough_target_socket.h" alt="" coords="499,393,843,421">
<area shape="rect" id="node27" href="$tlm__req__rsp_8h.html" title="include/tlm/tlm_1/tlm_req_rsp/tlm_req_rsp.h" alt="" coords="1012,161,1287,189">
