<area shape="rect" id="node3" href="$tlm__initiator__socket_8h.html" title="tlm_initiator_socket.h" alt="" coords="329,83,473,111">
<area shape="rect" id="node36" href="$tlm__target__socket_8h.html" title="tlm_target_socket.h" alt="" coords="497,83,633,111">
<area shape="rect" id="node5" href="$tlm__fw__bw__ifs_8h.html" title="tlm_h/tlm_2_interfaces/tlm_fw_bw_ifs.h" alt="" coords="359,161,607,189">
<area shape="rect" id="node9" href="$tlm__generic__payload_8h.html" title="tlm_h/tlm_generic_payload/tlm_generic_payload.h" alt="" coords="127,238,436,266">
<area shape="rect" id="node33" href="$tlm__dmi_8h.html" title="tlm_h/tlm_2_interfaces/tlm_dmi.h" alt="" coords="249,470,463,498">
<area shape="rect" id="node11" href="$tlm__helpers_8h.html" title="tlm_helpers.h" alt="" coords="232,315,331,343">
<area shape="rect" id="node13" href="$tlm__phase_8h.html" title="tlm_phase.h" alt="" coords="355,315,445,343">
<area shape="rect" id="node21" href="$tlm__gp_8h.html" title="tlm_gp.h" alt="" coords="40,393,112,421">
<area shape="rect" id="node29" href="$tlm__endian__conv_8h.html" title="tlm_endian_conv.h" alt="" coords="80,315,208,343">
<area shape="rect" id="node24" href="$tlm__array_8h.html" title="tlm_array.h" alt="" coords="5,470,91,498">
