<area shape="rect" id="node3" href="$tlm__quantum_8h.html" title="include/tlm/tlm_h/tlm_quantum/tlm_quantum.h" alt="" coords="816,83,1104,111">
<area shape="rect" id="node23" href="$tlm__quantumkeeper_8h.html" title="include/tlm/tlm_utils/tlm_quantumkeeper.h" alt="" coords="1128,83,1395,111">
<area shape="rect" id="node5" href="$tlm_8h.html" title="include/tlm/tlm.h" alt="" coords="901,161,1019,189">
<area shape="rect" id="node7" href="$instance__specific__extensions_8h.html" title="include/tlm/tlm_utils/instance_specific_extensions.h" alt="" coords="5,238,328,266">
<area shape="rect" id="node9" href="$multi__socket__bases_8h.html" title="include/tlm/tlm_utils/multi_socket_bases.h" alt="" coords="352,238,619,266">
<area shape="rect" id="node15" href="$passthrough__target__socket_8h.html" title="include/tlm/tlm_utils/passthrough_target_socket.h" alt="" coords="643,238,952,266">
<area shape="rect" id="node17" href="$peq__with__cb__and__phase_8h.html" title="include/tlm/tlm_utils/peq_with_cb_and_phase.h" alt="" coords="976,238,1269,266">
<area shape="rect" id="node19" href="$simple__initiator__socket_8h.html" title="include/tlm/tlm_utils/simple_initiator_socket.h" alt="" coords="1293,238,1579,266">
<area shape="rect" id="node21" href="$simple__target__socket_8h.html" title="include/tlm/tlm_utils/simple_target_socket.h" alt="" coords="1603,238,1877,266">
<area shape="rect" id="node11" href="$multi__passthrough__initiator__socket_8h.html" title="include/tlm/tlm_utils/multi_passthrough_initiator_socket.h" alt="" coords="123,315,475,343">
<area shape="rect" id="node13" href="$multi__passthrough__target__socket_8h.html" title="include/tlm/tlm_utils/multi_passthrough_target_socket.h" alt="" coords="499,315,843,343">
