<area shape="rect" id="node3" href="$tlm__write__if_8h.html" title="tlm_write_if.h" alt="" coords="5,238,101,266">
<area shape="rect" id="node7" href="$tlm__analysis__if_8h.html" title="tlm_analysis_if.h" alt="" coords="380,161,497,189">
<area shape="rect" id="node10" href="$tlm__analysis__triple_8h.html" title="tlm_analysis_triple.h" alt="" coords="852,161,991,189">
<area shape="rect" id="node12" href="$tlm__analysis__port_8h.html" title="tlm_analysis_port.h" alt="" coords="328,83,461,111">
<area shape="rect" id="node17" href="$tlm__analysis__fifo_8h.html" title="tlm_analysis_fifo.h" alt="" coords="573,83,701,111">
<area shape="rect" id="node19" href="$tlm__fifo_8h.html" title="tlm_1/tlm_req_rsp/tlm_channels/tlm_fifo/tlm_fifo.h" alt="" coords="521,161,828,189">
<area shape="rect" id="node21" href="$tlm__fifo__ifs_8h.html" title="tlm_1/tlm_req_rsp/tlm_1_interfaces/tlm_fifo_ifs.h" alt="" coords="1616,238,1915,266">
<area shape="rect" id="node27" href="$circular__buffer_8h.html" title="tlm_1/tlm_req_rsp/tlm_channels/tlm_fifo/circular_buffer.h" alt="" coords="125,238,472,266">
<area shape="rect" id="node31" href="$tlm__fifo__put__get_8h.html" title="tlm_1/tlm_req_rsp/tlm_channels/tlm_fifo/tlm_fifo_put_get.h" alt="" coords="496,238,853,266">
<area shape="rect" id="node33" href="$tlm__fifo__peek_8h.html" title="tlm_1/tlm_req_rsp/tlm_channels/tlm_fifo/tlm_fifo_peek.h" alt="" coords="877,238,1219,266">
<area shape="rect" id="node35" href="$tlm__fifo__resize_8h.html" title="tlm_1/tlm_req_rsp/tlm_channels/tlm_fifo/tlm_fifo_resize.h" alt="" coords="1243,238,1592,266">
<area shape="rect" id="node23" href="$tlm__core__ifs_8h.html" title="tlm_1/tlm_req_rsp/tlm_1_interfaces/tlm_core_ifs.h" alt="" coords="1611,315,1920,343">
<area shape="rect" id="node25" href="$tlm__tag_8h.html" title="tlm_1/tlm_req_rsp/tlm_1_interfaces/tlm_tag.h" alt="" coords="1624,393,1907,421">
